/home/frycat/work/AAA_Projects/projects_me/motorcore/Core/Src/stm32g4xx_it.c:85:6:NMI_Handler	8	static
/home/frycat/work/AAA_Projects/projects_me/motorcore/Core/Src/stm32g4xx_it.c:101:6:HardFault_Handler	0	static
/home/frycat/work/AAA_Projects/projects_me/motorcore/Core/Src/stm32g4xx_it.c:116:6:MemManage_Handler	0	static
/home/frycat/work/AAA_Projects/projects_me/motorcore/Core/Src/stm32g4xx_it.c:131:6:BusFault_Handler	0	static
/home/frycat/work/AAA_Projects/projects_me/motorcore/Core/Src/stm32g4xx_it.c:146:6:UsageFault_Handler	0	static
/home/frycat/work/AAA_Projects/projects_me/motorcore/Core/Src/stm32g4xx_it.c:161:6:SVC_Handler	0	static
/home/frycat/work/AAA_Projects/projects_me/motorcore/Core/Src/stm32g4xx_it.c:174:6:DebugMon_Handler	0	static
/home/frycat/work/AAA_Projects/projects_me/motorcore/Core/Src/stm32g4xx_it.c:187:6:PendSV_Handler	0	static
/home/frycat/work/AAA_Projects/projects_me/motorcore/Core/Src/stm32g4xx_it.c:200:6:SysTick_Handler	0	static
/home/frycat/work/AAA_Projects/projects_me/motorcore/Core/Src/stm32g4xx_it.c:221:6:ADC1_2_IRQHandler	8	static
/home/frycat/work/AAA_Projects/projects_me/motorcore/Core/Src/stm32g4xx_it.c:251:6:FDCAN1_IT0_IRQHandler	0	static
/home/frycat/work/AAA_Projects/projects_me/motorcore/Core/Src/stm32g4xx_it.c:265:6:TIM1_UP_TIM16_IRQHandler	0	static
/home/frycat/work/AAA_Projects/projects_me/motorcore/Core/Src/stm32g4xx_it.c:284:6:HAL_FDCAN_RxFifo0Callback	16	static
/home/frycat/work/AAA_Projects/projects_me/motorcore/Core/Src/stm32g4xx_it.c:326:6:HAL_TIM_PeriodElapsedCallback	16	static
