/home/frycat/work/AAA_Projects/projects_me/motorcore/cmake/stm32cubemx/../../Drivers/STM32G4xx_HAL_Driver/Inc/stm32g4xx_ll_adc.h:6306:22:LL_ADC_SetChannelSamplingTime	12	static
/home/frycat/work/AAA_Projects/projects_me/motorcore/cmake/stm32cubemx/../../Drivers/STM32G4xx_HAL_Driver/Inc/stm32g4xx_ll_adc.h:7731:26:LL_ADC_IsEnabled	0	static
/home/frycat/work/AAA_Projects/projects_me/motorcore/cmake/stm32cubemx/../../Drivers/STM32G4xx_HAL_Driver/Inc/stm32g4xx_ll_adc.h:7853:26:LL_ADC_REG_IsConversionOngoing	0	static
/home/frycat/work/AAA_Projects/projects_me/motorcore/cmake/stm32cubemx/../../Drivers/STM32G4xx_HAL_Driver/Inc/stm32g4xx_ll_adc.h:8079:26:LL_ADC_INJ_IsConversionOngoing	0	static
/home/frycat/work/AAA_Projects/projects_me/motorcore/Drivers/STM32G4xx_HAL_Driver/Src/stm32g4xx_hal_adc_ex.c:126:19:HAL_ADCEx_Calibration_Start	24	static
/home/frycat/work/AAA_Projects/projects_me/motorcore/Drivers/STM32G4xx_HAL_Driver/Src/stm32g4xx_hal_adc_ex.c:200:10:HAL_ADCEx_Calibration_GetValue	0	static
/home/frycat/work/AAA_Projects/projects_me/motorcore/Drivers/STM32G4xx_HAL_Driver/Src/stm32g4xx_hal_adc_ex.c:220:19:HAL_ADCEx_Calibration_SetValue	24	static
/home/frycat/work/AAA_Projects/projects_me/motorcore/Drivers/STM32G4xx_HAL_Driver/Src/stm32g4xx_hal_adc_ex.c:277:19:HAL_ADCEx_InjectedStart	16	static
/home/frycat/work/AAA_Projects/projects_me/motorcore/Drivers/STM32G4xx_HAL_Driver/Src/stm32g4xx_hal_adc_ex.c:426:19:HAL_ADCEx_InjectedStop	8	static
/home/frycat/work/AAA_Projects/projects_me/motorcore/Drivers/STM32G4xx_HAL_Driver/Src/stm32g4xx_hal_adc_ex.c:481:19:HAL_ADCEx_InjectedPollForConversion	24	static
/home/frycat/work/AAA_Projects/projects_me/motorcore/Drivers/STM32G4xx_HAL_Driver/Src/stm32g4xx_hal_adc_ex.c:622:19:HAL_ADCEx_InjectedStart_IT	16	static
/home/frycat/work/AAA_Projects/projects_me/motorcore/Drivers/STM32G4xx_HAL_Driver/Src/stm32g4xx_hal_adc_ex.c:795:19:HAL_ADCEx_InjectedStop_IT	8	static
/home/frycat/work/AAA_Projects/projects_me/motorcore/Drivers/STM32G4xx_HAL_Driver/Src/stm32g4xx_hal_adc_ex.c:862:19:HAL_ADCEx_MultiModeStart_DMA	136	static
/home/frycat/work/AAA_Projects/projects_me/motorcore/Drivers/STM32G4xx_HAL_Driver/Src/stm32g4xx_hal_adc_ex.c:981:19:HAL_ADCEx_MultiModeStop_DMA	128	static
/home/frycat/work/AAA_Projects/projects_me/motorcore/Drivers/STM32G4xx_HAL_Driver/Src/stm32g4xx_hal_adc_ex.c:1107:10:HAL_ADCEx_MultiModeGetValue	0	static
/home/frycat/work/AAA_Projects/projects_me/motorcore/Drivers/STM32G4xx_HAL_Driver/Src/stm32g4xx_hal_adc_ex.c:1154:10:HAL_ADCEx_InjectedGetValue	0	static
/home/frycat/work/AAA_Projects/projects_me/motorcore/Drivers/STM32G4xx_HAL_Driver/Src/stm32g4xx_hal_adc_ex.c:1189:13:HAL_ADCEx_InjectedConvCpltCallback	0	static
/home/frycat/work/AAA_Projects/projects_me/motorcore/Drivers/STM32G4xx_HAL_Driver/Src/stm32g4xx_hal_adc_ex.c:1208:13:HAL_ADCEx_InjectedQueueOverflowCallback	0	static
/home/frycat/work/AAA_Projects/projects_me/motorcore/Drivers/STM32G4xx_HAL_Driver/Src/stm32g4xx_hal_adc_ex.c:1223:13:HAL_ADCEx_LevelOutOfWindow2Callback	0	static
/home/frycat/work/AAA_Projects/projects_me/motorcore/Drivers/STM32G4xx_HAL_Driver/Src/stm32g4xx_hal_adc_ex.c:1238:13:HAL_ADCEx_LevelOutOfWindow3Callback	0	static
/home/frycat/work/AAA_Projects/projects_me/motorcore/Drivers/STM32G4xx_HAL_Driver/Src/stm32g4xx_hal_adc_ex.c:1254:13:HAL_ADCEx_EndOfSamplingCallback	0	static
/home/frycat/work/AAA_Projects/projects_me/motorcore/Drivers/STM32G4xx_HAL_Driver/Src/stm32g4xx_hal_adc_ex.c:1271:19:HAL_ADCEx_RegularStop	8	static
/home/frycat/work/AAA_Projects/projects_me/motorcore/Drivers/STM32G4xx_HAL_Driver/Src/stm32g4xx_hal_adc_ex.c:1329:19:HAL_ADCEx_RegularStop_IT	8	static
/home/frycat/work/AAA_Projects/projects_me/motorcore/Drivers/STM32G4xx_HAL_Driver/Src/stm32g4xx_hal_adc_ex.c:1389:19:HAL_ADCEx_RegularStop_DMA	16	static
/home/frycat/work/AAA_Projects/projects_me/motorcore/Drivers/STM32G4xx_HAL_Driver/Src/stm32g4xx_hal_adc_ex.c:1480:19:HAL_ADCEx_RegularMultiModeStop_DMA	128	static
/home/frycat/work/AAA_Projects/projects_me/motorcore/Drivers/STM32G4xx_HAL_Driver/Src/stm32g4xx_hal_adc_ex.c:1668:19:HAL_ADCEx_InjectedConfigChannel	32	static
/home/frycat/work/AAA_Projects/projects_me/motorcore/Drivers/STM32G4xx_HAL_Driver/Src/stm32g4xx_hal_adc_ex.c:2125:19:HAL_ADCEx_MultiModeConfigChannel	136	static
/home/frycat/work/AAA_Projects/projects_me/motorcore/Drivers/STM32G4xx_HAL_Driver/Src/stm32g4xx_hal_adc_ex.c:2242:19:HAL_ADCEx_EnableInjectedQueue	8	static
/home/frycat/work/AAA_Projects/projects_me/motorcore/Drivers/STM32G4xx_HAL_Driver/Src/stm32g4xx_hal_adc_ex.c:2283:19:HAL_ADCEx_DisableInjectedQueue	8	static
/home/frycat/work/AAA_Projects/projects_me/motorcore/Drivers/STM32G4xx_HAL_Driver/Src/stm32g4xx_hal_adc_ex.c:2320:19:HAL_ADCEx_DisableVoltageRegulator	8	static
/home/frycat/work/AAA_Projects/projects_me/motorcore/Drivers/STM32G4xx_HAL_Driver/Src/stm32g4xx_hal_adc_ex.c:2357:19:HAL_ADCEx_EnterADCDeepPowerDownMode	8	static
