<html>
<body>
<pre>
<h1>µVision Build Log</h1>
<h2>Tool Versions:</h2>
IDE-Version: ¦ÌVision V5.24.2.0
Copyright (C) 2017 ARM Ltd and ARM Germany GmbH. All rights reserved.
License Information: 1 User, 1, LIC=ATTQ1-CDXYY-56SQ2-9VIZP-QJ6CU-NP64D
 
Tool Versions:
Toolchain:       MDK-ARM Plus  Version: 5.24.1
Toolchain Path:  C:\Keil_v5\ARM\ARMCC\Bin
C Compiler:      Armcc.exe V5.06 update 5 (build 528)
Assembler:       Armasm.exe V5.06 update 5 (build 528)
Linker/Locator:  ArmLink.exe V5.06 update 5 (build 528)
Library Manager: ArmAr.exe V5.06 update 5 (build 528)
Hex Converter:   FromElf.exe V5.06 update 5 (build 528)
CPU DLL:         SARMCM3.DLL V5.24.1
Dialog DLL:      DCM.DLL V1.16.0.0
Target DLL:      Segger\JL2CM3.dll V2.99.26.0
Dialog DLL:      TCM.DLL V1.32.0.0
 
<h2>Project:</h2>
c:\Users\User\work\AAA_projects\X1\X1\x1\MDK-ARM\x1.uvprojx
Project File Date:  12/01/2025

<h2>Output:</h2>
*** Using Compiler 'V5.06 update 5 (build 528)', folder: 'C:\Keil_v5\ARM\ARMCC\Bin'
Build target 'x1'
assembling startup_stm32g474xx.s...
compiling stm32g4xx_ll_adc.c...
compiling stm32g4xx_hal_msp.c...
compiling spi.c...
compiling tim.c...
compiling gpio.c...
compiling stm32g4xx_it.c...
../others/can_motor_parse.h(62): warning:  #1-D: last line of file ends without a newline
  #endif // CAN_MOTOR_PARSE_H
../Core/Src/stm32g4xx_it.c(300): warning:  #1035-D: single-precision operand implicitly converted to double-precision
      output = (1/motor.MotorConfig.Kt)*6.0;
../Core/Src/stm32g4xx_it.c(282): warning:  #177-D: variable "Kp"  was declared but never referenced
    float Kp = 0.0f;
../Core/Src/stm32g4xx_it.c(283): warning:  #177-D: variable "Kd"  was declared but never referenced
    float Kd =  0.0f;
../Core/Src/stm32g4xx_it.c(284): warning:  #177-D: variable "target_Velocity"  was declared but never referenced
    float target_Velocity = 0.0f;
../Core/Src/stm32g4xx_it.c(285): warning:  #177-D: variable "target_Position"  was declared but never referenced
    float target_Position = 0.00f;
../Core/Src/stm32g4xx_it.c(286): warning:  #177-D: variable "forward_torque_flange"  was declared but never referenced
    float forward_torque_flange = 5.0f;
../Core/Src/stm32g4xx_it.c(287): warning:  #177-D: variable "forward_torque"  was declared but never referenced
    float forward_torque = 0.0f;
../Core/Src/stm32g4xx_it.c(288): warning:  #550-D: variable "Velocity_flange"  was set but never used
    static float Velocity_flange = 0;
../Core/Src/stm32g4xx_it.c: 9 warnings, 0 errors
compiling adc.c...
compiling fdcan.c...
compiling main.c...
../others/mt6835.h(134): warning:  #1295-D: Deprecated declaration mt6835_create - give arg types
  mt6835_t *mt6835_create();
../Core/Src/main.c(109): warning:  #223-D: function "DRV835X_Init" declared implicitly
    DRV835X_Init();                                   //ç”µé©±èŠ¯ç‰‡åˆå§‹åŒ?
../Core/Src/main.c: 2 warnings, 0 errors
compiling stm32g4xx_hal_adc_ex.c...
compiling stm32g4xx_hal_adc.c...
compiling stm32g4xx_hal.c...
compiling stm32g4xx_hal_flash.c...
compiling stm32g4xx_hal_exti.c...
compiling stm32g4xx_hal_flash_ramfunc.c...
compiling stm32g4xx_hal_gpio.c...
compiling stm32g4xx_hal_flash_ex.c...
compiling stm32g4xx_hal_rcc.c...
compiling stm32g4xx_hal_pwr.c...
compiling stm32g4xx_hal_rcc_ex.c...
compiling stm32g4xx_hal_dma_ex.c...
compiling stm32g4xx_hal_dma.c...
compiling stm32g4xx_hal_pwr_ex.c...
compiling mt6835.c...
..\others\mt6835.h(134): warning:  #1295-D: Deprecated declaration mt6835_create - give arg types
  mt6835_t *mt6835_create();
..\others\mt6835.c(64): warning:  #188-D: enumerated type mixed with another type
      mt6835->crc_check = 
rue;
..\others\mt6835.c(73): warning:  #188-D: enumerated type mixed with another type
      mt6835->crc_check = 
alse;
..\others\mt6835.c(134): warning:  #188-D: enumerated type mixed with another type
      mt6835->crc_check = 
alse;
..\others\mt6835.c(300): warning:  #188-D: enumerated type mixed with another type
      mt6835->state = rx_buf[2] & 0x07;
..\others\mt6835.c(422): warning:  #188-D: enumerated type mixed with another type
      mt6835->data_frame.reg = 0;
..\others\mt6835.c: 6 warnings, 0 errors
compiling stm32g4xx_hal_fdcan.c...
compiling stm32g4xx_hal_cortex.c...
compiling system_stm32g4xx.c...
compiling stm32g4xx_hal_spi_ex.c...
compiling mt6835_stm32_spi_port.c...
..\others\mt6835.h(134): warning:  #1295-D: Deprecated declaration mt6835_create - give arg types
  mt6835_t *mt6835_create();
..\others\mt6835_stm32_spi_port.c(86): warning:  #1-D: last line of file ends without a newline
  }
..\others\mt6835_stm32_spi_port.c: 2 warnings, 0 errors
compiling foc_drv.c...
../others/mt6835.h(134): warning:  #1295-D: Deprecated declaration mt6835_create - give arg types
  mt6835_t *mt6835_create();
..\FOC\foc_drv.c: 1 warning, 0 errors
compiling foc_alg.c...
..\FOC\foc_alg.c(183): warning:  #1035-D: single-precision operand implicitly converted to double-precision
      Iclark[0] = (2*IA - IB - IC)/3.0;  // IÎ±
..\FOC\foc_alg.c(973): warning:  #940-D: missing return statement at end of non-void function "update_Ioffset_nonblock" 
  }
..\FOC\foc_alg.c(1023): warning:  #550-D: variable "angle_start"  was set but never used
      static float angle_start = 0;
..\FOC\foc_alg.c(1024): warning:  #550-D: variable "angle_end"  was set but never used
      static float angle_end = 0;
..\FOC\foc_alg.c(1099): warning:  #550-D: variable "angle_openloop"  was set but never used
      static float angle_openloop = 0;
..\FOC\foc_alg.c(1246): warning:  #186-D: pointless comparison of unsigned integer with zero
          if(i>=sample_total|| i<0)
..\FOC\foc_alg.c(1263): warning:  #186-D: pointless comparison of unsigned integer with zero
          if(i>=sample_total || i<0)
..\FOC\foc_alg.c(1342): warning:  #186-D: pointless comparison of unsigned integer with zero
              if(i<0 || !angle_now)
..\FOC\foc_alg.c(1286): warning:  #177-D: variable "flag"  was declared but never referenced
      static float flag = 1 ;
..\FOC\foc_alg.c(1709): warning:  #520-D: initialization with "{...}" expected for aggregate object
          static float iqid[2] = 
ULL ;
..\FOC\foc_alg.c(1710): warning:  #550-D: variable "iq"  was set but never used
          static float iq = 0;
..\FOC\foc_alg.c(1711): warning:  #550-D: variable "id"  was set but never used
          static float id = 0;
..\FOC\foc_alg.c: 12 warnings, 0 errors
compiling stm32g4xx_hal_tim_ex.c...
compiling stm32g4xx_hal_spi.c...
compiling SEGGER_RTT.c...
compiling SEGGER_RTT_printf.c...
compiling can_motor_parse.c...
..\others\can_motor_parse.h(62): warning:  #1-D: last line of file ends without a newline
  #endif // CAN_MOTOR_PARSE_H
..\others\can_motor_parse.c(90): warning:  #1-D: last line of file ends without a newline
  }
..\others\can_motor_parse.c: 2 warnings, 0 errors
compiling drv_DRV835X.c...
..\others\drv_DRV835X_reg.h(204): warning:  #1-D: last line of file ends without a newline
  #endif  /* __DRV_DRV835X_REG_H */
..\others\drv_DRV835X.h(345): warning:  #1-D: last line of file ends without a newline
  #endif  /* DRV835X_H */
..\others\drv_DRV835X.c(267): warning:  #1-D: last line of file ends without a newline
  /* End of this file */
..\others\drv_DRV835X.c: 3 warnings, 0 errors
compiling stm32g4xx_hal_tim.c...
linking...
Program Size: Code=31382 RO-data=882 RW-data=608 ZI-data=69616  
FromELF: creating hex file...
"x1\x1.axf" - 0 Error(s), 37 Warning(s).

<h2>Software Packages used:</h2>

Package Vendor: ARM
                http://www.keil.com/pack/ARM.CMSIS.5.0.1.pack
                ARM.CMSIS.5.0.1
                CMSIS (Cortex Microcontroller Software Interface Standard)
   * Component: CORE Version: 5.0.1

<h2>Collection of Component include folders:</h2>
  .\RTE\_x1
  C:\Keil_v5\ARM\PACK\ARM\CMSIS\5.0.1\CMSIS\Include

<h2>Collection of Component Files used:</h2>

   * Component: ARM::CMSIS:CORE:5.0.1
Build Time Elapsed:  00:00:05
</pre>
</body>
</html>
