Component: ARM Compiler 5.06 update 5 (build 528) Tool: armlink [4d35e2]

==============================================================================

Section Cross References

    startup_stm32g474xx.o(STACK) refers (Special) to heapauxi.o(.text) for __use_two_region_memory
    startup_stm32g474xx.o(HEAP) refers (Special) to heapauxi.o(.text) for __use_two_region_memory
    startup_stm32g474xx.o(RESET) refers (Special) to heapauxi.o(.text) for __use_two_region_memory
    startup_stm32g474xx.o(RESET) refers to startup_stm32g474xx.o(STACK) for __initial_sp
    startup_stm32g474xx.o(RESET) refers to startup_stm32g474xx.o(.text) for Reset_Handler
    startup_stm32g474xx.o(RESET) refers to stm32g4xx_it.o(i.NMI_Handler) for NMI_Handler
    startup_stm32g474xx.o(RESET) refers to stm32g4xx_it.o(i.HardFault_Handler) for HardFault_Handler
    startup_stm32g474xx.o(RESET) refers to stm32g4xx_it.o(i.MemManage_Handler) for MemManage_Handler
    startup_stm32g474xx.o(RESET) refers to stm32g4xx_it.o(i.BusFault_Handler) for BusFault_Handler
    startup_stm32g474xx.o(RESET) refers to stm32g4xx_it.o(i.UsageFault_Handler) for UsageFault_Handler
    startup_stm32g474xx.o(RESET) refers to stm32g4xx_it.o(i.SVC_Handler) for SVC_Handler
    startup_stm32g474xx.o(RESET) refers to stm32g4xx_it.o(i.DebugMon_Handler) for DebugMon_Handler
    startup_stm32g474xx.o(RESET) refers to stm32g4xx_it.o(i.PendSV_Handler) for PendSV_Handler
    startup_stm32g474xx.o(RESET) refers to stm32g4xx_it.o(i.SysTick_Handler) for SysTick_Handler
    startup_stm32g474xx.o(RESET) refers to stm32g4xx_it.o(i.ADC1_2_IRQHandler) for ADC1_2_IRQHandler
    startup_stm32g474xx.o(RESET) refers to stm32g4xx_it.o(i.FDCAN1_IT0_IRQHandler) for FDCAN1_IT0_IRQHandler
    startup_stm32g474xx.o(RESET) refers to stm32g4xx_it.o(i.TIM1_UP_TIM16_IRQHandler) for TIM1_UP_TIM16_IRQHandler
    startup_stm32g474xx.o(.text) refers (Special) to heapauxi.o(.text) for __use_two_region_memory
    startup_stm32g474xx.o(.text) refers to system_stm32g4xx.o(i.SystemInit) for SystemInit
    startup_stm32g474xx.o(.text) refers to __main.o(!!!main) for __main
    startup_stm32g474xx.o(.text) refers to startup_stm32g474xx.o(HEAP) for Heap_Mem
    startup_stm32g474xx.o(.text) refers to startup_stm32g474xx.o(STACK) for Stack_Mem
    main.o(i.SystemClock_Config) refers to rt_memclr_w.o(.text) for __aeabi_memclr4
    main.o(i.SystemClock_Config) refers to stm32g4xx_hal_pwr_ex.o(i.HAL_PWREx_ControlVoltageScaling) for HAL_PWREx_ControlVoltageScaling
    main.o(i.SystemClock_Config) refers to stm32g4xx_hal_rcc.o(i.HAL_RCC_OscConfig) for HAL_RCC_OscConfig
    main.o(i.SystemClock_Config) refers to stm32g4xx_hal_rcc.o(i.HAL_RCC_ClockConfig) for HAL_RCC_ClockConfig
    main.o(i.main) refers to stm32g4xx_hal.o(i.HAL_Init) for HAL_Init
    main.o(i.main) refers to main.o(i.SystemClock_Config) for SystemClock_Config
    main.o(i.main) refers to gpio.o(i.MX_GPIO_Init) for MX_GPIO_Init
    main.o(i.main) refers to spi.o(i.MX_SPI1_Init) for MX_SPI1_Init
    main.o(i.main) refers to spi.o(i.MX_SPI2_Init) for MX_SPI2_Init
    main.o(i.main) refers to tim.o(i.MX_TIM1_Init) for MX_TIM1_Init
    main.o(i.main) refers to tim.o(i.MX_TIM3_Init) for MX_TIM3_Init
    main.o(i.main) refers to adc.o(i.MX_ADC1_Init) for MX_ADC1_Init
    main.o(i.main) refers to fdcan.o(i.MX_FDCAN1_Init) for MX_FDCAN1_Init
    main.o(i.main) refers to foc_drv.o(i.foc_init) for foc_init
    main.o(i.main) refers to segger_rtt.o(i.SEGGER_RTT_Init) for SEGGER_RTT_Init
    main.o(i.main) refers to segger_rtt.o(i.SEGGER_RTT_SetTerminal) for SEGGER_RTT_SetTerminal
    main.o(i.main) refers to mt6835_stm32_spi_port.o(i.mt6835_stm32_spi_port_init) for mt6835_stm32_spi_port_init
    main.o(i.main) refers to drv_drv835x.o(i.DRV835X_Init) for DRV835X_Init
    main.o(i.main) refers to stm32g4xx_hal.o(i.HAL_Delay) for HAL_Delay
    main.o(i.main) refers to main.o(.bss) for .bss
    main.o(i.main) refers to main.o(.data) for .data
    main.o(i.main) refers to adc.o(.bss) for hadc1
    main.o(i.main) refers to tim.o(.bss) for htim1
    gpio.o(i.MX_GPIO_Init) refers to rt_memclr_w.o(.text) for __aeabi_memclr4
    gpio.o(i.MX_GPIO_Init) refers to stm32g4xx_hal_gpio.o(i.HAL_GPIO_WritePin) for HAL_GPIO_WritePin
    gpio.o(i.MX_GPIO_Init) refers to stm32g4xx_hal_gpio.o(i.HAL_GPIO_Init) for HAL_GPIO_Init
    adc.o(i.HAL_ADC_MspDeInit) refers to stm32g4xx_hal_gpio.o(i.HAL_GPIO_DeInit) for HAL_GPIO_DeInit
    adc.o(i.HAL_ADC_MspDeInit) refers to stm32g4xx_hal_cortex.o(i.HAL_NVIC_DisableIRQ) for HAL_NVIC_DisableIRQ
    adc.o(i.HAL_ADC_MspInit) refers to rt_memclr_w.o(.text) for __aeabi_memclr4
    adc.o(i.HAL_ADC_MspInit) refers to stm32g4xx_hal_rcc_ex.o(i.HAL_RCCEx_PeriphCLKConfig) for HAL_RCCEx_PeriphCLKConfig
    adc.o(i.HAL_ADC_MspInit) refers to main.o(i.Error_Handler) for Error_Handler
    adc.o(i.HAL_ADC_MspInit) refers to stm32g4xx_hal_gpio.o(i.HAL_GPIO_Init) for HAL_GPIO_Init
[...]
    __rt_lib_shutdown_cpp_1                  0x0800027f   Thumb Code     0  libshutdown2.o(.ARM.Collect$$libshutdown$$00000002)
    __rt_lib_shutdown_fp_trap_1              0x0800027f   Thumb Code     0  libshutdown2.o(.ARM.Collect$$libshutdown$$00000007)
    __rt_lib_shutdown_heap_1                 0x0800027f   Thumb Code     0  libshutdown2.o(.ARM.Collect$$libshutdown$$0000000F)
    __rt_lib_shutdown_return                 0x0800027f   Thumb Code     0  libshutdown2.o(.ARM.Collect$$libshutdown$$00000010)
    __rt_lib_shutdown_signal_1               0x0800027f   Thumb Code     0  libshutdown2.o(.ARM.Collect$$libshutdown$$0000000A)
    __rt_lib_shutdown_stdio_1                0x0800027f   Thumb Code     0  libshutdown2.o(.ARM.Collect$$libshutdown$$00000004)
    __rt_lib_shutdown_user_alloc_1           0x0800027f   Thumb Code     0  libshutdown2.o(.ARM.Collect$$libshutdown$$0000000C)
    __rt_entry                               0x08000281   Thumb Code     0  __rtentry.o(.ARM.Collect$$rtentry$$00000000)
    __rt_entry_presh_1                       0x08000281   Thumb Code     0  __rtentry2.o(.ARM.Collect$$rtentry$$00000002)
    __rt_entry_sh                            0x08000281   Thumb Code     0  __rtentry4.o(.ARM.Collect$$rtentry$$00000004)
    __rt_entry_li                            0x08000287   Thumb Code     0  __rtentry2.o(.ARM.Collect$$rtentry$$0000000A)
    __rt_entry_postsh_1                      0x08000287   Thumb Code     0  __rtentry2.o(.ARM.Collect$$rtentry$$00000009)
    __rt_entry_main                          0x0800028b   Thumb Code     0  __rtentry2.o(.ARM.Collect$$rtentry$$0000000D)
    __rt_entry_postli_1                      0x0800028b   Thumb Code     0  __rtentry2.o(.ARM.Collect$$rtentry$$0000000C)
    __rt_exit                                0x08000293   Thumb Code     0  rtexit.o(.ARM.Collect$$rtexit$$00000000)
    __rt_exit_ls                             0x08000295   Thumb Code     0  rtexit2.o(.ARM.Collect$$rtexit$$00000003)
    __rt_exit_prels_1                        0x08000295   Thumb Code     0  rtexit2.o(.ARM.Collect$$rtexit$$00000002)
    __rt_exit_exit                           0x08000299   Thumb Code     0  rtexit2.o(.ARM.Collect$$rtexit$$00000004)
    Reset_Handler                            0x080002a1   Thumb Code     8  startup_stm32g474xx.o(.text)
    _maybe_terminate_alloc                   0x080002a1   Thumb Code     0  maybetermalloc1.o(.emb_text)
    ADC3_IRQHandler                          0x080002bb   Thumb Code     0  startup_stm32g474xx.o(.text)
    ADC4_IRQHandler                          0x080002bb   Thumb Code     0  startup_stm32g474xx.o(.text)
    ADC5_IRQHandler                          0x080002bb   Thumb Code     0  startup_stm32g474xx.o(.text)
    COMP1_2_3_IRQHandler                     0x080002bb   Thumb Code     0  startup_stm32g474xx.o(.text)
    COMP4_5_6_IRQHandler                     0x080002bb   Thumb Code     0  startup_stm32g474xx.o(.text)
    COMP7_IRQHandler                         0x080002bb   Thumb Code     0  startup_stm32g474xx.o(.text)
    CORDIC_IRQHandler                        0x080002bb   Thumb Code     0  startup_stm32g474xx.o(.text)
    CRS_IRQHandler                           0x080002bb   Thumb Code     0  startup_stm32g474xx.o(.text)
    DMA1_Channel1_IRQHandler                 0x080002bb   Thumb Code     0  startup_stm32g474xx.o(.text)
    DMA1_Channel2_IRQHandler                 0x080002bb   Thumb Code     0  startup_stm32g474xx.o(.text)
    DMA1_Channel3_IRQHandler                 0x080002bb   Thumb Code     0  startup_stm32g474xx.o(.text)
    DMA1_Channel4_IRQHandler                 0x080002bb   Thumb Code     0  startup_stm32g474xx.o(.text)
    DMA1_Channel5_IRQHandler                 0x080002bb   Thumb Code     0  startup_stm32g474xx.o(.text)
    DMA1_Channel6_IRQHandler                 0x080002bb   Thumb Code     0  startup_stm32g474xx.o(.text)
    DMA1_Channel7_IRQHandler                 0x080002bb   Thumb Code     0  startup_stm32g474xx.o(.text)
    DMA1_Channel8_IRQHandler                 0x080002bb   Thumb Code     0  startup_stm32g474xx.o(.text)
    DMA2_Channel1_IRQHandler                 0x080002bb   Thumb Code     0  startup_stm32g474xx.o(.text)
    DMA2_Channel2_IRQHandler                 0x080002bb   Thumb Code     0  startup_stm32g474xx.o(.text)
    DMA2_Channel3_IRQHandler                 0x080002bb   Thumb Code     0  startup_stm32g474xx.o(.text)
    DMA2_Channel4_IRQHandler                 0x080002bb   Thumb Code     0  startup_stm32g474xx.o(.text)
    DMA2_Channel5_IRQHandler                 0x080002bb   Thumb Code     0  startup_stm32g474xx.o(.text)
    DMA2_Channel6_IRQHandler                 0x080002bb   Thumb Code     0  startup_stm32g474xx.o(.text)
    DMA2_Channel7_IRQHandler                 0x080002bb   Thumb Code     0  startup_stm32g474xx.o(.text)
    DMA2_Channel8_IRQHandler                 0x080002bb   Thumb Code     0  startup_stm32g474xx.o(.text)
    DMAMUX_OVR_IRQHandler                    0x080002bb   Thumb Code     0  startup_stm32g474xx.o(.text)
    EXTI0_IRQHandler                         0x080002bb   Thumb Code     0  startup_stm32g474xx.o(.text)
    EXTI15_10_IRQHandler                     0x080002bb   Thumb Code     0  startup_stm32g474xx.o(.text)
    EXTI1_IRQHandler                         0x080002bb   Thumb Code     0  startup_stm32g474xx.o(.text)
    EXTI2_IRQHandler                         0x080002bb   Thumb Code     0  startup_stm32g474xx.o(.text)
    EXTI3_IRQHandler                         0x080002bb   Thumb Code     0  startup_stm32g474xx.o(.text)
    EXTI4_IRQHandler                         0x080002bb   Thumb Code     0  startup_stm32g474xx.o(.text)
    EXTI9_5_IRQHandler                       0x080002bb   Thumb Code     0  startup_stm32g474xx.o(.text)
    FDCAN1_IT1_IRQHandler                    0x080002bb   Thumb Code     0  startup_stm32g474xx.o(.text)
    FDCAN2_IT0_IRQHandler                    0x080002bb   Thumb Code     0  startup_stm32g474xx.o(.text)
    FDCAN2_IT1_IRQHandler                    0x080002bb   Thumb Code     0  startup_stm32g474xx.o(.text)
    FDCAN3_IT0_IRQHandler                    0x080002bb   Thumb Code     0  startup_stm32g474xx.o(.text)
    FDCAN3_IT1_IRQHandler                    0x080002bb   Thumb Code     0  startup_stm32g474xx.o(.text)
    FLASH_IRQHandler                         0x080002bb   Thumb Code     0  startup_stm32g474xx.o(.text)
    FMAC_IRQHandler                          0x080002bb   Thumb Code     0  startup_stm32g474xx.o(.text)
    FMC_IRQHandler                           0x080002bb   Thumb Code     0  startup_stm32g474xx.o(.text)
    FPU_IRQHandler                           0x080002bb   Thumb Code     0  startup_stm32g474xx.o(.text)
    HRTIM1_FLT_IRQHandler                    0x080002bb   Thumb Code     0  startup_stm32g474xx.o(.text)
    HRTIM1_Master_IRQHandler                 0x080002bb   Thumb Code     0  startup_stm32g474xx.o(.text)
    HRTIM1_TIMA_IRQHandler                   0x080002bb   Thumb Code     0  startup_stm32g474xx.o(.text)
    HRTIM1_TIMB_IRQHandler                   0x080002bb   Thumb Code     0  startup_stm32g474xx.o(.text)
    HRTIM1_TIMC_IRQHandler                   0x080002bb   Thumb Code     0  startup_stm32g474xx.o(.text)
    HRTIM1_TIMD_IRQHandler                   0x080002bb   Thumb Code     0  startup_stm32g474xx.o(.text)
    HRTIM1_TIME_IRQHandler                   0x080002bb   Thumb Code     0  startup_stm32g474xx.o(.text)
    HRTIM1_TIMF_IRQHandler                   0x080002bb   Thumb Code     0  startup_stm32g474xx.o(.text)
    I2C1_ER_IRQHandler                       0x080002bb   Thumb Code     0  startup_stm32g474xx.o(.text)
    I2C1_EV_IRQHandler                       0x080002bb   Thumb Code     0  startup_stm32g474xx.o(.text)
    I2C2_ER_IRQHandler                       0x080002bb   Thumb Code     0  startup_stm32g474xx.o(.text)
    I2C2_EV_IRQHandler                       0x080002bb   Thumb Code     0  startup_stm32g474xx.o(.text)
    I2C3_ER_IRQHandler                       0x080002bb   Thumb Code     0  startup_stm32g474xx.o(.text)
    I2C3_EV_IRQHandler                       0x080002bb   Thumb Code     0  startup_stm32g474xx.o(.text)
    I2C4_ER_IRQHandler                       0x080002bb   Thumb Code     0  startup_stm32g474xx.o(.text)
    I2C4_EV_IRQHandler                       0x080002bb   Thumb Code     0  startup_stm32g474xx.o(.text)
    LPTIM1_IRQHandler                        0x080002bb   Thumb Code     0  startup_stm32g474xx.o(.text)
    LPUART1_IRQHandler                       0x080002bb   Thumb Code     0  startup_stm32g474xx.o(.text)
    PVD_PVM_IRQHandler                       0x080002bb   Thumb Code     0  startup_stm32g474xx.o(.text)
    QUADSPI_IRQHandler                       0x080002bb   Thumb Code     0  startup_stm32g474xx.o(.text)
    RCC_IRQHandler                           0x080002bb   Thumb Code     0  startup_stm32g474xx.o(.text)
    RNG_IRQHandler                           0x080002bb   Thumb Code     0  startup_stm32g474xx.o(.text)
    RTC_Alarm_IRQHandler                     0x080002bb   Thumb Code     0  startup_stm32g474xx.o(.text)
    RTC_TAMP_LSECSS_IRQHandler               0x080002bb   Thumb Code     0  startup_stm32g474xx.o(.text)
    RTC_WKUP_IRQHandler                      0x080002bb   Thumb Code     0  startup_stm32g474xx.o(.text)
    SAI1_IRQHandler                          0x080002bb   Thumb Code     0  startup_stm32g474xx.o(.text)
    SPI1_IRQHandler                          0x080002bb   Thumb Code     0  startup_stm32g474xx.o(.text)
    SPI2_IRQHandler                          0x080002bb   Thumb Code     0  startup_stm32g474xx.o(.text)
    SPI3_IRQHandler                          0x080002bb   Thumb Code     0  startup_stm32g474xx.o(.text)
    SPI4_IRQHandler                          0x080002bb   Thumb Code     0  startup_stm32g474xx.o(.text)
    TIM1_BRK_TIM15_IRQHandler                0x080002bb   Thumb Code     0  startup_stm32g474xx.o(.text)
    TIM1_CC_IRQHandler                       0x080002bb   Thumb Code     0  startup_stm32g474xx.o(.text)
    TIM1_TRG_COM_TIM17_IRQHandler            0x080002bb   Thumb Code     0  startup_stm32g474xx.o(.text)
    TIM20_BRK_IRQHandler                     0x080002bb   Thumb Code     0  startup_stm32g474xx.o(.text)
    TIM20_CC_IRQHandler                      0x080002bb   Thumb Code     0  startup_stm32g474xx.o(.text)
    TIM20_TRG_COM_IRQHandler                 0x080002bb   Thumb Code     0  startup_stm32g474xx.o(.text)
    TIM20_UP_IRQHandler                      0x080002bb   Thumb Code     0  startup_stm32g474xx.o(.text)
    TIM2_IRQHandler                          0x080002bb   Thumb Code     0  startup_stm32g474xx.o(.text)
    TIM3_IRQHandler                          0x080002bb   Thumb Code     0  startup_stm32g474xx.o(.text)
    TIM4_IRQHandler                          0x080002bb   Thumb Code     0  startup_stm32g474xx.o(.text)
    TIM5_IRQHandler                          0x080002bb   Thumb Code     0  startup_stm32g474xx.o(.text)
    TIM6_DAC_IRQHandler                      0x080002bb   Thumb Code     0  startup_stm32g474xx.o(.text)
    TIM7_DAC_IRQHandler                      0x080002bb   Thumb Code     0  startup_stm32g474xx.o(.text)
    TIM8_BRK_IRQHandler                      0x080002bb   Thumb Code     0  startup_stm32g474xx.o(.text)
    TIM8_CC_IRQHandler                       0x080002bb   Thumb Code     0  startup_stm32g474xx.o(.text)
    TIM8_TRG_COM_IRQHandler                  0x080002bb   Thumb Code     0  startup_stm32g474xx.o(.text)
    TIM8_UP_IRQHandler                       0x080002bb   Thumb Code     0  startup_stm32g474xx.o(.text)
    UART4_IRQHandler                         0x080002bb   Thumb Code     0  startup_stm32g474xx.o(.text)
    UART5_IRQHandler                         0x080002bb   Thumb Code     0  startup_stm32g474xx.o(.text)
    UCPD1_IRQHandler                         0x080002bb   Thumb Code     0  startup_stm32g474xx.o(.text)
    USART1_IRQHandler                        0x080002bb   Thumb Code     0  startup_stm32g474xx.o(.text)
    USART2_IRQHandler                        0x080002bb   Thumb Code     0  startup_stm32g474xx.o(.text)
    USART3_IRQHandler                        0x080002bb   Thumb Code     0  startup_stm32g474xx.o(.text)
    USBWakeUp_IRQHandler                     0x080002bb   Thumb Code     0  startup_stm32g474xx.o(.text)
    USB_HP_IRQHandler                        0x080002bb   Thumb Code     0  startup_stm32g474xx.o(.text)
    USB_LP_IRQHandler                        0x080002bb   Thumb Code     0  startup_stm32g474xx.o(.text)
    WWDG_IRQHandler                          0x080002bb   Thumb Code     0  startup_stm32g474xx.o(.text)
    __user_initial_stackheap                 0x080002bd   Thumb Code     0  startup_stm32g474xx.o(.text)
    malloc                                   0x080002e1   Thumb Code    94  h1_alloc.o(.text)
    free                                     0x0800033f   Thumb Code    78  h1_free.o(.text)
    __aeabi_memcpy                           0x0800038d   Thumb Code     0  rt_memcpy_v6.o(.text)
    __rt_memcpy                              0x0800038d   Thumb Code   138  rt_memcpy_v6.o(.text)
    _memcpy_lastbytes                        0x080003f3   Thumb Code     0  rt_memcpy_v6.o(.text)
    __aeabi_memmove                          0x08000417   Thumb Code     0  rt_memmove_v6.o(.text)
    __rt_memmove                             0x08000417   Thumb Code   132  rt_memmove_v6.o(.text)
    __memmove_lastfew                        0x08000477   Thumb Code     0  rt_memmove_v6.o(.text)
    __aeabi_memclr4                          0x0800049b   Thumb Code     0  rt_memclr_w.o(.text)
    __aeabi_memclr8                          0x0800049b   Thumb Code     0  rt_memclr_w.o(.text)
    __rt_memclr_w                            0x0800049b   Thumb Code    78  rt_memclr_w.o(.text)
    _memset_w                                0x0800049f   Thumb Code     0  rt_memclr_w.o(.text)
    __use_two_region_memory                  0x080004e9   Thumb Code     2  heapauxi.o(.text)
    __rt_heap_escrow                         0x080004eb   Thumb Code     2  heapauxi.o(.text)
    __rt_heap_expand                         0x080004ed   Thumb Code     2  heapauxi.o(.text)
    __rt_heap_descriptor                     0x080004f1   Thumb Code     8  rt_heap_descriptor_intlibspace.o(.text)
    __use_no_heap                            0x080004f9   Thumb Code     2  hguard.o(.text)
    __heap$guard                             0x080004fb   Thumb Code     2  hguard.o(.text)
    _terminate_user_alloc                    0x080004fd   Thumb Code     2  init_alloc.o(.text)
    _init_user_alloc                         0x080004ff   Thumb Code     2  init_alloc.o(.text)
    __Heap_Full                              0x08000501   Thumb Code    34  init_alloc.o(.text)
    __Heap_Broken                            0x08000523   Thumb Code     6  init_alloc.o(.text)
    _init_alloc                              0x08000529   Thumb Code    94  init_alloc.o(.text)
    __Heap_Initialize                        0x08000587   Thumb Code    10  h1_init.o(.text)
    __Heap_DescSize                          0x08000591   Thumb Code     4  h1_init.o(.text)
    __read_errno                             0x08000595   Thumb Code    10  _rserrno.o(.text)
    __set_errno                              0x0800059f   Thumb Code    12  _rserrno.o(.text)
    __aeabi_memcpy4                          0x080005ab   Thumb Code     0  rt_memcpy_w.o(.text)
    __aeabi_memcpy8                          0x080005ab   Thumb Code     0  rt_memcpy_w.o(.text)
    __rt_memcpy_w                            0x080005ab   Thumb Code   100  rt_memcpy_w.o(.text)
    _memcpy_lastbytes_aligned                0x080005f3   Thumb Code     0  rt_memcpy_w.o(.text)
    __aeabi_memmove4                         0x0800060f   Thumb Code     0  rt_memmove_w.o(.text)
    __aeabi_memmove8                         0x0800060f   Thumb Code     0  rt_memmove_w.o(.text)
    __rt_memmove_w                           0x0800060f   Thumb Code   122  rt_memmove_w.o(.text)
    __memmove_aligned                        0x08000635   Thumb Code     0  rt_memmove_w.o(.text)
    __memmove_lastfew_aligned                0x0800066d   Thumb Code     0  rt_memmove_w.o(.text)
    __user_libspace                          0x08000689   Thumb Code     8  libspace.o(.text)
    __user_perproc_libspace                  0x08000689   Thumb Code     0  libspace.o(.text)
    __user_perthread_libspace                0x08000689   Thumb Code     0  libspace.o(.text)
    __aeabi_errno_addr                       0x08000691   Thumb Code     8  rt_errno_addr_intlibspace.o(.text)
    __errno$intlibspace                      0x08000691   Thumb Code     0  rt_errno_addr_intlibspace.o(.text)
    __rt_errno_addr$intlibspace              0x08000691   Thumb Code     0  rt_errno_addr_intlibspace.o(.text)
    __Heap_ProvideMemory                     0x08000699   Thumb Code    52  h1_extend.o(.text)
    __rt_SIGRTMEM                            0x080006cd   Thumb Code    14  defsig_rtmem_outer.o(.text)
    __I$use$semihosting                      0x080006db   Thumb Code     0  use_no_semi.o(.text)
    __use_no_semihosting_swi                 0x080006db   Thumb Code     2  use_no_semi.o(.text)
    __semihosting_library_function           0x080006dd   Thumb Code     0  indicate_semi.o(.text)
    __user_setup_stackheap                   0x080006dd   Thumb Code    74  sys_stackheap_outer.o(.text)
    exit                                     0x08000727   Thumb Code    18  exit.o(.text)
    __sig_exit                               0x08000739   Thumb Code    10  defsig_exit.o(.text)
    __rt_SIGRTMEM_inner                      0x08000745   Thumb Code    22  defsig_rtmem_inner.o(.text)
    _sys_exit                                0x08000795   Thumb Code     8  sys_exit.o(.text)
    __default_signal_display                 0x080007a1   Thumb Code    50  defsig_general.o(.text)
    _ttywrch                                 0x080007d3   Thumb Code    14  sys_wrch.o(.text)
    ADC1_2_IRQHandler                        0x080007e1   Thumb Code    98  stm32g4xx_it.o(i.ADC1_2_IRQHandler)
    ADC_Enable                               0x08000851   Thumb Code   172  stm32g4xx_hal_adc.o(i.ADC_Enable)
    BusFault_Handler                         0x08000915   Thumb Code     2  stm32g4xx_it.o(i.BusFault_Handler)
    Calculate_Clark                          0x08000919   Thumb Code    86  foc_alg.o(i.Calculate_Clark)
    Calculate_LPF                            0x0800097d   Thumb Code    18  foc_alg.o(i.Calculate_LPF)
    Calculate_PID                            0x0800098f   Thumb Code   116  foc_alg.o(i.Calculate_PID)
    Calculate_PID_IS                         0x08000a03   Thumb Code   140  foc_alg.o(i.Calculate_PID_IS)
    Calculate_Park                           0x08000a91   Thumb Code   236  foc_alg.o(i.Calculate_Park)
    Calculate_Park_N                         0x08000b81   Thumb Code   224  foc_alg.o(i.Calculate_Park_N)
    Calculate_Sector                         0x08000c65   Thumb Code   228  foc_alg.o(i.Calculate_Sector)
    Calculate_angle_el                       0x08000d4d   Thumb Code    12  foc_alg.o(i.Calculate_angle_el)
    Calculate_angle_flange                   0x08000d59   Thumb Code    20  foc_alg.o(i.Calculate_angle_flange)
    Calculate_velocity_raw                   0x08000d6d   Thumb Code    92  foc_alg.o(i.Calculate_velocity_raw)
    DRV835X_Init                             0x08000dd5   Thumb Code   102  drv_drv835x.o(i.DRV835X_Init)
    DRV835X_updateCfgPara                    0x08000ead   Thumb Code   252  drv_drv835x.o(i.DRV835X_updateCfgPara)
    DebugMon_Handler                         0x08000fed   Thumb Code     2  stm32g4xx_it.o(i.DebugMon_Handler)
    Error_Handler                            0x08000fef   Thumb Code     4  main.o(i.Error_Handler)
    FDCAN1_IT0_IRQHandler                    0x08000ff5   Thumb Code    48  stm32g4xx_it.o(i.FDCAN1_IT0_IRQHandler)
    HAL_ADCEx_EndOfSamplingCallback          0x0800102d   Thumb Code     2  stm32g4xx_hal_adc_ex.o(i.HAL_ADCEx_EndOfSamplingCallback)
    HAL_ADCEx_InjectedConfigChannel          0x08001031   Thumb Code  1324  stm32g4xx_hal_adc_ex.o(i.HAL_ADCEx_InjectedConfigChannel)
    HAL_ADCEx_InjectedConvCpltCallback       0x08001591   Thumb Code     2  stm32g4xx_hal_adc_ex.o(i.HAL_ADCEx_InjectedConvCpltCallback)
    HAL_ADCEx_InjectedGetValue               0x08001593   Thumb Code    46  stm32g4xx_hal_adc_ex.o(i.HAL_ADCEx_InjectedGetValue)
    HAL_ADCEx_InjectedQueueOverflowCallback  0x080015c1   Thumb Code     2  stm32g4xx_hal_adc_ex.o(i.HAL_ADCEx_InjectedQueueOverflowCallback)
    HAL_ADCEx_InjectedStart                  0x080015c5   Thumb Code   262  stm32g4xx_hal_adc_ex.o(i.HAL_ADCEx_InjectedStart)
    HAL_ADCEx_LevelOutOfWindow2Callback      0x080016e5   Thumb Code     2  stm32g4xx_hal_adc_ex.o(i.HAL_ADCEx_LevelOutOfWindow2Callback)
    HAL_ADCEx_LevelOutOfWindow3Callback      0x080016e7   Thumb Code     2  stm32g4xx_hal_adc_ex.o(i.HAL_ADCEx_LevelOutOfWindow3Callback)
    HAL_ADCEx_MultiModeConfigChannel         0x080016e9   Thumb Code   326  stm32g4xx_hal_adc_ex.o(i.HAL_ADCEx_MultiModeConfigChannel)
    HAL_ADC_ConvCpltCallback                 0x08001849   Thumb Code     2  stm32g4xx_hal_adc.o(i.HAL_ADC_ConvCpltCallback)
    HAL_ADC_ErrorCallback                    0x0800184b   Thumb Code     2  stm32g4xx_hal_adc.o(i.HAL_ADC_ErrorCallback)
    HAL_ADC_IRQHandler                       0x0800184d   Thumb Code   674  stm32g4xx_hal_adc.o(i.HAL_ADC_IRQHandler)
    HAL_ADC_Init                             0x08001b05   Thumb Code   510  stm32g4xx_hal_adc.o(i.HAL_ADC_Init)
    HAL_ADC_LevelOutOfWindowCallback         0x08001d35   Thumb Code     2  stm32g4xx_hal_adc.o(i.HAL_ADC_LevelOutOfWindowCallback)
    HAL_ADC_MspInit                          0x08001d39   Thumb Code   128  adc.o(i.HAL_ADC_MspInit)
    HAL_Delay                                0x08001dbd   Thumb Code    32  stm32g4xx_hal.o(i.HAL_Delay)
    HAL_FDCAN_ErrorCallback                  0x08001de1   Thumb Code     2  stm32g4xx_hal_fdcan.o(i.HAL_FDCAN_ErrorCallback)
    HAL_FDCAN_ErrorStatusCallback            0x08001de3   Thumb Code     2  stm32g4xx_hal_fdcan.o(i.HAL_FDCAN_ErrorStatusCallback)
    HAL_FDCAN_GetRxMessage                   0x08001de5   Thumb Code   270  stm32g4xx_hal_fdcan.o(i.HAL_FDCAN_GetRxMessage)
    HAL_FDCAN_HighPriorityMessageCallback    0x08001ef9   Thumb Code     2  stm32g4xx_hal_fdcan.o(i.HAL_FDCAN_HighPriorityMessageCallback)
    HAL_FDCAN_IRQHandler                     0x08001efb   Thumb Code   356  stm32g4xx_hal_fdcan.o(i.HAL_FDCAN_IRQHandler)
    HAL_FDCAN_Init                           0x08002061   Thumb Code   512  stm32g4xx_hal_fdcan.o(i.HAL_FDCAN_Init)
    HAL_FDCAN_MspInit                        0x08002279   Thumb Code   132  fdcan.o(i.HAL_FDCAN_MspInit)
    HAL_FDCAN_RxFifo0Callback                0x08002305   Thumb Code     2  stm32g4xx_hal_fdcan.o(i.HAL_FDCAN_RxFifo0Callback)
    HAL_FDCAN_RxFifo1Callback                0x08002307   Thumb Code     2  stm32g4xx_hal_fdcan.o(i.HAL_FDCAN_RxFifo1Callback)
    HAL_FDCAN_TimeoutOccurredCallback        0x08002309   Thumb Code     2  stm32g4xx_hal_fdcan.o(i.HAL_FDCAN_TimeoutOccurredCallback)
    HAL_FDCAN_TimestampWraparoundCallback    0x0800230b   Thumb Code     2  stm32g4xx_hal_fdcan.o(i.HAL_FDCAN_TimestampWraparoundCallback)
    HAL_FDCAN_TxBufferAbortCallback          0x0800230d   Thumb Code     2  stm32g4xx_hal_fdcan.o(i.HAL_FDCAN_TxBufferAbortCallback)
    HAL_FDCAN_TxBufferCompleteCallback       0x0800230f   Thumb Code     2  stm32g4xx_hal_fdcan.o(i.HAL_FDCAN_TxBufferCompleteCallback)
    HAL_FDCAN_TxEventFifoCallback            0x08002311   Thumb Code     2  stm32g4xx_hal_fdcan.o(i.HAL_FDCAN_TxEventFifoCallback)
    HAL_FDCAN_TxFifoEmptyCallback            0x08002313   Thumb Code     2  stm32g4xx_hal_fdcan.o(i.HAL_FDCAN_TxFifoEmptyCallback)
    HAL_GPIO_Init                            0x08002315   Thumb Code   550  stm32g4xx_hal_gpio.o(i.HAL_GPIO_Init)
    HAL_GPIO_WritePin                        0x0800255d   Thumb Code    10  stm32g4xx_hal_gpio.o(i.HAL_GPIO_WritePin)
    HAL_GetTick                              0x08002569   Thumb Code     6  stm32g4xx_hal.o(i.HAL_GetTick)
    HAL_IncTick                              0x08002575   Thumb Code    12  stm32g4xx_hal.o(i.HAL_IncTick)
    HAL_Init                                 0x08002585   Thumb Code    30  stm32g4xx_hal.o(i.HAL_Init)
    HAL_InitTick                             0x080025a5   Thumb Code    58  stm32g4xx_hal.o(i.HAL_InitTick)
    HAL_MspInit                              0x080025e9   Thumb Code    42  stm32g4xx_hal_msp.o(i.HAL_MspInit)
    HAL_NVIC_EnableIRQ                       0x08002619   Thumb Code    26  stm32g4xx_hal_cortex.o(i.HAL_NVIC_EnableIRQ)
    HAL_NVIC_SetPriority                     0x08002635   Thumb Code    60  stm32g4xx_hal_cortex.o(i.HAL_NVIC_SetPriority)
    HAL_NVIC_SetPriorityGrouping             0x08002675   Thumb Code    26  stm32g4xx_hal_cortex.o(i.HAL_NVIC_SetPriorityGrouping)
    HAL_PWREx_ControlVoltageScaling          0x08002699   Thumb Code   174  stm32g4xx_hal_pwr_ex.o(i.HAL_PWREx_ControlVoltageScaling)
    HAL_PWREx_DisableUCPDDeadBattery         0x08002755   Thumb Code    12  stm32g4xx_hal_pwr_ex.o(i.HAL_PWREx_DisableUCPDDeadBattery)
    HAL_RCCEx_PeriphCLKConfig                0x08002765   Thumb Code   758  stm32g4xx_hal_rcc_ex.o(i.HAL_RCCEx_PeriphCLKConfig)
    HAL_RCC_ClockConfig                      0x08002a65   Thumb Code   444  stm32g4xx_hal_rcc.o(i.HAL_RCC_ClockConfig)
    HAL_RCC_GetSysClockFreq                  0x08002c41   Thumb Code    98  stm32g4xx_hal_rcc.o(i.HAL_RCC_GetSysClockFreq)
    HAL_RCC_OscConfig                        0x08002cad   Thumb Code  1028  stm32g4xx_hal_rcc.o(i.HAL_RCC_OscConfig)
    HAL_SPI_GetState                         0x080030b1   Thumb Code     6  stm32g4xx_hal_spi.o(i.HAL_SPI_GetState)
    HAL_SPI_Init                             0x080030b7   Thumb Code   234  stm32g4xx_hal_spi.o(i.HAL_SPI_Init)
    HAL_SPI_MspInit                          0x080031a1   Thumb Code   144  spi.o(i.HAL_SPI_MspInit)
    HAL_SPI_Receive                          0x08003241   Thumb Code   382  stm32g4xx_hal_spi.o(i.HAL_SPI_Receive)
    HAL_SPI_Transmit                         0x080033bf   Thumb Code   398  stm32g4xx_hal_spi.o(i.HAL_SPI_Transmit)
    HAL_SPI_TransmitReceive                  0x0800354d   Thumb Code   626  stm32g4xx_hal_spi.o(i.HAL_SPI_TransmitReceive)
    HAL_SYSTICK_Config                       0x080037bf   Thumb Code    40  stm32g4xx_hal_cortex.o(i.HAL_SYSTICK_Config)
    HAL_TIMEx_Break2Callback                 0x080037e7   Thumb Code     2  stm32g4xx_hal_tim_ex.o(i.HAL_TIMEx_Break2Callback)
    HAL_TIMEx_BreakCallback                  0x080037e9   Thumb Code     2  stm32g4xx_hal_tim_ex.o(i.HAL_TIMEx_BreakCallback)
    HAL_TIMEx_CommutCallback                 0x080037eb   Thumb Code     2  stm32g4xx_hal_tim_ex.o(i.HAL_TIMEx_CommutCallback)
    HAL_TIMEx_ConfigBreakDeadTime            0x080037ed   Thumb Code   154  stm32g4xx_hal_tim_ex.o(i.HAL_TIMEx_ConfigBreakDeadTime)
    HAL_TIMEx_DirectionChangeCallback        0x08003895   Thumb Code     2  stm32g4xx_hal_tim_ex.o(i.HAL_TIMEx_DirectionChangeCallback)
    HAL_TIMEx_EncoderIndexCallback           0x08003897   Thumb Code     2  stm32g4xx_hal_tim_ex.o(i.HAL_TIMEx_EncoderIndexCallback)
    HAL_TIMEx_IndexErrorCallback             0x08003899   Thumb Code     2  stm32g4xx_hal_tim_ex.o(i.HAL_TIMEx_IndexErrorCallback)
    HAL_TIMEx_MasterConfigSynchronization    0x0800389d   Thumb Code   150  stm32g4xx_hal_tim_ex.o(i.HAL_TIMEx_MasterConfigSynchronization)
    HAL_TIMEx_TransitionErrorCallback        0x08003955   Thumb Code     2  stm32g4xx_hal_tim_ex.o(i.HAL_TIMEx_TransitionErrorCallback)
    HAL_TIM_Base_Init                        0x08003957   Thumb Code    98  stm32g4xx_hal_tim.o(i.HAL_TIM_Base_Init)
    HAL_TIM_Base_MspInit                     0x080039b9   Thumb Code    72  tim.o(i.HAL_TIM_Base_MspInit)
    HAL_TIM_Base_Start                       0x08003a0d   Thumb Code    96  stm32g4xx_hal_tim.o(i.HAL_TIM_Base_Start)
    HAL_TIM_ConfigClockSource                0x08003a8d   Thumb Code   234  stm32g4xx_hal_tim.o(i.HAL_TIM_ConfigClockSource)
    HAL_TIM_IC_CaptureCallback               0x08003b7d   Thumb Code     2  stm32g4xx_hal_tim.o(i.HAL_TIM_IC_CaptureCallback)
    HAL_TIM_IRQHandler                       0x08003b7f   Thumb Code   418  stm32g4xx_hal_tim.o(i.HAL_TIM_IRQHandler)
    HAL_TIM_MspPostInit                      0x08003d21   Thumb Code    74  tim.o(i.HAL_TIM_MspPostInit)
    HAL_TIM_OC_DelayElapsedCallback          0x08003d75   Thumb Code     2  stm32g4xx_hal_tim.o(i.HAL_TIM_OC_DelayElapsedCallback)
    HAL_TIM_PWM_ConfigChannel                0x08003d77   Thumb Code   292  stm32g4xx_hal_tim.o(i.HAL_TIM_PWM_ConfigChannel)
    HAL_TIM_PWM_Init                         0x08003e9b   Thumb Code    98  stm32g4xx_hal_tim.o(i.HAL_TIM_PWM_Init)
    HAL_TIM_PWM_MspInit                      0x08003efd   Thumb Code     2  stm32g4xx_hal_tim.o(i.HAL_TIM_PWM_MspInit)
    HAL_TIM_PWM_PulseFinishedCallback        0x08003eff   Thumb Code     2  stm32g4xx_hal_tim.o(i.HAL_TIM_PWM_PulseFinishedCallback)
    HAL_TIM_PWM_Start                        0x08003f01   Thumb Code   234  stm32g4xx_hal_tim.o(i.HAL_TIM_PWM_Start)
    HAL_TIM_PeriodElapsedCallback            0x08004015   Thumb Code     2  stm32g4xx_hal_tim.o(i.HAL_TIM_PeriodElapsedCallback)
    HAL_TIM_TriggerCallback                  0x08004017   Thumb Code     2  stm32g4xx_hal_tim.o(i.HAL_TIM_TriggerCallback)
    HardFault_Handler                        0x08004019   Thumb Code     2  stm32g4xx_it.o(i.HardFault_Handler)
    Limit                                    0x08004085   Thumb Code    32  foc_alg.o(i.Limit)
    Limit_angle_el                           0x080040a5   Thumb Code    40  foc_alg.o(i.Limit_angle_el)
    MX_ADC1_Init                             0x080040d5   Thumb Code   220  adc.o(i.MX_ADC1_Init)
    MX_FDCAN1_Init                           0x080041c1   Thumb Code    70  fdcan.o(i.MX_FDCAN1_Init)
    MX_GPIO_Init                             0x08004211   Thumb Code    88  gpio.o(i.MX_GPIO_Init)
    MX_SPI1_Init                             0x08004271   Thumb Code    70  spi.o(i.MX_SPI1_Init)
    MX_SPI2_Init                             0x080042c1   Thumb Code    78  spi.o(i.MX_SPI2_Init)
    MX_TIM1_Init                             0x08004319   Thumb Code   344  tim.o(i.MX_TIM1_Init)
    MX_TIM3_Init                             0x08004479   Thumb Code   102  tim.o(i.MX_TIM3_Init)
    MemManage_Handler                        0x080044e9   Thumb Code     2  stm32g4xx_it.o(i.MemManage_Handler)
    NMI_Handler                              0x080044eb   Thumb Code     2  stm32g4xx_it.o(i.NMI_Handler)
    PendSV_Handler                           0x080044ed   Thumb Code     2  stm32g4xx_it.o(i.PendSV_Handler)
    SEGGER_RTT_Init                          0x080044ef   Thumb Code     4  segger_rtt.o(i.SEGGER_RTT_Init)
    SEGGER_RTT_SetTerminal                   0x080044f5   Thumb Code   130  segger_rtt.o(i.SEGGER_RTT_SetTerminal)
    SEGGER_RTT_Write                         0x08004585   Thumb Code    52  segger_rtt.o(i.SEGGER_RTT_Write)
    SEGGER_RTT_WriteNoLock                   0x080045bd   Thumb Code    86  segger_rtt.o(i.SEGGER_RTT_WriteNoLock)
    SEGGER_RTT_printf                        0x08004619   Thumb Code    22  segger_rtt_printf.o(i.SEGGER_RTT_printf)
    SEGGER_RTT_vprintf                       0x08004631   Thumb Code   502  segger_rtt_printf.o(i.SEGGER_RTT_vprintf)
    SVC_Handler                              0x08004a85   Thumb Code     2  stm32g4xx_it.o(i.SVC_Handler)
    SysTick_Handler                          0x08004a87   Thumb Code     4  stm32g4xx_it.o(i.SysTick_Handler)
    SystemClock_Config                       0x08004a8b   Thumb Code   104  main.o(i.SystemClock_Config)
    SystemInit                               0x08004af5   Thumb Code    12  system_stm32g4xx.o(i.SystemInit)
    TIM1_UP_TIM16_IRQHandler                 0x08004b05   Thumb Code   198  stm32g4xx_it.o(i.TIM1_UP_TIM16_IRQHandler)
    TIM_Base_SetConfig                       0x08004be1   Thumb Code   190  stm32g4xx_hal_tim.o(i.TIM_Base_SetConfig)
    TIM_CCxChannelCmd                        0x08004cc5   Thumb Code    26  stm32g4xx_hal_tim.o(i.TIM_CCxChannelCmd)
    TIM_ETR_SetConfig                        0x08004cdf   Thumb Code    20  stm32g4xx_hal_tim.o(i.TIM_ETR_SetConfig)
    TIM_OC2_SetConfig                        0x08004db5   Thumb Code   132  stm32g4xx_hal_tim.o(i.TIM_OC2_SetConfig)
    UsageFault_Handler                       0x080050cf   Thumb Code     2  stm32g4xx_it.o(i.UsageFault_Handler)
    __ARM_fpclassify                         0x08005517   Thumb Code    48  fpclassify.o(i.__ARM_fpclassify)
    __hardfp_cos                             0x08005569   Thumb Code   180  cos.o(i.__hardfp_cos)
    __hardfp_sin                             0x08005631   Thumb Code   180  sin.o(i.__hardfp_sin)
    __hardfp_sqrt                            0x080056f9   Thumb Code   122  sqrt.o(i.__hardfp_sqrt)
    __ieee754_rem_pio2                       0x08005779   Thumb Code   938  rred.o(i.__ieee754_rem_pio2)
    __kernel_cos                             0x08005bb1   Thumb Code   322  cos_i.o(i.__kernel_cos)
    __kernel_poly                            0x08005d21   Thumb Code   248  poly.o(i.__kernel_poly)
    __kernel_sin                             0x08005e19   Thumb Code   280  sin_i.o(i.__kernel_sin)
    __mathlib_dbl_infnan                     0x08005f49   Thumb Code    20  dunder.o(i.__mathlib_dbl_infnan)
    __mathlib_dbl_invalid                    0x08005f61   Thumb Code    24  dunder.o(i.__mathlib_dbl_invalid)
    __mathlib_dbl_underflow                  0x08005f81   Thumb Code    24  dunder.o(i.__mathlib_dbl_underflow)
    can_print_raw_data_rtt                   0x08005fa1   Thumb Code    74  can_motor_parse.o(i.can_print_raw_data_rtt)
    fabs                                     0x08006051   Thumb Code    24  fabs.o(i.fabs)
    foc_init                                 0x08006069   Thumb Code   430  foc_drv.o(i.foc_init)
    main                                     0x0800629d   Thumb Code    98  main.o(i.main)
    mt6835_create                            0x08006311   Thumb Code    42  mt6835.o(i.mt6835_create)
    mt6835_cs_control                        0x08006355   Thumb Code     2  mt6835.o(i.mt6835_cs_control)
    mt6835_get_raw_angle                     0x08006375   Thumb Code   284  mt6835.o(i.mt6835_get_raw_angle)
    mt6835_link_spi_cs_control               0x080064ad   Thumb Code    42  mt6835.o(i.mt6835_link_spi_cs_control)
    mt6835_link_spi_recv                     0x08006531   Thumb Code    44  mt6835.o(i.mt6835_link_spi_recv)
    mt6835_link_spi_send                     0x080065ad   Thumb Code    44  mt6835.o(i.mt6835_link_spi_send)
    mt6835_link_spi_send_recv                0x08006629   Thumb Code    44  mt6835.o(i.mt6835_link_spi_send_recv)
    mt6835_read_reg                          0x080066ad   Thumb Code    76  mt6835.o(i.mt6835_read_reg)
    mt6835_spi_recv                          0x080066f9   Thumb Code     2  mt6835.o(i.mt6835_spi_recv)
    mt6835_spi_send                          0x08006739   Thumb Code     2  mt6835.o(i.mt6835_spi_send)
    mt6835_spi_send_recv                     0x08006779   Thumb Code     2  mt6835.o(i.mt6835_spi_send_recv)
    mt6835_stm32_spi_port_init               0x08006805   Thumb Code    42  mt6835_stm32_spi_port.o(i.mt6835_stm32_spi_port_init)
    myabs                                    0x08006841   Thumb Code    16  foc_alg.o(i.myabs)
    mymap                                    0x08006851   Thumb Code    26  foc_alg.o(i.mymap)
    set_pwm                                  0x080068bd   Thumb Code   268  foc_alg.o(i.set_pwm)
    stm32_cal_Ia                             0x080069cd   Thumb Code    36  foc_drv.o(i.stm32_cal_Ia)
    stm32_cal_Ib                             0x080069f9   Thumb Code    36  foc_drv.o(i.stm32_cal_Ib)
    stm32_cal_Ic                             0x08006a25   Thumb Code    36  foc_drv.o(i.stm32_cal_Ic)
    stm32_cal_angle                          0x08006a51   Thumb Code    26  foc_drv.o(i.stm32_cal_angle)
    stm32_delayms                            0x08006a75   Thumb Code     4  foc_drv.o(i.stm32_delayms)
    stm32_set_pwm_A                          0x08006a79   Thumb Code    26  foc_drv.o(i.stm32_set_pwm_A)
    stm32_set_pwm_B                          0x08006a9d   Thumb Code    26  foc_drv.o(i.stm32_set_pwm_B)
    stm32_set_pwm_C                          0x08006ac1   Thumb Code    26  foc_drv.o(i.stm32_set_pwm_C)
    stm32_update_Ia_raw                      0x08006ae5   Thumb Code     8  foc_drv.o(i.stm32_update_Ia_raw)
    stm32_update_Ib_raw                      0x08006af1   Thumb Code    10  foc_drv.o(i.stm32_update_Ib_raw)
    stm32_update_Ic_raw                      0x08006b01   Thumb Code    10  foc_drv.o(i.stm32_update_Ic_raw)
    stm32_update_angle_raw                   0x08006b11   Thumb Code    10  foc_drv.o(i.stm32_update_angle_raw)
    stm32_update_dt                          0x08006b21   Thumb Code    94  foc_drv.o(i.stm32_update_dt)
    update_Clark                             0x08006b89   Thumb Code    38  foc_alg.o(i.update_Clark)
    update_Ioffset_nonblock                  0x08006bb5   Thumb Code   114  foc_alg.o(i.update_Ioffset_nonblock)
    update_Park                              0x08006c2d   Thumb Code    50  foc_alg.o(i.update_Park)
    update_Park_N                            0x08006c65   Thumb Code    50  foc_alg.o(i.update_Park_N)
    update_Sector                            0x08006c9d   Thumb Code    22  foc_alg.o(i.update_Sector)
    update_angle                             0x08006cb5   Thumb Code   176  foc_alg.o(i.update_angle)
    update_dt                                0x08006d6d   Thumb Code    30  foc_alg.o(i.update_dt)
    update_svpwm                             0x08006d8d   Thumb Code   512  foc_alg.o(i.update_svpwm)
    update_velocity_LPF                      0x08006f9d   Thumb Code    62  foc_alg.o(i.update_velocity_LPF)
    __aeabi_dneg                             0x08007039   Thumb Code     0  basic.o(x$fpl$basic)
    _dneg                                    0x08007039   Thumb Code     6  basic.o(x$fpl$basic)
    __aeabi_fneg                             0x0800703f   Thumb Code     0  basic.o(x$fpl$basic)
    _fneg                                    0x0800703f   Thumb Code     6  basic.o(x$fpl$basic)
    _dabs                                    0x08007045   Thumb Code     6  basic.o(x$fpl$basic)
    _fabs                                    0x0800704b   Thumb Code     6  basic.o(x$fpl$basic)
    __aeabi_d2f                              0x08007051   Thumb Code     0  d2f.o(x$fpl$d2f)
    _d2f                                     0x08007051   Thumb Code    98  d2f.o(x$fpl$d2f)
    __aeabi_dadd                             0x080070b5   Thumb Code     0  daddsub_clz.o(x$fpl$dadd)
    _dadd                                    0x080070b5   Thumb Code   332  daddsub_clz.o(x$fpl$dadd)
    __fpl_dcmp_Inf                           0x08007205   Thumb Code    24  dcmpi.o(x$fpl$dcmpinf)
    __aeabi_ddiv                             0x0800721d   Thumb Code     0  ddiv.o(x$fpl$ddiv)
    _ddiv                                    0x0800721d   Thumb Code   552  ddiv.o(x$fpl$ddiv)
    __aeabi_d2iz                             0x080074cd   Thumb Code     0  dfix.o(x$fpl$dfix)
    _dfix                                    0x080074cd   Thumb Code    94  dfix.o(x$fpl$dfix)
    __aeabi_i2d                              0x0800752b   Thumb Code     0  dflt_clz.o(x$fpl$dflt)
    _dflt                                    0x0800752b   Thumb Code    46  dflt_clz.o(x$fpl$dflt)
    __aeabi_ui2d                             0x08007559   Thumb Code     0  dflt_clz.o(x$fpl$dfltu)
    _dfltu                                   0x08007559   Thumb Code    38  dflt_clz.o(x$fpl$dfltu)
    __aeabi_cdcmple                          0x08007581   Thumb Code     0  dleqf.o(x$fpl$dleqf)
    _dcmple                                  0x08007581   Thumb Code   120  dleqf.o(x$fpl$dleqf)
    __fpl_dcmple_InfNaN                      0x080075e3   Thumb Code     0  dleqf.o(x$fpl$dleqf)
    __aeabi_dmul                             0x080075f9   Thumb Code     0  dmul.o(x$fpl$dmul)
    _dmul                                    0x080075f9   Thumb Code   332  dmul.o(x$fpl$dmul)
    __fpl_dnaninf                            0x0800774d   Thumb Code   156  dnaninf.o(x$fpl$dnaninf)
    __fpl_dretinf                            0x080077e9   Thumb Code    12  dretinf.o(x$fpl$dretinf)
    __aeabi_drsub                            0x080077f5   Thumb Code     0  daddsub_clz.o(x$fpl$drsb)
    _drsb                                    0x080077f5   Thumb Code    22  daddsub_clz.o(x$fpl$drsb)
    _dsqrt                                   0x0800780d   Thumb Code   404  dsqrt_umaal.o(x$fpl$dsqrt)
    __aeabi_dsub                             0x080079a5   Thumb Code     0  daddsub_clz.o(x$fpl$dsub)
    _dsub                                    0x080079a5   Thumb Code   464  daddsub_clz.o(x$fpl$dsub)
    __aeabi_f2d                              0x08007b79   Thumb Code     0  f2d.o(x$fpl$f2d)
    _f2d                                     0x08007b79   Thumb Code    86  f2d.o(x$fpl$f2d)
    __fpl_fnaninf                            0x08007bcf   Thumb Code   140  fnaninf.o(x$fpl$fnaninf)
    _fp_init                                 0x08007c5b   Thumb Code    10  fpinit.o(x$fpl$fpinit)
    __fplib_config_fpu_vfp                   0x08007c63   Thumb Code     0  fpinit.o(x$fpl$fpinit)
    __fplib_config_pureend_doubles           0x08007c63   Thumb Code     0  fpinit.o(x$fpl$fpinit)
    __fpl_fretinf                            0x08007c65   Thumb Code    10  fretinf.o(x$fpl$fretinf)
    __I$use$fp                               0x08007c6e   Number         0  usenofp.o(x$fpl$usenofp)
    AHBPrescTable                            0x08007c7e   Data          16  system_stm32g4xx.o(.constdata)
    Region$$Table$$Base                      0x08007de8   Number         0  anon$$obj.o(Region$$Table)
    Region$$Table$$Limit                     0x08007e08   Number         0  anon$$obj.o(Region$$Table)
    mt6835                                   0x20000000   Data           4  main.o(.data)
    isoffset_done                            0x20000004   Data           4  main.o(.data)
    uwTickPrio                               0x20000010   Data           4  stm32g4xx_hal.o(.data)
    uwTickFreq                               0x20000014   Data           4  stm32g4xx_hal.o(.data)
    uwTick                                   0x20000018   Data           4  stm32g4xx_hal.o(.data)
    SystemCoreClock                          0x2000001c   Data           4  system_stm32g4xx.o(.data)
    stru_config                              0x20000251   Data          15  drv_drv835x.o(.data)
    motor                                    0x20000260   Data        1168  main.o(.bss)
    hadc1                                    0x200006f0   Data         108  adc.o(.bss)
    hfdcan1                                  0x2000075c   Data         100  fdcan.o(.bss)
    hspi1                                    0x200007c0   Data         100  spi.o(.bss)
    hspi2                                    0x20000824   Data         100  spi.o(.bss)
    htim1                                    0x20000888   Data          76  tim.o(.bss)
    htim3                                    0x200008d4   Data          76  tim.o(.bss)
    g_motor_ctrl_data                        0x20000920   Data          24  stm32g4xx_it.o(.bss)
    _SEGGER_RTT                              0x20000938   Data         168  segger_rtt.o(.bss)
    stru_DRV8353Obj                          0x20000df0   Data          16  drv_drv835x.o(.bss)
    __libspace_start                         0x20000e00   Data          96  libspace.o(.bss)
    __temporary_stack_top$libspace           0x20000e60   Data           0  libspace.o(.bss)



==============================================================================

Memory Map of the image

  Image Entry point : 0x080001d9

  Load Region LR_IROM1 (Base: 0x08000000, Size: 0x00008068, Max: 0x00080000, ABSOLUTE, COMPRESSED[0x00007f30])

    Execution Region ER_IROM1 (Exec base: 0x08000000, Load base: 0x08000000, Size: 0x00007e08, Max: 0x00080000, ABSOLUTE)

    Exec Addr    Load Addr    Size         Type   Attr      Idx    E Section Name        Object

    0x08000000   0x08000000   0x000001d8   Data   RO            3    RESET               startup_stm32g474xx.o
    0x080001d8   0x080001d8   0x00000008   Code   RO         5672  * !!!main             c_w.l(__main.o)
    0x080001e0   0x080001e0   0x00000034   Code   RO         6170    !!!scatter          c_w.l(__scatter.o)
    0x08000214   0x08000214   0x0000003a   Code   RO         6168    !!dczerorl          c_w.l(__dczerorl.o)
    0x0800024e   0x0800024e   0x00000002   PAD
    0x08000250   0x08000250   0x0000001c   Code   RO         6172    !!handler_zi        c_w.l(__scatter_zi.o)
    0x0800026c   0x0800026c   0x00000002   Code   RO         6079    .ARM.Collect$$libinit$$00000000  c_w.l(libinit.o)
    0x0800026e   0x0800026e   0x00000004   Code   RO         5845    .ARM.Collect$$libinit$$00000001  c_w.l(libinit2.o)
    0x08000272   0x08000272   0x00000000   Code   RO         5848    .ARM.Collect$$libinit$$00000004  c_w.l(libinit2.o)
    0x08000272   0x08000272   0x00000008   Code   RO         5849    .ARM.Collect$$libinit$$00000005  c_w.l(libinit2.o)
    0x0800027a   0x0800027a   0x00000000   Code   RO         5851    .ARM.Collect$$libinit$$0000000A  c_w.l(libinit2.o)
    0x0800027a   0x0800027a   0x00000000   Code   RO         5853    .ARM.Collect$$libinit$$0000000C  c_w.l(libinit2.o)
    0x0800027a   0x0800027a   0x00000000   Code   RO         5855    .ARM.Collect$$libinit$$0000000E  c_w.l(libinit2.o)
    0x0800027a   0x0800027a   0x00000000   Code   RO         5858    .ARM.Collect$$libinit$$00000011  c_w.l(libinit2.o)
    0x0800027a   0x0800027a   0x00000000   Code   RO         5860    .ARM.Collect$$libinit$$00000013  c_w.l(libinit2.o)
    0x0800027a   0x0800027a   0x00000000   Code   RO         5862    .ARM.Collect$$libinit$$00000015  c_w.l(libinit2.o)
    0x0800027a   0x0800027a   0x00000000   Code   RO         5864    .ARM.Collect$$libinit$$00000017  c_w.l(libinit2.o)
    0x0800027a   0x0800027a   0x00000000   Code   RO         5866    .ARM.Collect$$libinit$$00000019  c_w.l(libinit2.o)
    0x0800027a   0x0800027a   0x00000000   Code   RO         5868    .ARM.Collect$$libinit$$0000001B  c_w.l(libinit2.o)
    0x0800027a   0x0800027a   0x00000000   Code   RO         5870    .ARM.Collect$$libinit$$0000001D  c_w.l(libinit2.o)
    0x0800027a   0x0800027a   0x00000000   Code   RO         5872    .ARM.Collect$$libinit$$0000001F  c_w.l(libinit2.o)
    0x0800027a   0x0800027a   0x00000000   Code   RO         5874    .ARM.Collect$$libinit$$00000021  c_w.l(libinit2.o)
    0x0800027a   0x0800027a   0x00000000   Code   RO         5876    .ARM.Collect$$libinit$$00000023  c_w.l(libinit2.o)
    0x0800027a   0x0800027a   0x00000000   Code   RO         5878    .ARM.Collect$$libinit$$00000025  c_w.l(libinit2.o)
    0x0800027a   0x0800027a   0x00000000   Code   RO         5882    .ARM.Collect$$libinit$$0000002C  c_w.l(libinit2.o)
    0x0800027a   0x0800027a   0x00000000   Code   RO         5884    .ARM.Collect$$libinit$$0000002E  c_w.l(libinit2.o)
    0x0800027a   0x0800027a   0x00000000   Code   RO         5886    .ARM.Collect$$libinit$$00000030  c_w.l(libinit2.o)
    0x0800027a   0x0800027a   0x00000000   Code   RO         5888    .ARM.Collect$$libinit$$00000032  c_w.l(libinit2.o)
    0x0800027a   0x0800027a   0x00000002   Code   RO         5889    .ARM.Collect$$libinit$$00000033  c_w.l(libinit2.o)
    0x0800027c   0x0800027c   0x00000002   Code   RO         6165    .ARM.Collect$$libshutdown$$00000000  c_w.l(libshutdown.o)
    0x0800027e   0x0800027e   0x00000000   Code   RO         6081    .ARM.Collect$$libshutdown$$00000002  c_w.l(libshutdown2.o)
    0x0800027e   0x0800027e   0x00000000   Code   RO         6083    .ARM.Collect$$libshutdown$$00000004  c_w.l(libshutdown2.o)
    0x0800027e   0x0800027e   0x00000000   Code   RO         6086    .ARM.Collect$$libshutdown$$00000007  c_w.l(libshutdown2.o)
    0x0800027e   0x0800027e   0x00000000   Code   RO         6089    .ARM.Collect$$libshutdown$$0000000A  c_w.l(libshutdown2.o)
    0x0800027e   0x0800027e   0x00000000   Code   RO         6091    .ARM.Collect$$libshutdown$$0000000C  c_w.l(libshutdown2.o)
    0x0800027e   0x0800027e   0x00000000   Code   RO         6094    .ARM.Collect$$libshutdown$$0000000F  c_w.l(libshutdown2.o)
    0x0800027e   0x0800027e   0x00000002   Code   RO         6095    .ARM.Collect$$libshutdown$$00000010  c_w.l(libshutdown2.o)
    0x08000280   0x08000280   0x00000000   Code   RO         5798    .ARM.Collect$$rtentry$$00000000  c_w.l(__rtentry.o)
    0x08000280   0x08000280   0x00000000   Code   RO         5975    .ARM.Collect$$rtentry$$00000002  c_w.l(__rtentry2.o)
    0x08000280   0x08000280   0x00000006   Code   RO         5987    .ARM.Collect$$rtentry$$00000004  c_w.l(__rtentry4.o)
    0x08000286   0x08000286   0x00000000   Code   RO         5977    .ARM.Collect$$rtentry$$00000009  c_w.l(__rtentry2.o)
    0x08000286   0x08000286   0x00000004   Code   RO         5978    .ARM.Collect$$rtentry$$0000000A  c_w.l(__rtentry2.o)
    0x0800028a   0x0800028a   0x00000000   Code   RO         5980    .ARM.Collect$$rtentry$$0000000C  c_w.l(__rtentry2.o)
    0x0800028a   0x0800028a   0x00000008   Code   RO         5981    .ARM.Collect$$rtentry$$0000000D  c_w.l(__rtentry2.o)
    0x08000292   0x08000292   0x00000002   Code   RO         6102    .ARM.Collect$$rtexit$$00000000  c_w.l(rtexit.o)
    0x08000294   0x08000294   0x00000000   Code   RO         6131    .ARM.Collect$$rtexit$$00000002  c_w.l(rtexit2.o)
    0x08000294   0x08000294   0x00000004   Code   RO         6132    .ARM.Collect$$rtexit$$00000003  c_w.l(rtexit2.o)
    0x08000298   0x08000298   0x00000006   Code   RO         6133    .ARM.Collect$$rtexit$$00000004  c_w.l(rtexit2.o)
    0x0800029e   0x0800029e   0x00000002   PAD
    0x080002a0   0x080002a0   0x00000000   Code   RO         5996    .emb_text           c_w.l(maybetermalloc1.o)
    0x080002a0   0x080002a0   0x00000040   Code   RO            4    .text               startup_stm32g474xx.o
    0x080002e0   0x080002e0   0x0000005e   Code   RO         5574    .text               c_w.l(h1_alloc.o)
    0x0800033e   0x0800033e   0x0000004e   Code   RO         5576    .text               c_w.l(h1_free.o)
    0x0800038c   0x0800038c   0x0000008a   Code   RO         5664    .text               c_w.l(rt_memcpy_v6.o)
    0x08000416   0x08000416   0x00000084   Code   RO         5666    .text               c_w.l(rt_memmove_v6.o)
    0x0800049a   0x0800049a   0x0000004e   Code   RO         5668    .text               c_w.l(rt_memclr_w.o)
    0x080004e8   0x080004e8   0x00000006   Code   RO         5670    .text               c_w.l(heapauxi.o)
    0x080004ee   0x080004ee   0x00000002   PAD
    0x080004f0   0x080004f0   0x00000008   Code   RO         5802    .text               c_w.l(rt_heap_descriptor_intlibspace.o)
    0x080004f8   0x080004f8   0x00000004   Code   RO         5804    .text               c_w.l(hguard.o)
    0x080004fc   0x080004fc   0x0000008a   Code   RO         5806    .text               c_w.l(init_alloc.o)
    0x08000586   0x08000586   0x0000000e   Code   RO         5810    .text               c_w.l(h1_init.o)
    0x08000594   0x08000594   0x00000016   Code   RO         5824    .text               c_w.l(_rserrno.o)
    0x080005aa   0x080005aa   0x00000064   Code   RO         5837    .text               c_w.l(rt_memcpy_w.o)
    0x0800060e   0x0800060e   0x0000007a   Code   RO         5839    .text               c_w.l(rt_memmove_w.o)
    0x08000688   0x08000688   0x00000008   Code   RO         5971    .text               c_w.l(libspace.o)
    0x08000690   0x08000690   0x00000008   Code   RO         5992    .text               c_w.l(rt_errno_addr_intlibspace.o)
    0x08000698   0x08000698   0x00000034   Code   RO         5998    .text               c_w.l(h1_extend.o)
    0x080006cc   0x080006cc   0x0000000e   Code   RO         6018    .text               c_w.l(defsig_rtmem_outer.o)
    0x080006da   0x080006da   0x00000002   Code   RO         6036    .text               c_w.l(use_no_semi.o)
    0x080006dc   0x080006dc   0x00000000   Code   RO         6038    .text               c_w.l(indicate_semi.o)
    0x080006dc   0x080006dc   0x0000004a   Code   RO         6039    .text               c_w.l(sys_stackheap_outer.o)
    0x08000726   0x08000726   0x00000012   Code   RO         6060    .text               c_w.l(exit.o)
    0x08000738   0x08000738   0x0000000a   Code   RO         6062    .text               c_w.l(defsig_exit.o)
    0x08000742   0x08000742   0x00000002   PAD
    0x08000744   0x08000744   0x00000050   Code   RO         6068    .text               c_w.l(defsig_rtmem_inner.o)
    0x08000794   0x08000794   0x0000000c   Code   RO         6100    .text               c_w.l(sys_exit.o)
    0x080007a0   0x080007a0   0x00000032   Code   RO         6120    .text               c_w.l(defsig_general.o)
    0x080007d2   0x080007d2   0x0000000e   Code   RO         6128    .text               c_w.l(sys_wrch.o)
    0x080007e0   0x080007e0   0x00000070   Code   RO          426    i.ADC1_2_IRQHandler  stm32g4xx_it.o
    0x08000850   0x08000850   0x000000c4   Code   RO          556    i.ADC_Enable        stm32g4xx_hal_adc.o
    0x08000914   0x08000914   0x00000002   Code   RO          427    i.BusFault_Handler  stm32g4xx_it.o
    0x08000916   0x08000916   0x00000002   PAD
    0x08000918   0x08000918   0x00000064   Code   RO         4435    i.Calculate_Clark   foc_alg.o
    0x0800097c   0x0800097c   0x00000012   Code   RO         4438    i.Calculate_LPF     foc_alg.o
    0x0800098e   0x0800098e   0x00000074   Code   RO         4439    i.Calculate_PID     foc_alg.o
    0x08000a02   0x08000a02   0x0000008c   Code   RO         4440    i.Calculate_PID_IS  foc_alg.o
    0x08000a8e   0x08000a8e   0x00000002   PAD
    0x08000a90   0x08000a90   0x000000f0   Code   RO         4441    i.Calculate_Park    foc_alg.o
    0x08000b80   0x08000b80   0x000000e4   Code   RO         4442    i.Calculate_Park_N  foc_alg.o
    0x08000c64   0x08000c64   0x000000e8   Code   RO         4443    i.Calculate_Sector  foc_alg.o
    0x08000d4c   0x08000d4c   0x0000000c   Code   RO         4444    i.Calculate_angle_el  foc_alg.o
    0x08000d58   0x08000d58   0x00000014   Code   RO         4445    i.Calculate_angle_flange  foc_alg.o
    0x08000d6c   0x08000d6c   0x00000068   Code   RO         4447    i.Calculate_velocity_raw  foc_alg.o
    0x08000dd4   0x08000dd4   0x000000d8   Code   RO         5458    i.DRV835X_Init      drv_drv835x.o
    0x08000eac   0x08000eac   0x00000140   Code   RO         5461    i.DRV835X_updateCfgPara  drv_drv835x.o
    0x08000fec   0x08000fec   0x00000002   Code   RO          428    i.DebugMon_Handler  stm32g4xx_it.o
    0x08000fee   0x08000fee   0x00000004   Code   RO           13    i.Error_Handler     main.o
    0x08000ff2   0x08000ff2   0x00000002   PAD
    0x08000ff4   0x08000ff4   0x00000038   Code   RO          429    i.FDCAN1_IT0_IRQHandler  stm32g4xx_it.o
    0x0800102c   0x0800102c   0x00000002   Code   RO          793    i.HAL_ADCEx_EndOfSamplingCallback  stm32g4xx_hal_adc_ex.o
    0x0800102e   0x0800102e   0x00000002   PAD
    0x08001030   0x08001030   0x00000560   Code   RO          795    i.HAL_ADCEx_InjectedConfigChannel  stm32g4xx_hal_adc_ex.o
    0x08001590   0x08001590   0x00000002   Code   RO          796    i.HAL_ADCEx_InjectedConvCpltCallback  stm32g4xx_hal_adc_ex.o
    0x08001592   0x08001592   0x0000002e   Code   RO          797    i.HAL_ADCEx_InjectedGetValue  stm32g4xx_hal_adc_ex.o
    0x080015c0   0x080015c0   0x00000002   Code   RO          799    i.HAL_ADCEx_InjectedQueueOverflowCallback  stm32g4xx_hal_adc_ex.o
    0x080015c2   0x080015c2   0x00000002   PAD
    0x080015c4   0x080015c4   0x00000120   Code   RO          800    i.HAL_ADCEx_InjectedStart  stm32g4xx_hal_adc_ex.o
    0x080016e4   0x080016e4   0x00000002   Code   RO          804    i.HAL_ADCEx_LevelOutOfWindow2Callback  stm32g4xx_hal_adc_ex.o
    0x080016e6   0x080016e6   0x00000002   Code   RO          805    i.HAL_ADCEx_LevelOutOfWindow3Callback  stm32g4xx_hal_adc_ex.o
    0x080016e8   0x080016e8   0x00000160   Code   RO          806    i.HAL_ADCEx_MultiModeConfigChannel  stm32g4xx_hal_adc_ex.o
    0x08001848   0x08001848   0x00000002   Code   RO          559    i.HAL_ADC_ConvCpltCallback  stm32g4xx_hal_adc.o
    0x0800184a   0x0800184a   0x00000002   Code   RO          562    i.HAL_ADC_ErrorCallback  stm32g4xx_hal_adc.o
    0x0800184c   0x0800184c   0x000002b8   Code   RO          566    i.HAL_ADC_IRQHandler  stm32g4xx_hal_adc.o
    0x08001b04   0x08001b04   0x00000230   Code   RO          567    i.HAL_ADC_Init      stm32g4xx_hal_adc.o
    0x08001d34   0x08001d34   0x00000002   Code   RO          568    i.HAL_ADC_LevelOutOfWindowCallback  stm32g4xx_hal_adc.o
    0x08001d36   0x08001d36   0x00000002   PAD
    0x08001d38   0x08001d38   0x00000084   Code   RO          240    i.HAL_ADC_MspInit   adc.o
    0x08001dbc   0x08001dbc   0x00000024   Code   RO         1005    i.HAL_Delay         stm32g4xx_hal.o
    0x08001de0   0x08001de0   0x00000002   Code   RO         2545    i.HAL_FDCAN_ErrorCallback  stm32g4xx_hal_fdcan.o
    0x08001de2   0x08001de2   0x00000002   Code   RO         2546    i.HAL_FDCAN_ErrorStatusCallback  stm32g4xx_hal_fdcan.o
    0x08001de4   0x08001de4   0x00000114   Code   RO         2555    i.HAL_FDCAN_GetRxMessage  stm32g4xx_hal_fdcan.o
    0x08001ef8   0x08001ef8   0x00000002   Code   RO         2561    i.HAL_FDCAN_HighPriorityMessageCallback  stm32g4xx_hal_fdcan.o
    0x08001efa   0x08001efa   0x00000164   Code   RO         2562    i.HAL_FDCAN_IRQHandler  stm32g4xx_hal_fdcan.o
    0x0800205e   0x0800205e   0x00000002   PAD
    0x08002060   0x08002060   0x00000218   Code   RO         2563    i.HAL_FDCAN_Init    stm32g4xx_hal_fdcan.o
    0x08002278   0x08002278   0x0000008c   Code   RO          283    i.HAL_FDCAN_MspInit  fdcan.o
    0x08002304   0x08002304   0x00000002   Code   RO         2570    i.HAL_FDCAN_RxFifo0Callback  stm32g4xx_hal_fdcan.o
    0x08002306   0x08002306   0x00000002   Code   RO         2571    i.HAL_FDCAN_RxFifo1Callback  stm32g4xx_hal_fdcan.o
    0x08002308   0x08002308   0x00000002   Code   RO         2574    i.HAL_FDCAN_TimeoutOccurredCallback  stm32g4xx_hal_fdcan.o
    0x0800230a   0x0800230a   0x00000002   Code   RO         2575    i.HAL_FDCAN_TimestampWraparoundCallback  stm32g4xx_hal_fdcan.o
    0x0800230c   0x0800230c   0x00000002   Code   RO         2576    i.HAL_FDCAN_TxBufferAbortCallback  stm32g4xx_hal_fdcan.o
    0x0800230e   0x0800230e   0x00000002   Code   RO         2577    i.HAL_FDCAN_TxBufferCompleteCallback  stm32g4xx_hal_fdcan.o
    0x08002310   0x08002310   0x00000002   Code   RO         2578    i.HAL_FDCAN_TxEventFifoCallback  stm32g4xx_hal_fdcan.o
    0x08002312   0x08002312   0x00000002   Code   RO         2579    i.HAL_FDCAN_TxFifoEmptyCallback  stm32g4xx_hal_fdcan.o
    0x08002314   0x08002314   0x00000248   Code   RO         1730    i.HAL_GPIO_Init     stm32g4xx_hal_gpio.o
    0x0800255c   0x0800255c   0x0000000a   Code   RO         1734    i.HAL_GPIO_WritePin  stm32g4xx_hal_gpio.o
    0x08002566   0x08002566   0x00000002   PAD
    0x08002568   0x08002568   0x0000000c   Code   RO         1009    i.HAL_GetTick       stm32g4xx_hal.o
    0x08002574   0x08002574   0x00000010   Code   RO         1015    i.HAL_IncTick       stm32g4xx_hal.o
    0x08002584   0x08002584   0x0000001e   Code   RO         1016    i.HAL_Init          stm32g4xx_hal.o
    0x080025a2   0x080025a2   0x00000002   PAD
    0x080025a4   0x080025a4   0x00000044   Code   RO         1017    i.HAL_InitTick      stm32g4xx_hal.o
    0x080025e8   0x080025e8   0x00000030   Code   RO          527    i.HAL_MspInit       stm32g4xx_hal_msp.o
    0x08002618   0x08002618   0x0000001a   Code   RO         2379    i.HAL_NVIC_EnableIRQ  stm32g4xx_hal_cortex.o
    0x08002632   0x08002632   0x00000002   PAD
    0x08002634   0x08002634   0x00000040   Code   RO         2385    i.HAL_NVIC_SetPriority  stm32g4xx_hal_cortex.o
    0x08002674   0x08002674   0x00000024   Code   RO         2386    i.HAL_NVIC_SetPriorityGrouping  stm32g4xx_hal_cortex.o
    0x08002698   0x08002698   0x000000bc   Code   RO         2133    i.HAL_PWREx_ControlVoltageScaling  stm32g4xx_hal_pwr_ex.o
    0x08002754   0x08002754   0x00000010   Code   RO         2145    i.HAL_PWREx_DisableUCPDDeadBattery  stm32g4xx_hal_pwr_ex.o
    0x08002764   0x08002764   0x00000300   Code   RO         1376    i.HAL_RCCEx_PeriphCLKConfig  stm32g4xx_hal_rcc_ex.o
    0x08002a64   0x08002a64   0x000001dc   Code   RO         1251    i.HAL_RCC_ClockConfig  stm32g4xx_hal_rcc.o
    0x08002c40   0x08002c40   0x0000006c   Code   RO         1261    i.HAL_RCC_GetSysClockFreq  stm32g4xx_hal_rcc.o
    0x08002cac   0x08002cac   0x00000404   Code   RO         1264    i.HAL_RCC_OscConfig  stm32g4xx_hal_rcc.o
    0x080030b0   0x080030b0   0x00000006   Code   RO         2913    i.HAL_SPI_GetState  stm32g4xx_hal_spi.o
    0x080030b6   0x080030b6   0x000000ea   Code   RO         2915    i.HAL_SPI_Init      stm32g4xx_hal_spi.o
    0x080031a0   0x080031a0   0x000000a0   Code   RO          325    i.HAL_SPI_MspInit   spi.o
    0x08003240   0x08003240   0x0000017e   Code   RO         2918    i.HAL_SPI_Receive   stm32g4xx_hal_spi.o
    0x080033be   0x080033be   0x0000018e   Code   RO         2923    i.HAL_SPI_Transmit  stm32g4xx_hal_spi.o
    0x0800354c   0x0800354c   0x00000272   Code   RO         2924    i.HAL_SPI_TransmitReceive  stm32g4xx_hal_spi.o
    0x080037be   0x080037be   0x00000028   Code   RO         2390    i.HAL_SYSTICK_Config  stm32g4xx_hal_cortex.o
    0x080037e6   0x080037e6   0x00000002   Code   RO         3971    i.HAL_TIMEx_Break2Callback  stm32g4xx_hal_tim_ex.o
    0x080037e8   0x080037e8   0x00000002   Code   RO         3972    i.HAL_TIMEx_BreakCallback  stm32g4xx_hal_tim_ex.o
    0x080037ea   0x080037ea   0x00000002   Code   RO         3973    i.HAL_TIMEx_CommutCallback  stm32g4xx_hal_tim_ex.o
    0x080037ec   0x080037ec   0x000000a8   Code   RO         3976    i.HAL_TIMEx_ConfigBreakDeadTime  stm32g4xx_hal_tim_ex.o
    0x08003894   0x08003894   0x00000002   Code   RO         3984    i.HAL_TIMEx_DirectionChangeCallback  stm32g4xx_hal_tim_ex.o
    0x08003896   0x08003896   0x00000002   Code   RO         3998    i.HAL_TIMEx_EncoderIndexCallback  stm32g4xx_hal_tim_ex.o
    0x08003898   0x08003898   0x00000002   Code   RO         4012    i.HAL_TIMEx_IndexErrorCallback  stm32g4xx_hal_tim_ex.o
    0x0800389a   0x0800389a   0x00000002   PAD
    0x0800389c   0x0800389c   0x000000b8   Code   RO         4013    i.HAL_TIMEx_MasterConfigSynchronization  stm32g4xx_hal_tim_ex.o
    0x08003954   0x08003954   0x00000002   Code   RO         4034    i.HAL_TIMEx_TransitionErrorCallback  stm32g4xx_hal_tim_ex.o
    0x08003956   0x08003956   0x00000062   Code   RO         3257    i.HAL_TIM_Base_Init  stm32g4xx_hal_tim.o
    0x080039b8   0x080039b8   0x00000054   Code   RO          373    i.HAL_TIM_Base_MspInit  tim.o
    0x08003a0c   0x08003a0c   0x00000080   Code   RO         3260    i.HAL_TIM_Base_Start  stm32g4xx_hal_tim.o
    0x08003a8c   0x08003a8c   0x000000f0   Code   RO         3266    i.HAL_TIM_ConfigClockSource  stm32g4xx_hal_tim.o
    0x08003b7c   0x08003b7c   0x00000002   Code   RO         3291    i.HAL_TIM_IC_CaptureCallback  stm32g4xx_hal_tim.o
    0x08003b7e   0x08003b7e   0x000001a2   Code   RO         3305    i.HAL_TIM_IRQHandler  stm32g4xx_hal_tim.o
    0x08003d20   0x08003d20   0x00000054   Code   RO          374    i.HAL_TIM_MspPostInit  tim.o
    0x08003d74   0x08003d74   0x00000002   Code   RO         3308    i.HAL_TIM_OC_DelayElapsedCallback  stm32g4xx_hal_tim.o
    0x08003d76   0x08003d76   0x00000124   Code   RO         3329    i.HAL_TIM_PWM_ConfigChannel  stm32g4xx_hal_tim.o
    0x08003e9a   0x08003e9a   0x00000062   Code   RO         3332    i.HAL_TIM_PWM_Init  stm32g4xx_hal_tim.o
    0x08003efc   0x08003efc   0x00000002   Code   RO         3334    i.HAL_TIM_PWM_MspInit  stm32g4xx_hal_tim.o
    0x08003efe   0x08003efe   0x00000002   Code   RO         3335    i.HAL_TIM_PWM_PulseFinishedCallback  stm32g4xx_hal_tim.o
    0x08003f00   0x08003f00   0x00000114   Code   RO         3337    i.HAL_TIM_PWM_Start  stm32g4xx_hal_tim.o
    0x08004014   0x08004014   0x00000002   Code   RO         3343    i.HAL_TIM_PeriodElapsedCallback  stm32g4xx_hal_tim.o
    0x08004016   0x08004016   0x00000002   Code   RO         3348    i.HAL_TIM_TriggerCallback  stm32g4xx_hal_tim.o
    0x08004018   0x08004018   0x00000002   Code   RO          430    i.HardFault_Handler  stm32g4xx_it.o
    0x0800401a   0x0800401a   0x0000000c   Code   RO          814    i.LL_ADC_GetOffsetChannel  stm32g4xx_hal_adc_ex.o
    0x08004026   0x08004026   0x00000008   Code   RO          582    i.LL_ADC_INJ_IsConversionOngoing  stm32g4xx_hal_adc.o
    0x0800402e   0x0800402e   0x00000008   Code   RO          815    i.LL_ADC_INJ_IsConversionOngoing  stm32g4xx_hal_adc_ex.o
    0x08004036   0x08004036   0x00000008   Code   RO          583    i.LL_ADC_REG_IsConversionOngoing  stm32g4xx_hal_adc.o
    0x0800403e   0x0800403e   0x00000008   Code   RO          816    i.LL_ADC_REG_IsConversionOngoing  stm32g4xx_hal_adc_ex.o
    0x08004046   0x08004046   0x00000010   Code   RO          584    i.LL_ADC_REG_IsTriggerSourceSWStart  stm32g4xx_hal_adc.o
    0x08004056   0x08004056   0x0000001e   Code   RO          817    i.LL_ADC_SetChannelSamplingTime  stm32g4xx_hal_adc_ex.o
    0x08004074   0x08004074   0x00000010   Code   RO          818    i.LL_ADC_SetOffsetState  stm32g4xx_hal_adc_ex.o
    0x08004084   0x08004084   0x00000020   Code   RO         4449    i.Limit             foc_alg.o
    0x080040a4   0x080040a4   0x00000030   Code   RO         4450    i.Limit_angle_el    foc_alg.o
    0x080040d4   0x080040d4   0x000000ec   Code   RO          241    i.MX_ADC1_Init      adc.o
    0x080041c0   0x080041c0   0x00000050   Code   RO          284    i.MX_FDCAN1_Init    fdcan.o
    0x08004210   0x08004210   0x00000060   Code   RO          215    i.MX_GPIO_Init      gpio.o
    0x08004270   0x08004270   0x00000050   Code   RO          326    i.MX_SPI1_Init      spi.o
    0x080042c0   0x080042c0   0x00000058   Code   RO          327    i.MX_SPI2_Init      spi.o
    0x08004318   0x08004318   0x00000160   Code   RO          375    i.MX_TIM1_Init      tim.o
    0x08004478   0x08004478   0x00000070   Code   RO          376    i.MX_TIM3_Init      tim.o
    0x080044e8   0x080044e8   0x00000002   Code   RO          431    i.MemManage_Handler  stm32g4xx_it.o
    0x080044ea   0x080044ea   0x00000002   Code   RO          432    i.NMI_Handler       stm32g4xx_it.o
    0x080044ec   0x080044ec   0x00000002   Code   RO          433    i.PendSV_Handler    stm32g4xx_it.o
    0x080044ee   0x080044ee   0x00000004   Code   RO         5196    i.SEGGER_RTT_Init   segger_rtt.o
    0x080044f2   0x080044f2   0x00000002   PAD
    0x080044f4   0x080044f4   0x00000090   Code   RO         5208    i.SEGGER_RTT_SetTerminal  segger_rtt.o
    0x08004584   0x08004584   0x00000038   Code   RO         5211    i.SEGGER_RTT_Write  segger_rtt.o
    0x080045bc   0x080045bc   0x0000005c   Code   RO         5214    i.SEGGER_RTT_WriteNoLock  segger_rtt.o
    0x08004618   0x08004618   0x00000016   Code   RO         5416    i.SEGGER_RTT_printf  segger_rtt_printf.o
    0x0800462e   0x0800462e   0x00000002   PAD
    0x08004630   0x08004630   0x00000200   Code   RO         5417    i.SEGGER_RTT_vprintf  segger_rtt_printf.o
    0x08004830   0x08004830   0x00000074   Code   RO         2952    i.SPI_EndRxTransaction  stm32g4xx_hal_spi.o
    0x080048a4   0x080048a4   0x00000048   Code   RO         2953    i.SPI_EndRxTxTransaction  stm32g4xx_hal_spi.o
    0x080048ec   0x080048ec   0x000000e0   Code   RO         2958    i.SPI_WaitFifoStateUntilTimeout  stm32g4xx_hal_spi.o
    0x080049cc   0x080049cc   0x000000b8   Code   RO         2959    i.SPI_WaitFlagStateUntilTimeout  stm32g4xx_hal_spi.o
    0x08004a84   0x08004a84   0x00000002   Code   RO          434    i.SVC_Handler       stm32g4xx_it.o
    0x08004a86   0x08004a86   0x00000004   Code   RO          435    i.SysTick_Handler   stm32g4xx_it.o
    0x08004a8a   0x08004a8a   0x00000068   Code   RO           14    i.SystemClock_Config  main.o
    0x08004af2   0x08004af2   0x00000002   PAD
    0x08004af4   0x08004af4   0x00000010   Code   RO         4401    i.SystemInit        system_stm32g4xx.o
    0x08004b04   0x08004b04   0x000000dc   Code   RO          436    i.TIM1_UP_TIM16_IRQHandler  stm32g4xx_it.o
    0x08004be0   0x08004be0   0x000000e4   Code   RO         3350    i.TIM_Base_SetConfig  stm32g4xx_hal_tim.o
    0x08004cc4   0x08004cc4   0x0000001a   Code   RO         3351    i.TIM_CCxChannelCmd  stm32g4xx_hal_tim.o
    0x08004cde   0x08004cde   0x00000014   Code   RO         3361    i.TIM_ETR_SetConfig  stm32g4xx_hal_tim.o
    0x08004cf2   0x08004cf2   0x00000002   PAD
    0x08004cf4   0x08004cf4   0x00000014   Code   RO         3362    i.TIM_ITRx_SetConfig  stm32g4xx_hal_tim.o
    0x08004d08   0x08004d08   0x000000ac   Code   RO         3363    i.TIM_OC1_SetConfig  stm32g4xx_hal_tim.o
    0x08004db4   0x08004db4   0x000000a0   Code   RO         3364    i.TIM_OC2_SetConfig  stm32g4xx_hal_tim.o
    0x08004e54   0x08004e54   0x000000a0   Code   RO         3365    i.TIM_OC3_SetConfig  stm32g4xx_hal_tim.o
    0x08004ef4   0x08004ef4   0x000000a0   Code   RO         3366    i.TIM_OC4_SetConfig  stm32g4xx_hal_tim.o
    0x08004f94   0x08004f94   0x00000078   Code   RO         3367    i.TIM_OC5_SetConfig  stm32g4xx_hal_tim.o
    0x0800500c   0x0800500c   0x0000007c   Code   RO         3368    i.TIM_OC6_SetConfig  stm32g4xx_hal_tim.o
    0x08005088   0x08005088   0x00000022   Code   RO         3370    i.TIM_TI1_ConfigInputStage  stm32g4xx_hal_tim.o
    0x080050aa   0x080050aa   0x00000024   Code   RO         3372    i.TIM_TI2_ConfigInputStage  stm32g4xx_hal_tim.o
    0x080050ce   0x080050ce   0x00000002   Code   RO          437    i.UsageFault_Handler  stm32g4xx_it.o
    0x080050d0   0x080050d0   0x00000064   Code   RO         5218    i._DoInit           segger_rtt.o
    0x08005134   0x08005134   0x00000016   Code   RO         5219    i._GetAvailWriteSpace  segger_rtt.o
    0x0800514a   0x0800514a   0x00000002   PAD
    0x0800514c   0x0800514c   0x00000154   Code   RO         5418    i._PrintFloat       segger_rtt_printf.o
    0x080052a0   0x080052a0   0x000000c6   Code   RO         5419    i._PrintInt         segger_rtt_printf.o
    0x08005366   0x08005366   0x00000002   PAD
    0x08005368   0x08005368   0x000000d4   Code   RO         5420    i._PrintUnsigned    segger_rtt_printf.o
    0x0800543c   0x0800543c   0x0000003e   Code   RO         5421    i._StoreChar        segger_rtt_printf.o
    0x0800547a   0x0800547a   0x0000005a   Code   RO         5221    i._WriteBlocking    segger_rtt.o
    0x080054d4   0x080054d4   0x00000042   Code   RO         5222    i._WriteNoCheck     segger_rtt.o
    0x08005516   0x08005516   0x00000030   Code   RO         5934    i.__ARM_fpclassify  m_wm.l(fpclassify.o)
    0x08005546   0x08005546   0x00000020   Code   RO         2392    i.__NVIC_SetPriority  stm32g4xx_hal_cortex.o
    0x08005566   0x08005566   0x00000002   PAD
    0x08005568   0x08005568   0x000000c8   Code   RO         5708    i.__hardfp_cos      m_wm.l(cos.o)
    0x08005630   0x08005630   0x000000c8   Code   RO         5756    i.__hardfp_sin      m_wm.l(sin.o)
    0x080056f8   0x080056f8   0x0000007a   Code   RO         5780    i.__hardfp_sqrt     m_wm.l(sqrt.o)
    0x08005772   0x08005772   0x00000006   PAD
    0x08005778   0x08005778   0x00000438   Code   RO         5955    i.__ieee754_rem_pio2  m_wm.l(rred.o)
    0x08005bb0   0x08005bb0   0x00000170   Code   RO         5911    i.__kernel_cos      m_wm.l(cos_i.o)
    0x08005d20   0x08005d20   0x000000f8   Code   RO         5952    i.__kernel_poly     m_wm.l(poly.o)
    0x08005e18   0x08005e18   0x00000130   Code   RO         5963    i.__kernel_sin      m_wm.l(sin_i.o)
    0x08005f48   0x08005f48   0x00000014   Code   RO         5915    i.__mathlib_dbl_infnan  m_wm.l(dunder.o)
    0x08005f5c   0x08005f5c   0x00000004   PAD
    0x08005f60   0x08005f60   0x00000020   Code   RO         5917    i.__mathlib_dbl_invalid  m_wm.l(dunder.o)
    0x08005f80   0x08005f80   0x00000020   Code   RO         5920    i.__mathlib_dbl_underflow  m_wm.l(dunder.o)
    0x08005fa0   0x08005fa0   0x000000b0   Code   RO         5527    i.can_print_raw_data_rtt  can_motor_parse.o
    0x08006050   0x08006050   0x00000018   Code   RO         5930    i.fabs              m_wm.l(fabs.o)
    0x08006068   0x08006068   0x00000234   Code   RO         4872    i.foc_init          foc_drv.o
    0x0800629c   0x0800629c   0x00000074   Code   RO           15    i.main              main.o
    0x08006310   0x08006310   0x00000044   Code   RO         4975    i.mt6835_create     mt6835.o
    0x08006354   0x08006354   0x00000002   Code   RO         4976    i.mt6835_cs_control  mt6835.o
    0x08006356   0x08006356   0x00000002   PAD
    0x08006358   0x08006358   0x0000001c   Code   RO         5139    i.mt6835_cs_control  mt6835_stm32_spi_port.o
    0x08006374   0x08006374   0x00000138   Code   RO         4982    i.mt6835_get_raw_angle  mt6835.o
    0x080064ac   0x080064ac   0x00000084   Code   RO         4985    i.mt6835_link_spi_cs_control  mt6835.o
    0x08006530   0x08006530   0x0000007c   Code   RO         4986    i.mt6835_link_spi_recv  mt6835.o
    0x080065ac   0x080065ac   0x0000007c   Code   RO         4987    i.mt6835_link_spi_send  mt6835.o
    0x08006628   0x08006628   0x00000084   Code   RO         4988    i.mt6835_link_spi_send_recv  mt6835.o
    0x080066ac   0x080066ac   0x0000004c   Code   RO         4989    i.mt6835_read_reg   mt6835.o
    0x080066f8   0x080066f8   0x00000002   Code   RO         4992    i.mt6835_spi_recv   mt6835.o
    0x080066fa   0x080066fa   0x00000002   PAD
    0x080066fc   0x080066fc   0x0000003c   Code   RO         5140    i.mt6835_spi_recv   mt6835_stm32_spi_port.o
    0x08006738   0x08006738   0x00000002   Code   RO         4993    i.mt6835_spi_send   mt6835.o
    0x0800673a   0x0800673a   0x00000002   PAD
    0x0800673c   0x0800673c   0x0000003c   Code   RO         5141    i.mt6835_spi_send   mt6835_stm32_spi_port.o
    0x08006778   0x08006778   0x00000002   Code   RO         4994    i.mt6835_spi_send_recv  mt6835.o
    0x0800677a   0x0800677a   0x00000002   PAD
    0x0800677c   0x0800677c   0x00000088   Code   RO         5142    i.mt6835_spi_send_recv  mt6835_stm32_spi_port.o
    0x08006804   0x08006804   0x0000003c   Code   RO         5143    i.mt6835_stm32_spi_port_init  mt6835_stm32_spi_port.o
    0x08006840   0x08006840   0x00000010   Code   RO         4469    i.myabs             foc_alg.o
    0x08006850   0x08006850   0x0000001a   Code   RO         4470    i.mymap             foc_alg.o
    0x0800686a   0x0800686a   0x00000002   PAD
    0x0800686c   0x0800686c   0x00000050   Code   RO         5462    i.read_reg          drv_drv835x.o
    0x080068bc   0x080068bc   0x00000110   Code   RO         4472    i.set_pwm           foc_alg.o
    0x080069cc   0x080069cc   0x0000002c   Code   RO         4873    i.stm32_cal_Ia      foc_drv.o
    0x080069f8   0x080069f8   0x0000002c   Code   RO         4874    i.stm32_cal_Ib      foc_drv.o
    0x08006a24   0x08006a24   0x0000002c   Code   RO         4875    i.stm32_cal_Ic      foc_drv.o
    0x08006a50   0x08006a50   0x00000024   Code   RO         4876    i.stm32_cal_angle   foc_drv.o
    0x08006a74   0x08006a74   0x00000004   Code   RO         4877    i.stm32_delayms     foc_drv.o
    0x08006a78   0x08006a78   0x00000024   Code   RO         4878    i.stm32_set_pwm_A   foc_drv.o
    0x08006a9c   0x08006a9c   0x00000024   Code   RO         4879    i.stm32_set_pwm_B   foc_drv.o
    0x08006ac0   0x08006ac0   0x00000024   Code   RO         4880    i.stm32_set_pwm_C   foc_drv.o
    0x08006ae4   0x08006ae4   0x0000000c   Code   RO         4881    i.stm32_update_Ia_raw  foc_drv.o
    0x08006af0   0x08006af0   0x00000010   Code   RO         4882    i.stm32_update_Ib_raw  foc_drv.o
    0x08006b00   0x08006b00   0x00000010   Code   RO         4883    i.stm32_update_Ic_raw  foc_drv.o
    0x08006b10   0x08006b10   0x00000010   Code   RO         4884    i.stm32_update_angle_raw  foc_drv.o
    0x08006b20   0x08006b20   0x00000068   Code   RO         4885    i.stm32_update_dt   foc_drv.o
    0x08006b88   0x08006b88   0x0000002c   Code   RO         4480    i.update_Clark      foc_alg.o
    0x08006bb4   0x08006bb4   0x00000078   Code   RO         4484    i.update_Ioffset_nonblock  foc_alg.o
    0x08006c2c   0x08006c2c   0x00000038   Code   RO         4487    i.update_Park       foc_alg.o
    0x08006c64   0x08006c64   0x00000038   Code   RO         4488    i.update_Park_N     foc_alg.o
    0x08006c9c   0x08006c9c   0x00000016   Code   RO         4489    i.update_Sector     foc_alg.o
    0x08006cb2   0x08006cb2   0x00000002   PAD
    0x08006cb4   0x08006cb4   0x000000b8   Code   RO         4490    i.update_angle      foc_alg.o
    0x08006d6c   0x08006d6c   0x0000001e   Code   RO         4495    i.update_dt         foc_alg.o
    0x08006d8a   0x08006d8a   0x00000002   PAD
    0x08006d8c   0x08006d8c   0x00000210   Code   RO         4500    i.update_svpwm      foc_alg.o
    0x08006f9c   0x08006f9c   0x0000003e   Code   RO         4501    i.update_velocity_LPF  foc_alg.o
    0x08006fda   0x08006fda   0x00000002   PAD
    0x08006fdc   0x08006fdc   0x0000005c   Code   RO         5463    i.write_reg         drv_drv835x.o
    0x08007038   0x08007038   0x00000018   Code   RO         5674    x$fpl$basic         fz_wm.l(basic.o)
    0x08007050   0x08007050   0x00000062   Code   RO         5676    x$fpl$d2f           fz_wm.l(d2f.o)
    0x080070b2   0x080070b2   0x00000002   PAD
    0x080070b4   0x080070b4   0x00000150   Code   RO         5678    x$fpl$dadd          fz_wm.l(daddsub_clz.o)
    0x08007204   0x08007204   0x00000018   Code   RO         5890    x$fpl$dcmpinf       fz_wm.l(dcmpi.o)
    0x0800721c   0x0800721c   0x000002b0   Code   RO         5685    x$fpl$ddiv          fz_wm.l(ddiv.o)
    0x080074cc   0x080074cc   0x0000005e   Code   RO         5688    x$fpl$dfix          fz_wm.l(dfix.o)
    0x0800752a   0x0800752a   0x0000002e   Code   RO         5697    x$fpl$dflt          fz_wm.l(dflt_clz.o)
    0x08007558   0x08007558   0x00000026   Code   RO         5696    x$fpl$dfltu         fz_wm.l(dflt_clz.o)
    0x0800757e   0x0800757e   0x00000002   PAD
    0x08007580   0x08007580   0x00000078   Code   RO         5702    x$fpl$dleqf         fz_wm.l(dleqf.o)
    0x080075f8   0x080075f8   0x00000154   Code   RO         5704    x$fpl$dmul          fz_wm.l(dmul.o)
    0x0800774c   0x0800774c   0x0000009c   Code   RO         5892    x$fpl$dnaninf       fz_wm.l(dnaninf.o)
    0x080077e8   0x080077e8   0x0000000c   Code   RO         5894    x$fpl$dretinf       fz_wm.l(dretinf.o)
    0x080077f4   0x080077f4   0x00000016   Code   RO         5679    x$fpl$drsb          fz_wm.l(daddsub_clz.o)
    0x0800780a   0x0800780a   0x00000002   PAD
    0x0800780c   0x0800780c   0x00000198   Code   RO         5900    x$fpl$dsqrt         fz_wm.l(dsqrt_umaal.o)
    0x080079a4   0x080079a4   0x000001d4   Code   RO         5680    x$fpl$dsub          fz_wm.l(daddsub_clz.o)
    0x08007b78   0x08007b78   0x00000056   Code   RO         5706    x$fpl$f2d           fz_wm.l(f2d.o)
    0x08007bce   0x08007bce   0x0000008c   Code   RO         5902    x$fpl$fnaninf       fz_wm.l(fnaninf.o)
    0x08007c5a   0x08007c5a   0x0000000a   Code   RO         6029    x$fpl$fpinit        fz_wm.l(fpinit.o)
    0x08007c64   0x08007c64   0x0000000a   Code   RO         5904    x$fpl$fretinf       fz_wm.l(fretinf.o)
    0x08007c6e   0x08007c6e   0x00000000   Code   RO         5910    x$fpl$usenofp       fz_wm.l(usenofp.o)
    0x08007c6e   0x08007c6e   0x00000010   Data   RO         2580    .constdata          stm32g4xx_hal_fdcan.o
    0x08007c7e   0x08007c7e   0x00000010   Data   RO         4402    .constdata          system_stm32g4xx.o
    0x08007c8e   0x08007c8e   0x00000021   Data   RO         5224    .constdata          segger_rtt.o
    0x08007caf   0x08007caf   0x00000010   Data   RO         5422    .constdata          segger_rtt_printf.o
    0x08007cbf   0x08007cbf   0x00000001   PAD
    0x08007cc0   0x08007cc0   0x00000030   Data   RO         5912    .constdata          m_wm.l(cos_i.o)
    0x08007cf0   0x08007cf0   0x000000c8   Data   RO         5957    .constdata          m_wm.l(rred.o)
    0x08007db8   0x08007db8   0x00000028   Data   RO         5964    .constdata          m_wm.l(sin_i.o)
    0x08007de0   0x08007de0   0x00000007   Data   RO         4997    .conststring        mt6835.o
    0x08007de7   0x08007de7   0x00000001   PAD
    0x08007de8   0x08007de8   0x00000020   Data   RO         6166    Region$$Table       anon$$obj.o


    Execution Region RW_IRAM1 (Exec base: 0x20000000, Load base: 0x08007e08, Size: 0x00011250, Max: 0x00020000, ABSOLUTE, COMPRESSED[0x00000128])

    Exec Addr    Load Addr    Size         Type   Attr      Idx    E Section Name        Object

    0x20000000   COMPRESSED   0x00000004   Data   RW           17    .data               main.o
    0x20000004   COMPRESSED   0x00000004   Data   RW           18    .data               main.o
    0x20000008   COMPRESSED   0x00000008   Data   RW          439    .data               stm32g4xx_it.o
    0x20000010   COMPRESSED   0x0000000c   Data   RW         1036    .data               stm32g4xx_hal.o
    0x2000001c   COMPRESSED   0x00000004   Data   RW         4404    .data               system_stm32g4xx.o
    0x20000020   COMPRESSED   0x0000012c   Data   RW         4505    .data               foc_alg.o
    0x2000014c   COMPRESSED   0x00000104   Data   RW         4998    .data               mt6835.o
    0x20000250   COMPRESSED   0x00000001   Data   RW         5225    .data               segger_rtt.o
    0x20000251   COMPRESSED   0x0000000f   Data   RW         5465    .data               drv_drv835x.o
    0x20000260        -       0x00000490   Zero   RW           16    .bss                main.o
    0x200006f0        -       0x0000006c   Zero   RW          242    .bss                adc.o
    0x2000075c        -       0x00000064   Zero   RW          285    .bss                fdcan.o
    0x200007c0        -       0x000000c8   Zero   RW          328    .bss                spi.o
    0x20000888        -       0x00000098   Zero   RW          377    .bss                tim.o
    0x20000920        -       0x00000018   Zero   RW          438    .bss                stm32g4xx_it.o
    0x20000938        -       0x000004b8   Zero   RW         5223    .bss                segger_rtt.o
    0x20000df0        -       0x00000010   Zero   RW         5464    .bss                drv_drv835x.o
    0x20000e00        -       0x00000060   Zero   RW         5972    .bss                c_w.l(libspace.o)
    0x20000e60        -       0x0000fff0   Zero   RW            2    HEAP                startup_stm32g474xx.o
    0x20010e50        -       0x00000400   Zero   RW            1    STACK               startup_stm32g474xx.o


==============================================================================

Image component sizes


      Code (inc. data)   RO Data    RW Data    ZI Data      Debug   Object Name

       368         20          0          0        108       2001   adc.o
       176        102          0          0          0       1881   can_motor_parse.o
       708        202          0         15         16       5817   drv_drv835x.o
       220         18          0          0        100       1795   fdcan.o
      2706        122          0        300          0      32662   foc_alg.o
      1008        230          0          0          0       8106   foc_drv.o
        96          8          0          0          0        895   gpio.o
       224         18          0          8       1168     927317   main.o
       976        392          7        260          0       9919   mt6835.o
       344        138          0          0          0       3513   mt6835_stm32_spi_port.o
       574         44         33          1       1208      11249   segger_rtt.o
      1346         34         16          0          0       7353   segger_rtt_printf.o
       328         36          0          0        200       2386   spi.o
        64         26        472          0      66544        848   startup_stm32g474xx.o
       162         24          0         12          0       4353   stm32g4xx_hal.o
      1490         96          0          0          0      75279   stm32g4xx_hal_adc.o
      2146        120          0          0          0      79589   stm32g4xx_hal_adc_ex.o
       198         14          0          0          0      33863   stm32g4xx_hal_cortex.o
      1190         30         16          0          0      12866   stm32g4xx_hal_fdcan.o
       594         34          0          0          0       2356   stm32g4xx_hal_gpio.o
        48          6          0          0          0        874   stm32g4xx_hal_msp.o
       204         18          0          0          0       1413   stm32g4xx_hal_pwr_ex.o
      1612         64          0          0          0       5094   stm32g4xx_hal_rcc.o
       768         10          0          0          0       1976   stm32g4xx_hal_rcc_ex.o
      2242         10          0          0          0      10497   stm32g4xx_hal_spi.o
      2822        294          0          0          0      19643   stm32g4xx_hal_tim.o
       366         48          0          0          0       6356   stm32g4xx_hal_tim_ex.o
       408         44          0          8         24       7161   stm32g4xx_it.o
        16          4         16          4          0       1139   system_stm32g4xx.o
       632         40          0          0        152       3341   tim.o

    ----------------------------------------------------------------------
     24088       2246        594        608      69520    1281542   Object Totals
         0          0         32          0          0          0   (incl. Generated)
        52          0          2          0          0          0   (incl. Padding)

    ----------------------------------------------------------------------

      Code (inc. data)   RO Data    RW Data    ZI Data      Debug   Library Member Name

        58          0          0          0          0          0   __dczerorl.o
         8          0          0          0          0         68   __main.o
         0          0          0          0          0          0   __rtentry.o
        12          0          0          0          0          0   __rtentry2.o
         6          0          0          0          0          0   __rtentry4.o
        52          8          0          0          0          0   __scatter.o
        28          0          0          0          0          0   __scatter_zi.o
        22          0          0          0          0        100   _rserrno.o
        10          0          0          0          0         68   defsig_exit.o
        50          0          0          0          0         88   defsig_general.o
        80         58          0          0          0         76   defsig_rtmem_inner.o
        14          0          0          0          0         80   defsig_rtmem_outer.o
        18          0          0          0          0         80   exit.o
        94          0          0          0          0         80   h1_alloc.o
        52          0          0          0          0         68   h1_extend.o
        78          0          0          0          0         80   h1_free.o
        14          0          0          0          0         84   h1_init.o
         6          0          0          0          0        152   heapauxi.o
         4          0          0          0          0        136   hguard.o
         0          0          0          0          0          0   indicate_semi.o
       138          0          0          0          0        168   init_alloc.o
         2          0          0          0          0          0   libinit.o
        14          0          0          0          0          0   libinit2.o
         2          0          0          0          0          0   libshutdown.o
         2          0          0          0          0          0   libshutdown2.o
         8          4          0          0         96         68   libspace.o
         0          0          0          0          0          0   maybetermalloc1.o
         8          4          0          0          0         68   rt_errno_addr_intlibspace.o
         8          4          0          0          0         68   rt_heap_descriptor_intlibspace.o
        78          0          0          0          0         80   rt_memclr_w.o
       138          0          0          0          0         68   rt_memcpy_v6.o
       100          0          0          0          0         80   rt_memcpy_w.o
       132          0          0          0          0         68   rt_memmove_v6.o
       122          0          0          0          0         80   rt_memmove_w.o
         2          0          0          0          0          0   rtexit.o
        10          0          0          0          0          0   rtexit2.o
        12          4          0          0          0         68   sys_exit.o
        74          0          0          0          0         80   sys_stackheap_outer.o
        14          0          0          0          0         76   sys_wrch.o
         2          0          0          0          0         68   use_no_semi.o
        24          0          0          0          0        164   basic.o
        98          4          0          0          0        140   d2f.o
       826         16          0          0          0        492   daddsub_clz.o
        24          0          0          0          0        116   dcmpi.o
       688        140          0          0          0        256   ddiv.o
        94          4          0          0          0        140   dfix.o
        84          0          0          0          0        232   dflt_clz.o
       120          4          0          0          0        140   dleqf.o
       340         12          0          0          0        152   dmul.o
       156          4          0          0          0        140   dnaninf.o
        12          0          0          0          0        116   dretinf.o
       408         56          0          0          0        168   dsqrt_umaal.o
        86          4          0          0          0        132   f2d.o
       140          4          0          0          0        132   fnaninf.o
        10          0          0          0          0        116   fpinit.o
        10          0          0          0          0        116   fretinf.o
         0          0          0          0          0          0   usenofp.o
       200         20          0          0          0        164   cos.o
       368         46         48          0          0        200   cos_i.o
        84         16          0          0          0        372   dunder.o
        24          0          0          0          0        124   fabs.o
        48          0          0          0          0        124   fpclassify.o
       248          0          0          0          0        152   poly.o
      1080        142        200          0          0        188   rred.o
       200         20          0          0          0        164   sin.o
       304         24         40          0          0        208   sin_i.o
       122          0          0          0          0        148   sqrt.o

    ----------------------------------------------------------------------
      7294        598        288          0         96       6796   Library Totals
        24          0          0          0          0          0   (incl. Padding)

    ----------------------------------------------------------------------

      Code (inc. data)   RO Data    RW Data    ZI Data      Debug   Library Name

      1472         82          0          0         96       2200   c_w.l
      3120        248          0          0          0       2752   fz_wm.l
      2678        268        288          0          0       1844   m_wm.l

    ----------------------------------------------------------------------
      7294        598        288          0         96       6796   Library Totals

    ----------------------------------------------------------------------

==============================================================================


      Code (inc. data)   RO Data    RW Data    ZI Data      Debug   

     31382       2844        882        608      69616    1265942   Grand Totals
     31382       2844        882        296      69616    1265942   ELF Image Totals (compressed)
     31382       2844        882        296          0          0   ROM Totals

==============================================================================

    Total RO  Size (Code + RO Data)                32264 (  31.51kB)
    Total RW  Size (RW Data + ZI Data)             70224 (  68.58kB)
    Total ROM Size (Code + RO Data + RW Data)      32560 (  31.80kB)

==============================================================================

