Archive member included to satisfy reference by file (symbol)

/usr/lib/gcc/arm-none-eabi/14.2.1/../../../arm-none-eabi/lib/thumb/v7e-m+fp/hard/libm.a(libm_a-wf_fmod.o)
                              CMakeFiles/x1.dir/FOC/foc_alg.c.obj (fmodf)
/usr/lib/gcc/arm-none-eabi/14.2.1/../../../arm-none-eabi/lib/thumb/v7e-m+fp/hard/libm.a(libm_a-w_pow.o)
                              CMakeFiles/x1.dir/FOC/foc_alg.c.obj (pow)
/usr/lib/gcc/arm-none-eabi/14.2.1/../../../arm-none-eabi/lib/thumb/v7e-m+fp/hard/libm.a(libm_a-w_fmod.o)
                              CMakeFiles/x1.dir/FOC/foc_alg.c.obj (fmod)
/usr/lib/gcc/arm-none-eabi/14.2.1/../../../arm-none-eabi/lib/thumb/v7e-m+fp/hard/libm.a(libm_a-ef_fmod.o)
                              /usr/lib/gcc/arm-none-eabi/14.2.1/../../../arm-none-eabi/lib/thumb/v7e-m+fp/hard/libm.a(libm_a-wf_fmod.o) (__ieee754_fmodf)
/usr/lib/gcc/arm-none-eabi/14.2.1/../../../arm-none-eabi/lib/thumb/v7e-m+fp/hard/libm.a(libm_a-sf_cos.o)
                              CMakeFiles/x1.dir/FOC/foc_alg.c.obj (cosf)
/usr/lib/gcc/arm-none-eabi/14.2.1/../../../arm-none-eabi/lib/thumb/v7e-m+fp/hard/libm.a(libm_a-s_round.o)
                              CMakeFiles/x1.dir/FOC/foc_alg.c.obj (round)
/usr/lib/gcc/arm-none-eabi/14.2.1/../../../arm-none-eabi/lib/thumb/v7e-m+fp/hard/libm.a(libm_a-e_pow.o)
                              /usr/lib/gcc/arm-none-eabi/14.2.1/../../../arm-none-eabi/lib/thumb/v7e-m+fp/hard/libm.a(libm_a-w_pow.o) (__ieee754_pow)
/usr/lib/gcc/arm-none-eabi/14.2.1/../../../arm-none-eabi/lib/thumb/v7e-m+fp/hard/libm.a(libm_a-e_sqrt.o)
                              /usr/lib/gcc/arm-none-eabi/14.2.1/../../../arm-none-eabi/lib/thumb/v7e-m+fp/hard/libm.a(libm_a-e_pow.o) (__ieee754_sqrt)
/usr/lib/gcc/arm-none-eabi/14.2.1/../../../arm-none-eabi/lib/thumb/v7e-m+fp/hard/libm.a(libm_a-sf_round.o)
                              CMakeFiles/x1.dir/others/mt6835.c.obj (roundf)
/usr/lib/gcc/arm-none-eabi/14.2.1/../../../arm-none-eabi/lib/thumb/v7e-m+fp/hard/libm.a(libm_a-s_floor.o)
                              CMakeFiles/x1.dir/FOC/foc_alg.c.obj (floor)
/usr/lib/gcc/arm-none-eabi/14.2.1/../../../arm-none-eabi/lib/thumb/v7e-m+fp/hard/libm.a(libm_a-kf_cos.o)
                              /usr/lib/gcc/arm-none-eabi/14.2.1/../../../arm-none-eabi/lib/thumb/v7e-m+fp/hard/libm.a(libm_a-sf_cos.o) (__kernel_cosf)
/usr/lib/gcc/arm-none-eabi/14.2.1/../../../arm-none-eabi/lib/thumb/v7e-m+fp/hard/libm.a(libm_a-sf_sin.o)
                              CMakeFiles/x1.dir/FOC/foc_alg.c.obj (sinf)
/usr/lib/gcc/arm-none-eabi/14.2.1/../../../arm-none-eabi/lib/thumb/v7e-m+fp/hard/libm.a(libm_a-e_fmod.o)
                              /usr/lib/gcc/arm-none-eabi/14.2.1/../../../arm-none-eabi/lib/thumb/v7e-m+fp/hard/libm.a(libm_a-w_fmod.o) (__ieee754_fmod)
/usr/lib/gcc/arm-none-eabi/14.2.1/../../../arm-none-eabi/lib/thumb/v7e-m+fp/hard/libm.a(libm_a-s_finite.o)
                              /usr/lib/gcc/arm-none-eabi/14.2.1/../../../arm-none-eabi/lib/thumb/v7e-m+fp/hard/libm.a(libm_a-w_pow.o) (finite)
/usr/lib/gcc/arm-none-eabi/14.2.1/../../../arm-none-eabi/lib/thumb/v7e-m+fp/hard/libm.a(libm_a-kf_sin.o)
                              /usr/lib/gcc/arm-none-eabi/14.2.1/../../../arm-none-eabi/lib/thumb/v7e-m+fp/hard/libm.a(libm_a-sf_cos.o) (__kernel_sinf)
/usr/lib/gcc/arm-none-eabi/14.2.1/../../../arm-none-eabi/lib/thumb/v7e-m+fp/hard/libm.a(libm_a-s_fabs.o)
                              /usr/lib/gcc/arm-none-eabi/14.2.1/../../../arm-none-eabi/lib/thumb/v7e-m+fp/hard/libm.a(libm_a-e_pow.o) (fabs)
/usr/lib/gcc/arm-none-eabi/14.2.1/../../../arm-none-eabi/lib/thumb/v7e-m+fp/hard/libm.a(libm_a-math_err.o)
                              /usr/lib/gcc/arm-none-eabi/14.2.1/../../../arm-none-eabi/lib/thumb/v7e-m+fp/hard/libm.a(libm_a-e_pow.o) (__math_uflow)
/usr/lib/gcc/arm-none-eabi/14.2.1/../../../arm-none-eabi/lib/thumb/v7e-m+fp/hard/libm.a(libm_a-ef_rem_pio2.o)
                              /usr/lib/gcc/arm-none-eabi/14.2.1/../../../arm-none-eabi/lib/thumb/v7e-m+fp/hard/libm.a(libm_a-sf_cos.o) (__ieee754_rem_pio2f)
/usr/lib/gcc/arm-none-eabi/14.2.1/../../../arm-none-eabi/lib/thumb/v7e-m+fp/hard/libm.a(libm_a-sf_fabs.o)
                              /usr/lib/gcc/arm-none-eabi/14.2.1/../../../arm-none-eabi/lib/thumb/v7e-m+fp/hard/libm.a(libm_a-ef_rem_pio2.o) (fabsf)
/usr/lib/gcc/arm-none-eabi/14.2.1/../../../arm-none-eabi/lib/thumb/v7e-m+fp/hard/libm.a(libm_a-kf_rem_pio2.o)
                              /usr/lib/gcc/arm-none-eabi/14.2.1/../../../arm-none-eabi/lib/thumb/v7e-m+fp/hard/libm.a(libm_a-ef_rem_pio2.o) (__kernel_rem_pio2f)
/usr/lib/gcc/arm-none-eabi/14.2.1/../../../arm-none-eabi/lib/thumb/v7e-m+fp/hard/libm.a(libm_a-s_scalbn.o)
                              /usr/lib/gcc/arm-none-eabi/14.2.1/../../../arm-none-eabi/lib/thumb/v7e-m+fp/hard/libm.a(libm_a-e_pow.o) (scalbn)
/usr/lib/gcc/arm-none-eabi/14.2.1/../../../arm-none-eabi/lib/thumb/v7e-m+fp/hard/libm.a(libm_a-sf_scalbn.o)
[...]
Memory Configuration

Name             Origin             Length             Attributes
RAM              0x20000000         0x00020000         xrw
FLASH            0x08000000         0x00080000         xr
*default*        0x00000000         0xffffffff

Linker script and memory map

LOAD /usr/lib/gcc/arm-none-eabi/14.2.1/thumb/v7e-m+fp/hard/crti.o
LOAD /usr/lib/gcc/arm-none-eabi/14.2.1/thumb/v7e-m+fp/hard/crtbegin.o
LOAD /usr/lib/gcc/arm-none-eabi/14.2.1/../../../arm-none-eabi/lib/thumb/v7e-m+fp/hard/crt0.o
LOAD CMakeFiles/x1.dir/Core/Src/main.c.obj
LOAD CMakeFiles/x1.dir/Core/Src/gpio.c.obj
LOAD CMakeFiles/x1.dir/Core/Src/adc.c.obj
LOAD CMakeFiles/x1.dir/Core/Src/fdcan.c.obj
LOAD CMakeFiles/x1.dir/Core/Src/spi.c.obj
LOAD CMakeFiles/x1.dir/Core/Src/tim.c.obj
LOAD CMakeFiles/x1.dir/Core/Src/stm32g4xx_it.c.obj
LOAD CMakeFiles/x1.dir/Core/Src/stm32g4xx_hal_msp.c.obj
LOAD CMakeFiles/x1.dir/Core/Src/sysmem.c.obj
LOAD CMakeFiles/x1.dir/Core/Src/syscalls.c.obj
LOAD CMakeFiles/x1.dir/startup_stm32g474xx.s.obj
LOAD CMakeFiles/x1.dir/FOC/foc_alg.c.obj
LOAD CMakeFiles/x1.dir/FOC/foc_drv.c.obj
LOAD CMakeFiles/x1.dir/others/mt6835.c.obj
LOAD CMakeFiles/x1.dir/others/mt6835_stm32_spi_port.c.obj
LOAD CMakeFiles/x1.dir/others/MT6816.c.obj
LOAD CMakeFiles/x1.dir/others/can_handler.c.obj
LOAD CMakeFiles/x1.dir/others/drv_DRV835X.c.obj
LOAD CMakeFiles/x1.dir/others/dual_encoder.c.obj
LOAD CMakeFiles/x1.dir/others/flash.c.obj
LOAD CMakeFiles/x1.dir/others/fsm.c.obj
LOAD CMakeFiles/x1.dir/others/SEGGER_RTT.c.obj
LOAD CMakeFiles/x1.dir/others/SEGGER_RTT_printf.c.obj
LOAD CMakeFiles/x1.dir/Drivers/CMSIS/DSP/Source/FastMathFunctions/arm_sin_f32.c.obj
LOAD CMakeFiles/x1.dir/Drivers/CMSIS/DSP/Source/FastMathFunctions/arm_cos_f32.c.obj
LOAD CMakeFiles/x1.dir/Drivers/CMSIS/DSP/Source/CommonTables/CommonTables.c.obj
LOAD cmake/stm32cubemx/CMakeFiles/STM32_Drivers.dir/__/__/Core/Src/system_stm32g4xx.c.obj
LOAD cmake/stm32cubemx/CMakeFiles/STM32_Drivers.dir/__/__/Drivers/STM32G4xx_HAL_Driver/Src/stm32g4xx_hal_adc.c.obj
LOAD cmake/stm32cubemx/CMakeFiles/STM32_Drivers.dir/__/__/Drivers/STM32G4xx_HAL_Driver/Src/stm32g4xx_hal_adc_ex.c.obj
LOAD cmake/stm32cubemx/CMakeFiles/STM32_Drivers.dir/__/__/Drivers/STM32G4xx_HAL_Driver/Src/stm32g4xx_ll_adc.c.obj
LOAD cmake/stm32cubemx/CMakeFiles/STM32_Drivers.dir/__/__/Drivers/STM32G4xx_HAL_Driver/Src/stm32g4xx_hal.c.obj
LOAD cmake/stm32cubemx/CMakeFiles/STM32_Drivers.dir/__/__/Drivers/STM32G4xx_HAL_Driver/Src/stm32g4xx_hal_rcc.c.obj
LOAD cmake/stm32cubemx/CMakeFiles/STM32_Drivers.dir/__/__/Drivers/STM32G4xx_HAL_Driver/Src/stm32g4xx_hal_rcc_ex.c.obj
LOAD cmake/stm32cubemx/CMakeFiles/STM32_Drivers.dir/__/__/Drivers/STM32G4xx_HAL_Driver/Src/stm32g4xx_hal_flash.c.obj
LOAD cmake/stm32cubemx/CMakeFiles/STM32_Drivers.dir/__/__/Drivers/STM32G4xx_HAL_Driver/Src/stm32g4xx_hal_flash_ex.c.obj
LOAD cmake/stm32cubemx/CMakeFiles/STM32_Drivers.dir/__/__/Drivers/STM32G4xx_HAL_Driver/Src/stm32g4xx_hal_flash_ramfunc.c.obj
LOAD cmake/stm32cubemx/CMakeFiles/STM32_Drivers.dir/__/__/Drivers/STM32G4xx_HAL_Driver/Src/stm32g4xx_hal_gpio.c.obj
LOAD cmake/stm32cubemx/CMakeFiles/STM32_Drivers.dir/__/__/Drivers/STM32G4xx_HAL_Driver/Src/stm32g4xx_hal_exti.c.obj
LOAD cmake/stm32cubemx/CMakeFiles/STM32_Drivers.dir/__/__/Drivers/STM32G4xx_HAL_Driver/Src/stm32g4xx_hal_dma.c.obj
LOAD cmake/stm32cubemx/CMakeFiles/STM32_Drivers.dir/__/__/Drivers/STM32G4xx_HAL_Driver/Src/stm32g4xx_hal_dma_ex.c.obj
LOAD cmake/stm32cubemx/CMakeFiles/STM32_Drivers.dir/__/__/Drivers/STM32G4xx_HAL_Driver/Src/stm32g4xx_hal_pwr.c.obj
LOAD cmake/stm32cubemx/CMakeFiles/STM32_Drivers.dir/__/__/Drivers/STM32G4xx_HAL_Driver/Src/stm32g4xx_hal_pwr_ex.c.obj
LOAD cmake/stm32cubemx/CMakeFiles/STM32_Drivers.dir/__/__/Drivers/STM32G4xx_HAL_Driver/Src/stm32g4xx_hal_cortex.c.obj
LOAD cmake/stm32cubemx/CMakeFiles/STM32_Drivers.dir/__/__/Drivers/STM32G4xx_HAL_Driver/Src/stm32g4xx_hal_fdcan.c.obj
LOAD cmake/stm32cubemx/CMakeFiles/STM32_Drivers.dir/__/__/Drivers/STM32G4xx_HAL_Driver/Src/stm32g4xx_hal_spi.c.obj
LOAD cmake/stm32cubemx/CMakeFiles/STM32_Drivers.dir/__/__/Drivers/STM32G4xx_HAL_Driver/Src/stm32g4xx_hal_spi_ex.c.obj
LOAD cmake/stm32cubemx/CMakeFiles/STM32_Drivers.dir/__/__/Drivers/STM32G4xx_HAL_Driver/Src/stm32g4xx_hal_tim.c.obj
LOAD cmake/stm32cubemx/CMakeFiles/STM32_Drivers.dir/__/__/Drivers/STM32G4xx_HAL_Driver/Src/stm32g4xx_hal_tim_ex.c.obj
LOAD /usr/lib/gcc/arm-none-eabi/14.2.1/../../../arm-none-eabi/lib/thumb/v7e-m+fp/hard/libm.a
START GROUP
LOAD /usr/lib/gcc/arm-none-eabi/14.2.1/thumb/v7e-m+fp/hard/libgcc.a
LOAD /usr/lib/gcc/arm-none-eabi/14.2.1/../../../arm-none-eabi/lib/thumb/v7e-m+fp/hard/libg_nano.a
LOAD /usr/lib/gcc/arm-none-eabi/14.2.1/../../../arm-none-eabi/lib/thumb/v7e-m+fp/hard/libc_nano.a
END GROUP
START GROUP
LOAD /usr/lib/gcc/arm-none-eabi/14.2.1/thumb/v7e-m+fp/hard/libgcc.a
LOAD /usr/lib/gcc/arm-none-eabi/14.2.1/../../../arm-none-eabi/lib/thumb/v7e-m+fp/hard/libc_nano.a
END GROUP
LOAD /usr/lib/gcc/arm-none-eabi/14.2.1/thumb/v7e-m+fp/hard/crtend.o
LOAD /usr/lib/gcc/arm-none-eabi/14.2.1/thumb/v7e-m+fp/hard/crtn.o
                0x20020000                        _estack = (ORIGIN (RAM) + LENGTH (RAM))
                0x2001fc00                        _sstack = (_estack - _Min_Stack_Size)
                0x00000200                        _Min_Heap_Size = 0x200
                0x00000400                        _Min_Stack_Size = 0x400

.isr_vector     0x08000000      0x1d8
                0x08000000                        . = ALIGN (0x4)
 *(.isr_vector)
 .isr_vector    0x08000000      0x1d8 CMakeFiles/x1.dir/startup_stm32g474xx.s.obj
                0x08000000                g_pfnVectors
                0x080001d8                        . = ALIGN (0x4)

.text           0x080001d8     0xdb14
                0x080001d8                        . = ALIGN (0x4)
 *(.text)
 .text          0x080001d8       0x88 /usr/lib/gcc/arm-none-eabi/14.2.1/thumb/v7e-m+fp/hard/crtbegin.o
 .text          0x08000260       0x48 /usr/lib/gcc/arm-none-eabi/14.2.1/../../../arm-none-eabi/lib/thumb/v7e-m+fp/hard/libm.a(libm_a-wf_fmod.o)
                0x08000260                fmodf
 .text          0x080002a8       0x6c /usr/lib/gcc/arm-none-eabi/14.2.1/../../../arm-none-eabi/lib/thumb/v7e-m+fp/hard/libm.a(libm_a-w_fmod.o)
                0x080002a8                fmod
 .text          0x08000314      0x184 /usr/lib/gcc/arm-none-eabi/14.2.1/../../../arm-none-eabi/lib/thumb/v7e-m+fp/hard/libm.a(libm_a-ef_fmod.o)
                0x08000314                __ieee754_fmodf
 .text          0x08000498      0x3ac /usr/lib/gcc/arm-none-eabi/14.2.1/../../../arm-none-eabi/lib/thumb/v7e-m+fp/hard/libm.a(libm_a-e_fmod.o)
                0x08000498                __ieee754_fmod
 .text          0x08000844      0x378 /usr/lib/gcc/arm-none-eabi/14.2.1/thumb/v7e-m+fp/hard/libgcc.a(_arm_addsubdf3.o)
                0x08000844                __aeabi_drsub
                0x0800084c                __aeabi_dsub
                0x0800084c                __subdf3
                0x08000850                __adddf3
                0x08000850                __aeabi_dadd
                0x08000ac8                __aeabi_ui2d
                0x08000ac8                __floatunsidf
                0x08000ae8                __floatsidf
                0x08000ae8                __aeabi_i2d
                0x08000b0c                __extendsfdf2
                0x08000b0c                __aeabi_f2d
                0x08000b50                __aeabi_ul2d
                0x08000b50                __floatundidf
                0x08000b60                __floatdidf
                0x08000b60                __aeabi_l2d
 .text          0x08000bbc      0x424 /usr/lib/gcc/arm-none-eabi/14.2.1/thumb/v7e-m+fp/hard/libgcc.a(_arm_muldivdf3.o)
                0x08000bbc                __aeabi_dmul
                0x08000bbc                __muldf3
                0x08000e10                __aeabi_ddiv
                0x08000e10                __divdf3
 .text          0x08000fe0      0x110 /usr/lib/gcc/arm-none-eabi/14.2.1/thumb/v7e-m+fp/hard/libgcc.a(_arm_cmpdf2.o)
                0x08000fe0                __gtdf2
                0x08000fe0                __gedf2
                0x08000fe8                __ltdf2
                0x08000fe8                __ledf2
                0x08000ff0                __cmpdf2
                0x08000ff0                __eqdf2
                0x08000ff0                __nedf2
                0x0800106c                __aeabi_cdrcmple
                0x0800107c                __aeabi_cdcmple
                0x0800107c                __aeabi_cdcmpeq
                0x0800108c                __aeabi_dcmpeq
                0x080010a0                __aeabi_dcmplt
                0x080010b4                __aeabi_dcmple
                0x080010c8                __aeabi_dcmpge
                0x080010dc                __aeabi_dcmpgt
 .text          0x080010f0       0x2c /usr/lib/gcc/arm-none-eabi/14.2.1/thumb/v7e-m+fp/hard/libgcc.a(_arm_unorddf2.o)
                0x080010f0                __aeabi_dcmpun
                0x080010f0                __unorddf2
 .text          0x0800111c       0x50 /usr/lib/gcc/arm-none-eabi/14.2.1/thumb/v7e-m+fp/hard/libgcc.a(_arm_fixdfsi.o)
                0x0800111c                __fixdfsi
                0x0800111c                __aeabi_d2iz
 .text          0x0800116c       0xa0 /usr/lib/gcc/arm-none-eabi/14.2.1/thumb/v7e-m+fp/hard/libgcc.a(_arm_truncdfsf2.o)
                0x0800116c                __aeabi_d2f
                0x0800116c                __truncdfsf2
 .text          0x0800120c      0x134 /usr/lib/gcc/arm-none-eabi/14.2.1/../../../arm-none-eabi/lib/thumb/v7e-m+fp/hard/libg_nano.a(libc_a-memcpy.o)
                0x0800120c                memcpy
 .text          0x08001340      0x130 /usr/lib/gcc/arm-none-eabi/14.2.1/../../../arm-none-eabi/lib/thumb/v7e-m+fp/hard/libg_nano.a(libc_a-memmove.o)
                0x08001340                memmove
 .text          0x08001470      0x148 /usr/lib/gcc/arm-none-eabi/14.2.1/../../../arm-none-eabi/lib/thumb/v7e-m+fp/hard/libg_nano.a(libc_a-mallocr.o)
                0x080014b8                _malloc_r
 .text          0x080015b8       0x20 /usr/lib/gcc/arm-none-eabi/14.2.1/../../../arm-none-eabi/lib/thumb/v7e-m+fp/hard/libg_nano.a(libc_a-malloc.o)
                0x080015b8                malloc
                0x080015c8                free
 .text          0x080015d8       0x9c /usr/lib/gcc/arm-none-eabi/14.2.1/../../../arm-none-eabi/lib/thumb/v7e-m+fp/hard/libg_nano.a(libc_a-memset.o)
                0x080015d8                memset
 .text          0x08001674        0x8 /usr/lib/gcc/arm-none-eabi/14.2.1/../../../arm-none-eabi/lib/thumb/v7e-m+fp/hard/libg_nano.a(libc_a-mlock.o)
                0x08001674                __malloc_lock
                0x08001678                __malloc_unlock
 .text          0x0800167c        0xc /usr/lib/gcc/arm-none-eabi/14.2.1/../../../arm-none-eabi/lib/thumb/v7e-m+fp/hard/libg_nano.a(libc_a-errno.o)
                0x0800167c                __errno
 .text          0x08001688       0x50 /usr/lib/gcc/arm-none-eabi/14.2.1/../../../arm-none-eabi/lib/thumb/v7e-m+fp/hard/libg_nano.a(libc_a-init.o)
                0x08001688                __libc_init_array
 .text          0x080016d8       0x24 /usr/lib/gcc/arm-none-eabi/14.2.1/../../../arm-none-eabi/lib/thumb/v7e-m+fp/hard/libg_nano.a(libc_a-sbrkr.o)
                0x080016d8                _sbrk_r
 .text          0x080016fc       0xbc /usr/lib/gcc/arm-none-eabi/14.2.1/../../../arm-none-eabi/lib/thumb/v7e-m+fp/hard/libg_nano.a(libc_a-freer.o)
                0x080016fc                _free_r
 *(.text*)
 .text.main     0x080017b8      0x178 CMakeFiles/x1.dir/Core/Src/main.c.obj
                0x080017b8                main
 .text.SystemClock_Config
                0x08001930       0x96 CMakeFiles/x1.dir/Core/Src/main.c.obj
                0x08001930                SystemClock_Config
 *fill*         0x080019c6        0x2 
 .text.Error_Handler
                0x080019c8       0x18 CMakeFiles/x1.dir/Core/Src/main.c.obj
                0x080019c8                Error_Handler
 .text.MX_GPIO_Init
                0x080019e0      0x12c CMakeFiles/x1.dir/Core/Src/gpio.c.obj
                0x080019e0                MX_GPIO_Init
 .text.MX_ADC1_Init
                0x08001b0c      0x158 CMakeFiles/x1.dir/Core/Src/adc.c.obj
                0x08001b0c                MX_ADC1_Init
 .text.HAL_ADC_MspInit
                0x08001c64       0xb8 CMakeFiles/x1.dir/Core/Src/adc.c.obj
                0x08001c64                HAL_ADC_MspInit
 .text.MX_FDCAN1_Init
                0x08001d1c       0xa8 CMakeFiles/x1.dir/Core/Src/fdcan.c.obj
                0x08001d1c                MX_FDCAN1_Init
 .text.HAL_FDCAN_MspInit
                0x08001dc4       0xc4 CMakeFiles/x1.dir/Core/Src/fdcan.c.obj
                0x08001dc4                HAL_FDCAN_MspInit
 .text.MX_SPI1_Init
                0x08001e88       0x7c CMakeFiles/x1.dir/Core/Src/spi.c.obj
                0x08001e88                MX_SPI1_Init
 .text.MX_SPI2_Init
                0x08001f04       0x80 CMakeFiles/x1.dir/Core/Src/spi.c.obj
                0x08001f04                MX_SPI2_Init
 .text.MX_SPI3_Init
                0x08001f84       0x7c CMakeFiles/x1.dir/Core/Src/spi.c.obj
                0x08001f84                MX_SPI3_Init
 .text.HAL_SPI_MspInit
                0x08002000      0x14c CMakeFiles/x1.dir/Core/Src/spi.c.obj
                0x08002000                HAL_SPI_MspInit
 .text.MX_TIM1_Init
                0x0800214c      0x210 CMakeFiles/x1.dir/Core/Src/tim.c.obj
                0x0800214c                MX_TIM1_Init
 .text.MX_TIM3_Init
                0x0800235c       0xa4 CMakeFiles/x1.dir/Core/Src/tim.c.obj
                0x0800235c                MX_TIM3_Init
 .text.HAL_TIM_Base_MspInit
                0x08002400       0x74 CMakeFiles/x1.dir/Core/Src/tim.c.obj
                0x08002400                HAL_TIM_Base_MspInit
 .text.HAL_TIM_MspPostInit
                0x08002474       0x70 CMakeFiles/x1.dir/Core/Src/tim.c.obj
                0x08002474                HAL_TIM_MspPostInit
 .text.NMI_Handler
                0x080024e4        0xc CMakeFiles/x1.dir/Core/Src/stm32g4xx_it.c.obj
                0x080024e4                NMI_Handler
 .text.HardFault_Handler
                0x080024f0        0x8 CMakeFiles/x1.dir/Core/Src/stm32g4xx_it.c.obj
                0x080024f0                HardFault_Handler
 .text.MemManage_Handler
                0x080024f8        0x8 CMakeFiles/x1.dir/Core/Src/stm32g4xx_it.c.obj
                0x080024f8                MemManage_Handler
 .text.BusFault_Handler
                0x08002500        0x8 CMakeFiles/x1.dir/Core/Src/stm32g4xx_it.c.obj
                0x08002500                BusFault_Handler
 .text.UsageFault_Handler
                0x08002508        0x8 CMakeFiles/x1.dir/Core/Src/stm32g4xx_it.c.obj
                0x08002508                UsageFault_Handler
 .text.SVC_Handler
                0x08002510        0xe CMakeFiles/x1.dir/Core/Src/stm32g4xx_it.c.obj
                0x08002510                SVC_Handler
 .text.DebugMon_Handler
                0x0800251e        0xe CMakeFiles/x1.dir/Core/Src/stm32g4xx_it.c.obj
                0x0800251e                DebugMon_Handler
 .text.PendSV_Handler
                0x0800252c        0xe CMakeFiles/x1.dir/Core/Src/stm32g4xx_it.c.obj
                0x0800252c                PendSV_Handler
 .text.SysTick_Handler
                0x0800253a        0xc CMakeFiles/x1.dir/Core/Src/stm32g4xx_it.c.obj
                0x0800253a                SysTick_Handler
 *fill*         0x08002546        0x2 
 .text.ADC1_2_IRQHandler
                0x08002548       0x80 CMakeFiles/x1.dir/Core/Src/stm32g4xx_it.c.obj
                0x08002548                ADC1_2_IRQHandler
 .text.FDCAN1_IT0_IRQHandler
                0x080025c8       0x14 CMakeFiles/x1.dir/Core/Src/stm32g4xx_it.c.obj
                0x080025c8                FDCAN1_IT0_IRQHandler
 .text.TIM1_UP_TIM16_IRQHandler
                0x080025dc       0x14 CMakeFiles/x1.dir/Core/Src/stm32g4xx_it.c.obj
                0x080025dc                TIM1_UP_TIM16_IRQHandler
 .text.HAL_FDCAN_RxFifo0Callback
                0x080025f0      0x104 CMakeFiles/x1.dir/Core/Src/stm32g4xx_it.c.obj
                0x080025f0                HAL_FDCAN_RxFifo0Callback
 .text.HAL_TIM_PeriodElapsedCallback
                0x080026f4      0x104 CMakeFiles/x1.dir/Core/Src/stm32g4xx_it.c.obj
                0x080026f4                HAL_TIM_PeriodElapsedCallback
 .text.HAL_MspInit
                0x080027f8       0x48 CMakeFiles/x1.dir/Core/Src/stm32g4xx_hal_msp.c.obj
                0x080027f8                HAL_MspInit
 .text._sbrk    0x08002840       0x70 CMakeFiles/x1.dir/Core/Src/sysmem.c.obj
                0x08002840                _sbrk
 .text.Reset_Handler
                0x080028b0       0x50 CMakeFiles/x1.dir/startup_stm32g474xx.s.obj
                0x080028b0                Reset_Handler
 .text.Default_Handler
                0x08002900        0x2 CMakeFiles/x1.dir/startup_stm32g474xx.s.obj
                0x08002900                RTC_Alarm_IRQHandler
                0x08002900                EXTI2_IRQHandler
                0x08002900                TIM8_TRG_COM_IRQHandler
                0x08002900                TIM8_CC_IRQHandler
                0x08002900                HRTIM1_Master_IRQHandler
                0x08002900                SPI4_IRQHandler
                0x08002900                FDCAN3_IT0_IRQHandler
                0x08002900                TIM1_CC_IRQHandler
                0x08002900                HRTIM1_FLT_IRQHandler
                0x08002900                HRTIM1_TIMF_IRQHandler
                0x08002900                USB_HP_IRQHandler
                0x08002900                CORDIC_IRQHandler
                0x08002900                HRTIM1_TIMD_IRQHandler
                0x08002900                DMA2_Channel8_IRQHandler
                0x08002900                EXTI3_IRQHandler
                0x08002900                I2C3_ER_IRQHandler
                0x08002900                EXTI0_IRQHandler
                0x08002900                I2C2_EV_IRQHandler
                0x08002900                FPU_IRQHandler
                0x08002900                FDCAN1_IT1_IRQHandler
                0x08002900                HRTIM1_TIME_IRQHandler
                0x08002900                SPI1_IRQHandler
                0x08002900                TIM6_DAC_IRQHandler
                0x08002900                HRTIM1_TIMC_IRQHandler
                0x08002900                TIM8_UP_IRQHandler
                0x08002900                DMA2_Channel2_IRQHandler
                0x08002900                DMA1_Channel4_IRQHandler
                0x08002900                TIM20_TRG_COM_IRQHandler
                0x08002900                USART3_IRQHandler
                0x08002900                DMA1_Channel7_IRQHandler
                0x08002900                UART5_IRQHandler
                0x08002900                ADC3_IRQHandler
                0x08002900                TIM4_IRQHandler
                0x08002900                DMA2_Channel1_IRQHandler
                0x08002900                QUADSPI_IRQHandler
                0x08002900                I2C1_EV_IRQHandler
                0x08002900                DMA1_Channel6_IRQHandler
                0x08002900                UART4_IRQHandler
                0x08002900                DMA2_Channel4_IRQHandler
                0x08002900                TIM3_IRQHandler
                0x08002900                RCC_IRQHandler
                0x08002900                TIM20_UP_IRQHandler
                0x08002900                DMA1_Channel1_IRQHandler
                0x08002900                Default_Handler
                0x08002900                DMA2_Channel7_IRQHandler
                0x08002900                RTC_TAMP_LSECSS_IRQHandler
                0x08002900                FMAC_IRQHandler
                0x08002900                EXTI15_10_IRQHandler
                0x08002900                DMA1_Channel8_IRQHandler
                0x08002900                HRTIM1_TIMA_IRQHandler
                0x08002900                TIM7_DAC_IRQHandler
                0x08002900                FDCAN3_IT1_IRQHandler
                0x08002900                TIM5_IRQHandler
                0x08002900                UCPD1_IRQHandler
                0x08002900                I2C3_EV_IRQHandler
                0x08002900                EXTI9_5_IRQHandler
                0x08002900                RTC_WKUP_IRQHandler
                0x08002900                PVD_PVM_IRQHandler
                0x08002900                SPI2_IRQHandler
                0x08002900                ADC5_IRQHandler
                0x08002900                DMA2_Channel5_IRQHandler
                0x08002900                CRS_IRQHandler
                0x08002900                DMA1_Channel5_IRQHandler
                0x08002900                USB_LP_IRQHandler
                0x08002900                EXTI4_IRQHandler
                0x08002900                RNG_IRQHandler
                0x08002900                HRTIM1_TIMB_IRQHandler
                0x08002900                TIM1_TRG_COM_TIM17_IRQHandler
                0x08002900                FDCAN2_IT1_IRQHandler
                0x08002900                DMA1_Channel3_IRQHandler
                0x08002900                ADC4_IRQHandler
                0x08002900                WWDG_IRQHandler
                0x08002900                I2C4_EV_IRQHandler
                0x08002900                FDCAN2_IT0_IRQHandler
                0x08002900                LPUART1_IRQHandler
                0x08002900                DMA2_Channel6_IRQHandler
                0x08002900                TIM2_IRQHandler
                0x08002900                COMP7_IRQHandler
                0x08002900                COMP1_2_3_IRQHandler
                0x08002900                EXTI1_IRQHandler
                0x08002900                USART2_IRQHandler
                0x08002900                COMP4_5_6_IRQHandler
                0x08002900                TIM20_BRK_IRQHandler
                0x08002900                I2C2_ER_IRQHandler
                0x08002900                DMA1_Channel2_IRQHandler
                0x08002900                TIM8_BRK_IRQHandler
                0x08002900                FLASH_IRQHandler
                0x08002900                TIM20_CC_IRQHandler
                0x08002900                USART1_IRQHandler
                0x08002900                SPI3_IRQHandler
                0x08002900                I2C1_ER_IRQHandler
                0x08002900                FMC_IRQHandler
                0x08002900                LPTIM1_IRQHandler
                0x08002900                DMAMUX_OVR_IRQHandler
                0x08002900                I2C4_ER_IRQHandler
                0x08002900                USBWakeUp_IRQHandler
                0x08002900                SAI1_IRQHandler
                0x08002900                DMA2_Channel3_IRQHandler
                0x08002900                TIM1_BRK_TIM15_IRQHandler
 .text.myabs    0x08002902       0x34 CMakeFiles/x1.dir/FOC/foc_alg.c.obj
                0x08002902                myabs
 .text.mymap    0x08002936       0x5c CMakeFiles/x1.dir/FOC/foc_alg.c.obj
                0x08002936                mymap
 *fill*         0x08002992        0x2 
 .text.Limit_angle
                0x08002994       0xec CMakeFiles/x1.dir/FOC/foc_alg.c.obj
                0x08002994                Limit_angle
 .text.Limit_angle_el
                0x08002a80       0x68 CMakeFiles/x1.dir/FOC/foc_alg.c.obj
                0x08002a80                Limit_angle_el
 .text.Limit_angle_flange
                0x08002ae8       0x4c CMakeFiles/x1.dir/FOC/foc_alg.c.obj
                0x08002ae8                Limit_angle_flange
 .text.update_angle
                0x08002b34      0x154 CMakeFiles/x1.dir/FOC/foc_alg.c.obj
                0x08002b34                update_angle
 .text.Calculate_angle_el
                0x08002c88       0x3c CMakeFiles/x1.dir/FOC/foc_alg.c.obj
                0x08002c88                Calculate_angle_el
 .text.Limit    0x08002cc4       0x52 CMakeFiles/x1.dir/FOC/foc_alg.c.obj
                0x08002cc4                Limit
 *fill*         0x08002d16        0x2 
 .text.Calculate_Park_N
                0x08002d18       0x7c CMakeFiles/x1.dir/FOC/foc_alg.c.obj
                0x08002d18                Calculate_Park_N
 .text.update_Park_N
                0x08002d94       0x6c CMakeFiles/x1.dir/FOC/foc_alg.c.obj
                0x08002d94                update_Park_N
 .text.Calculate_Clark
                0x08002e00       0x6c CMakeFiles/x1.dir/FOC/foc_alg.c.obj
                0x08002e00                Calculate_Clark
 .text.update_Clark
                0x08002e6c       0x58 CMakeFiles/x1.dir/FOC/foc_alg.c.obj
                0x08002e6c                update_Clark
 .text.Calculate_Park
                0x08002ec4       0x90 CMakeFiles/x1.dir/FOC/foc_alg.c.obj
                0x08002ec4                Calculate_Park
 .text.update_Park
                0x08002f54       0x6c CMakeFiles/x1.dir/FOC/foc_alg.c.obj
                0x08002f54                update_Park
 .text.set_pwm  0x08002fc0      0x118 CMakeFiles/x1.dir/FOC/foc_alg.c.obj
                0x08002fc0                set_pwm
 .text.Calculate_Sector
                0x080030d8      0x1c8 CMakeFiles/x1.dir/FOC/foc_alg.c.obj
                0x080030d8                Calculate_Sector
 .text.update_Sector
                0x080032a0       0x36 CMakeFiles/x1.dir/FOC/foc_alg.c.obj
                0x080032a0                update_Sector
 .text.Calculate_LPF
                0x080032d6       0x44 CMakeFiles/x1.dir/FOC/foc_alg.c.obj
                0x080032d6                Calculate_LPF
 .text.update_velocity_LPF
                0x0800331a       0xa4 CMakeFiles/x1.dir/FOC/foc_alg.c.obj
                0x0800331a                update_velocity_LPF
 *fill*         0x080033be        0x2 
 .text.Calculate_velocity_raw
                0x080033c0       0xec CMakeFiles/x1.dir/FOC/foc_alg.c.obj
                0x080033c0                Calculate_velocity_raw
 .text.Calculate_PID
                0x080034ac      0x10e CMakeFiles/x1.dir/FOC/foc_alg.c.obj
                0x080034ac                Calculate_PID
 *fill*         0x080035ba        0x2 
 .text.update_svpwm
                0x080035bc      0x4e4 CMakeFiles/x1.dir/FOC/foc_alg.c.obj
                0x080035bc                update_svpwm
 .text.update_dt
                0x08003aa0       0x34 CMakeFiles/x1.dir/FOC/foc_alg.c.obj
                0x08003aa0                update_dt
 .text.Calculate_Order_float
                0x08003ad4       0xe8 CMakeFiles/x1.dir/FOC/foc_alg.c.obj
                0x08003ad4                Calculate_Order_float
 .text.update_IaIbIc
                0x08003bbc      0x554 CMakeFiles/x1.dir/FOC/foc_alg.c.obj
                0x08003bbc                update_IaIbIc
 .text.update_Ioffset_nonblock
                0x08004110      0x360 CMakeFiles/x1.dir/FOC/foc_alg.c.obj
                0x08004110                update_Ioffset_nonblock
 .text.update_loopcount_rotor_block
                0x08004470      0x124 CMakeFiles/x1.dir/FOC/foc_alg.c.obj
                0x08004470                update_loopcount_rotor_block
 .text.stm32_set_pwm_A
                0x08004594       0x3c CMakeFiles/x1.dir/FOC/foc_drv.c.obj
                0x08004594                stm32_set_pwm_A
 .text.stm32_set_pwm_B
                0x080045d0       0x3c CMakeFiles/x1.dir/FOC/foc_drv.c.obj
                0x080045d0                stm32_set_pwm_B
 .text.stm32_set_pwm_C
                0x0800460c       0x3c CMakeFiles/x1.dir/FOC/foc_drv.c.obj
                0x0800460c                stm32_set_pwm_C
 .text.stm32_update_Ia_raw
                0x08004648       0x18 CMakeFiles/x1.dir/FOC/foc_drv.c.obj
                0x08004648                stm32_update_Ia_raw
 .text.stm32_update_Ib_raw
                0x08004660       0x18 CMakeFiles/x1.dir/FOC/foc_drv.c.obj
                0x08004660                stm32_update_Ib_raw
 .text.stm32_update_Ic_raw
                0x08004678       0x18 CMakeFiles/x1.dir/FOC/foc_drv.c.obj
                0x08004678                stm32_update_Ic_raw
 .text.stm32_cal_Ia
                0x08004690       0x4c CMakeFiles/x1.dir/FOC/foc_drv.c.obj
                0x08004690                stm32_cal_Ia
 .text.stm32_cal_Ib
                0x080046dc       0x4c CMakeFiles/x1.dir/FOC/foc_drv.c.obj
                0x080046dc                stm32_cal_Ib
 .text.stm32_cal_Ic
                0x08004728       0x4c CMakeFiles/x1.dir/FOC/foc_drv.c.obj
                0x08004728                stm32_cal_Ic
 .text.stm32_update_angle_raw
                0x08004774       0x1c CMakeFiles/x1.dir/FOC/foc_drv.c.obj
                0x08004774                stm32_update_angle_raw
 .text.stm32_cal_angle
                0x08004790       0x3c CMakeFiles/x1.dir/FOC/foc_drv.c.obj
                0x08004790                stm32_cal_angle
 .text.stm32_delayms
                0x080047cc       0x16 CMakeFiles/x1.dir/FOC/foc_drv.c.obj
                0x080047cc                stm32_delayms
 *fill*         0x080047e2        0x6 
 .text.stm32_update_dt
                0x080047e8       0x9c CMakeFiles/x1.dir/FOC/foc_drv.c.obj
                0x080047e8                stm32_update_dt
 *fill*         0x08004884        0x4 
 .text.foc_init
                0x08004888      0x3e8 CMakeFiles/x1.dir/FOC/foc_drv.c.obj
                0x08004888                foc_init
 .text.crc_table
                0x08004c70       0x4c CMakeFiles/x1.dir/others/mt6835.c.obj
 .text.mt6835_cs_control
                0x08004cbc       0x16 CMakeFiles/x1.dir/others/mt6835.c.obj
                0x08004cbc                mt6835_cs_control
 .text.mt6835_spi_send
                0x08004cd2       0x18 CMakeFiles/x1.dir/others/mt6835.c.obj
                0x08004cd2                mt6835_spi_send
 .text.mt6835_spi_recv
                0x08004cea       0x18 CMakeFiles/x1.dir/others/mt6835.c.obj
                0x08004cea                mt6835_spi_recv
 .text.mt6835_spi_send_recv
                0x08004d02       0x1a CMakeFiles/x1.dir/others/mt6835.c.obj
                0x08004d02                mt6835_spi_send_recv
 .text.mt6835_create
                0x08004d1c       0x34 CMakeFiles/x1.dir/others/mt6835.c.obj
                0x08004d1c                mt6835_create
 .text.mt6835_link_spi_cs_control
                0x08004d50       0x38 CMakeFiles/x1.dir/others/mt6835.c.obj
                0x08004d50                mt6835_link_spi_cs_control
 .text.mt6835_link_spi_send
                0x08004d88       0x34 CMakeFiles/x1.dir/others/mt6835.c.obj
                0x08004d88                mt6835_link_spi_send
 .text.mt6835_link_spi_recv
                0x08004dbc       0x34 CMakeFiles/x1.dir/others/mt6835.c.obj
                0x08004dbc                mt6835_link_spi_recv
 .text.mt6835_link_spi_send_recv
                0x08004df0       0x34 CMakeFiles/x1.dir/others/mt6835.c.obj
                0x08004df0                mt6835_link_spi_send_recv
 .text.mt6835_get_raw_angle
                0x08004e24      0x168 CMakeFiles/x1.dir/others/mt6835.c.obj
                0x08004e24                mt6835_get_raw_angle
 .text.mt6835_read_reg
                0x08004f8c       0x86 CMakeFiles/x1.dir/others/mt6835.c.obj
                0x08004f8c                mt6835_read_reg
 *fill*         0x08005012        0x2 
 .text.mt6835_cs_control
                0x08005014       0x38 CMakeFiles/x1.dir/others/mt6835_stm32_spi_port.c.obj
 .text.mt6835_spi_send
                0x0800504c       0x30 CMakeFiles/x1.dir/others/mt6835_stm32_spi_port.c.obj
 .text.mt6835_spi_recv
                0x0800507c       0x30 CMakeFiles/x1.dir/others/mt6835_stm32_spi_port.c.obj
 .text.mt6835_spi_send_recv
                0x080050ac       0x64 CMakeFiles/x1.dir/others/mt6835_stm32_spi_port.c.obj
 .text.mt6835_stm32_spi_port_init
                0x08005110       0x48 CMakeFiles/x1.dir/others/mt6835_stm32_spi_port.c.obj
                0x08005110                mt6835_stm32_spi_port_init
 .text.stm32_spi_send_recv
                0x08005158       0x2c CMakeFiles/x1.dir/others/MT6816.c.obj
                0x08005158                stm32_spi_send_recv
 .text.stm32_set_cs
                0x08005184       0x36 CMakeFiles/x1.dir/others/MT6816.c.obj
                0x08005184                stm32_set_cs
 *fill*         0x080051ba        0x2 
 .text.mt6816_init
                0x080051bc       0x28 CMakeFiles/x1.dir/others/MT6816.c.obj
                0x080051bc                mt6816_init
 .text.mt6816_update_angle
                0x080051e4       0x9c CMakeFiles/x1.dir/others/MT6816.c.obj
                0x080051e4                mt6816_update_angle
 .text.float_to_uint
                0x08005280       0x66 CMakeFiles/x1.dir/others/can_handler.c.obj
 .text.uint_to_float
                0x080052e6       0x64 CMakeFiles/x1.dir/others/can_handler.c.obj
 *fill*         0x0800534a        0x2 
 .text.can_update_cmd
                0x0800534c      0x114 CMakeFiles/x1.dir/others/can_handler.c.obj
                0x0800534c                can_update_cmd
 .text.can_update_data
                0x08005460      0x1dc CMakeFiles/x1.dir/others/can_handler.c.obj
                0x08005460                can_update_data
 .text.can_reset_cmd
                0x0800563c       0x54 CMakeFiles/x1.dir/others/can_handler.c.obj
                0x0800563c                can_reset_cmd
 .text.can_printf_cmd
                0x08005690      0x14c CMakeFiles/x1.dir/others/can_handler.c.obj
                0x08005690                can_printf_cmd
 .text.Can_Handler_Init
                0x080057dc       0xbc CMakeFiles/x1.dir/others/can_handler.c.obj
                0x080057dc                Can_Handler_Init
 .text.DRV835X_updateCfgPara
                0x08005898      0x204 CMakeFiles/x1.dir/others/drv_DRV835X.c.obj
                0x08005898                DRV835X_updateCfgPara
 .text.DRV835X_Init
                0x08005a9c       0x5c CMakeFiles/x1.dir/others/drv_DRV835X.c.obj
                0x08005a9c                DRV835X_Init
 .text.write_reg
                0x08005af8       0x90 CMakeFiles/x1.dir/others/drv_DRV835X.c.obj
 .text.read_reg
                0x08005b88       0x70 CMakeFiles/x1.dir/others/drv_DRV835X.c.obj
 .text.flash_erase_address
                0x08005bf8       0x40 CMakeFiles/x1.dir/others/flash.c.obj
                0x08005bf8                flash_erase_address
 .text.flash_write_single_address
                0x08005c38       0xa8 CMakeFiles/x1.dir/others/flash.c.obj
                0x08005c38                flash_write_single_address
 .text.flash_read
                0x08005ce0       0x22 CMakeFiles/x1.dir/others/flash.c.obj
                0x08005ce0                flash_read
 *fill*         0x08005d02        0x2 
 .text.get_next_flash_address
                0x08005d04       0xd4 CMakeFiles/x1.dir/others/flash.c.obj
                0x08005d04                get_next_flash_address
 .text.update_flash
                0x08005dd8       0x26 CMakeFiles/x1.dir/others/flash.c.obj
                0x08005dd8                update_flash
 .text.fsm_init
                0x08005dfe       0x28 CMakeFiles/x1.dir/others/fsm.c.obj
                0x08005dfe                fsm_init
 *fill*         0x08005e26        0x2 
 .text._DoInit  0x08005e28       0xb4 CMakeFiles/x1.dir/others/SEGGER_RTT.c.obj
 .text._WriteBlocking
                0x08005edc       0xba CMakeFiles/x1.dir/others/SEGGER_RTT.c.obj
 .text._WriteNoCheck
                0x08005f96       0x90 CMakeFiles/x1.dir/others/SEGGER_RTT.c.obj
 .text._GetAvailWriteSpace
                0x08006026       0x46 CMakeFiles/x1.dir/others/SEGGER_RTT.c.obj
 .text.SEGGER_RTT_WriteNoLock
                0x0800606c       0xa0 CMakeFiles/x1.dir/others/SEGGER_RTT.c.obj
                0x0800606c                SEGGER_RTT_WriteNoLock
 .text.SEGGER_RTT_Write
                0x0800610c       0x4c CMakeFiles/x1.dir/others/SEGGER_RTT.c.obj
                0x0800610c                SEGGER_RTT_Write
 .text.SEGGER_RTT_Init
                0x08006158        0xc CMakeFiles/x1.dir/others/SEGGER_RTT.c.obj
                0x08006158                SEGGER_RTT_Init
 .text.SEGGER_RTT_SetTerminal
                0x08006164       0xb8 CMakeFiles/x1.dir/others/SEGGER_RTT.c.obj
                0x08006164                SEGGER_RTT_SetTerminal
 .text._StoreChar
                0x0800621c       0x7c CMakeFiles/x1.dir/others/SEGGER_RTT_printf.c.obj
 .text._PrintUnsigned
                0x08006298      0x158 CMakeFiles/x1.dir/others/SEGGER_RTT_printf.c.obj
 .text._PrintInt
                0x080063f0      0x14e CMakeFiles/x1.dir/others/SEGGER_RTT_printf.c.obj
 *fill*         0x0800653e        0x2 
 .text._PrintFloat
                0x08006540      0x210 CMakeFiles/x1.dir/others/SEGGER_RTT_printf.c.obj
 .text.SEGGER_RTT_vprintf
                0x08006750      0x464 CMakeFiles/x1.dir/others/SEGGER_RTT_printf.c.obj
                0x08006750                SEGGER_RTT_vprintf
 .text.SEGGER_RTT_printf
                0x08006bb4       0x30 CMakeFiles/x1.dir/others/SEGGER_RTT_printf.c.obj
                0x08006bb4                SEGGER_RTT_printf
 .text.arm_sin_f32
                0x08006be4      0x104 CMakeFiles/x1.dir/Drivers/CMSIS/DSP/Source/FastMathFunctions/arm_sin_f32.c.obj
                0x08006be4                arm_sin_f32
 .text.arm_cos_f32
                0x08006ce8      0x10c CMakeFiles/x1.dir/Drivers/CMSIS/DSP/Source/FastMathFunctions/arm_cos_f32.c.obj
                0x08006ce8                arm_cos_f32
 .text.SystemInit
                0x08006df4       0x24 cmake/stm32cubemx/CMakeFiles/STM32_Drivers.dir/__/__/Core/Src/system_stm32g4xx.c.obj
                0x08006df4                SystemInit
 .text.LL_ADC_SetCommonClock
                0x08006e18       0x26 cmake/stm32cubemx/CMakeFiles/STM32_Drivers.dir/__/__/Drivers/STM32G4xx_HAL_Driver/Src/stm32g4xx_hal_adc.c.obj
 .text.LL_ADC_GetCommonPathInternalCh
                0x08006e3e       0x1c cmake/stm32cubemx/CMakeFiles/STM32_Drivers.dir/__/__/Drivers/STM32G4xx_HAL_Driver/Src/stm32g4xx_hal_adc.c.obj
 .text.LL_ADC_REG_IsTriggerSourceSWStart
                0x08006e5a       0x26 cmake/stm32cubemx/CMakeFiles/STM32_Drivers.dir/__/__/Drivers/STM32G4xx_HAL_Driver/Src/stm32g4xx_hal_adc.c.obj
 .text.LL_ADC_INJ_IsTriggerSourceSWStart
                0x08006e80       0x26 cmake/stm32cubemx/CMakeFiles/STM32_Drivers.dir/__/__/Drivers/STM32G4xx_HAL_Driver/Src/stm32g4xx_hal_adc.c.obj
 .text.LL_ADC_GetMultimode
                0x08006ea6       0x1c cmake/stm32cubemx/CMakeFiles/STM32_Drivers.dir/__/__/Drivers/STM32G4xx_HAL_Driver/Src/stm32g4xx_hal_adc.c.obj
 .text.LL_ADC_GetMultiDMATransfer
                0x08006ec2       0x1c cmake/stm32cubemx/CMakeFiles/STM32_Drivers.dir/__/__/Drivers/STM32G4xx_HAL_Driver/Src/stm32g4xx_hal_adc.c.obj
 .text.LL_ADC_DisableDeepPowerDown
                0x08006ede       0x24 cmake/stm32cubemx/CMakeFiles/STM32_Drivers.dir/__/__/Drivers/STM32G4xx_HAL_Driver/Src/stm32g4xx_hal_adc.c.obj
 .text.LL_ADC_IsDeepPowerDownEnabled
                0x08006f02       0x28 cmake/stm32cubemx/CMakeFiles/STM32_Drivers.dir/__/__/Drivers/STM32G4xx_HAL_Driver/Src/stm32g4xx_hal_adc.c.obj
 .text.LL_ADC_EnableInternalRegulator
                0x08006f2a       0x28 cmake/stm32cubemx/CMakeFiles/STM32_Drivers.dir/__/__/Drivers/STM32G4xx_HAL_Driver/Src/stm32g4xx_hal_adc.c.obj
 .text.LL_ADC_IsInternalRegulatorEnabled
                0x08006f52       0x28 cmake/stm32cubemx/CMakeFiles/STM32_Drivers.dir/__/__/Drivers/STM32G4xx_HAL_Driver/Src/stm32g4xx_hal_adc.c.obj
 .text.LL_ADC_Enable
                0x08006f7a       0x28 cmake/stm32cubemx/CMakeFiles/STM32_Drivers.dir/__/__/Drivers/STM32G4xx_HAL_Driver/Src/stm32g4xx_hal_adc.c.obj
 .text.LL_ADC_IsEnabled
                0x08006fa2       0x26 cmake/stm32cubemx/CMakeFiles/STM32_Drivers.dir/__/__/Drivers/STM32G4xx_HAL_Driver/Src/stm32g4xx_hal_adc.c.obj
 .text.LL_ADC_REG_IsConversionOngoing
                0x08006fc8       0x26 cmake/stm32cubemx/CMakeFiles/STM32_Drivers.dir/__/__/Drivers/STM32G4xx_HAL_Driver/Src/stm32g4xx_hal_adc.c.obj
 .text.LL_ADC_INJ_IsConversionOngoing
                0x08006fee       0x26 cmake/stm32cubemx/CMakeFiles/STM32_Drivers.dir/__/__/Drivers/STM32G4xx_HAL_Driver/Src/stm32g4xx_hal_adc.c.obj
 .text.HAL_ADC_Init
                0x08007014      0x378 cmake/stm32cubemx/CMakeFiles/STM32_Drivers.dir/__/__/Drivers/STM32G4xx_HAL_Driver/Src/stm32g4xx_hal_adc.c.obj
                0x08007014                HAL_ADC_Init
 .text.HAL_ADC_IRQHandler
                0x0800738c      0x4c0 cmake/stm32cubemx/CMakeFiles/STM32_Drivers.dir/__/__/Drivers/STM32G4xx_HAL_Driver/Src/stm32g4xx_hal_adc.c.obj
                0x0800738c                HAL_ADC_IRQHandler
 .text.HAL_ADC_ConvCpltCallback
                0x0800784c       0x14 cmake/stm32cubemx/CMakeFiles/STM32_Drivers.dir/__/__/Drivers/STM32G4xx_HAL_Driver/Src/stm32g4xx_hal_adc.c.obj
                0x0800784c                HAL_ADC_ConvCpltCallback
 .text.HAL_ADC_LevelOutOfWindowCallback
                0x08007860       0x14 cmake/stm32cubemx/CMakeFiles/STM32_Drivers.dir/__/__/Drivers/STM32G4xx_HAL_Driver/Src/stm32g4xx_hal_adc.c.obj
                0x08007860                HAL_ADC_LevelOutOfWindowCallback
 .text.HAL_ADC_ErrorCallback
                0x08007874       0x14 cmake/stm32cubemx/CMakeFiles/STM32_Drivers.dir/__/__/Drivers/STM32G4xx_HAL_Driver/Src/stm32g4xx_hal_adc.c.obj
                0x08007874                HAL_ADC_ErrorCallback
 .text.ADC_Enable
                0x08007888      0x12c cmake/stm32cubemx/CMakeFiles/STM32_Drivers.dir/__/__/Drivers/STM32G4xx_HAL_Driver/Src/stm32g4xx_hal_adc.c.obj
                0x08007888                ADC_Enable
 .text.LL_ADC_SetCommonPathInternalCh
                0x080079b4       0x26 cmake/stm32cubemx/CMakeFiles/STM32_Drivers.dir/__/__/Drivers/STM32G4xx_HAL_Driver/Src/stm32g4xx_hal_adc_ex.c.obj
 .text.LL_ADC_GetCommonPathInternalCh
                0x080079da       0x1c cmake/stm32cubemx/CMakeFiles/STM32_Drivers.dir/__/__/Drivers/STM32G4xx_HAL_Driver/Src/stm32g4xx_hal_adc_ex.c.obj
 *fill*         0x080079f6        0x2 
 .text.LL_ADC_SetOffset
                0x080079f8       0x48 cmake/stm32cubemx/CMakeFiles/STM32_Drivers.dir/__/__/Drivers/STM32G4xx_HAL_Driver/Src/stm32g4xx_hal_adc_ex.c.obj
 .text.LL_ADC_GetOffsetChannel
                0x08007a40       0x2c cmake/stm32cubemx/CMakeFiles/STM32_Drivers.dir/__/__/Drivers/STM32G4xx_HAL_Driver/Src/stm32g4xx_hal_adc_ex.c.obj
 .text.LL_ADC_SetOffsetState
                0x08007a6c       0x36 cmake/stm32cubemx/CMakeFiles/STM32_Drivers.dir/__/__/Drivers/STM32G4xx_HAL_Driver/Src/stm32g4xx_hal_adc_ex.c.obj
 .text.LL_ADC_SetOffsetSign
                0x08007aa2       0x36 cmake/stm32cubemx/CMakeFiles/STM32_Drivers.dir/__/__/Drivers/STM32G4xx_HAL_Driver/Src/stm32g4xx_hal_adc_ex.c.obj
 .text.LL_ADC_SetOffsetSaturation
                0x08007ad8       0x36 cmake/stm32cubemx/CMakeFiles/STM32_Drivers.dir/__/__/Drivers/STM32G4xx_HAL_Driver/Src/stm32g4xx_hal_adc_ex.c.obj
 .text.LL_ADC_SetSamplingTimeCommonConfig
                0x08007b0e       0x26 cmake/stm32cubemx/CMakeFiles/STM32_Drivers.dir/__/__/Drivers/STM32G4xx_HAL_Driver/Src/stm32g4xx_hal_adc_ex.c.obj
 .text.LL_ADC_INJ_GetTrigAuto
                0x08007b34       0x1c cmake/stm32cubemx/CMakeFiles/STM32_Drivers.dir/__/__/Drivers/STM32G4xx_HAL_Driver/Src/stm32g4xx_hal_adc_ex.c.obj
 .text.LL_ADC_SetChannelSamplingTime
                0x08007b50       0x56 cmake/stm32cubemx/CMakeFiles/STM32_Drivers.dir/__/__/Drivers/STM32G4xx_HAL_Driver/Src/stm32g4xx_hal_adc_ex.c.obj
 *fill*         0x08007ba6        0x2 
 .text.LL_ADC_SetChannelSingleDiff
                0x08007ba8       0x48 cmake/stm32cubemx/CMakeFiles/STM32_Drivers.dir/__/__/Drivers/STM32G4xx_HAL_Driver/Src/stm32g4xx_hal_adc_ex.c.obj
 .text.LL_ADC_GetMultimode
                0x08007bf0       0x1c cmake/stm32cubemx/CMakeFiles/STM32_Drivers.dir/__/__/Drivers/STM32G4xx_HAL_Driver/Src/stm32g4xx_hal_adc_ex.c.obj
 .text.LL_ADC_IsEnabled
                0x08007c0c       0x26 cmake/stm32cubemx/CMakeFiles/STM32_Drivers.dir/__/__/Drivers/STM32G4xx_HAL_Driver/Src/stm32g4xx_hal_adc_ex.c.obj
 .text.LL_ADC_REG_IsConversionOngoing
                0x08007c32       0x26 cmake/stm32cubemx/CMakeFiles/STM32_Drivers.dir/__/__/Drivers/STM32G4xx_HAL_Driver/Src/stm32g4xx_hal_adc_ex.c.obj
 .text.LL_ADC_INJ_StartConversion
                0x08007c58       0x28 cmake/stm32cubemx/CMakeFiles/STM32_Drivers.dir/__/__/Drivers/STM32G4xx_HAL_Driver/Src/stm32g4xx_hal_adc_ex.c.obj
 .text.LL_ADC_INJ_IsConversionOngoing
                0x08007c80       0x26 cmake/stm32cubemx/CMakeFiles/STM32_Drivers.dir/__/__/Drivers/STM32G4xx_HAL_Driver/Src/stm32g4xx_hal_adc_ex.c.obj
 *fill*         0x08007ca6        0x2 
 .text.HAL_ADCEx_InjectedStart
                0x08007ca8      0x1a0 cmake/stm32cubemx/CMakeFiles/STM32_Drivers.dir/__/__/Drivers/STM32G4xx_HAL_Driver/Src/stm32g4xx_hal_adc_ex.c.obj
                0x08007ca8                HAL_ADCEx_InjectedStart
 .text.HAL_ADCEx_InjectedGetValue
                0x08007e48       0x70 cmake/stm32cubemx/CMakeFiles/STM32_Drivers.dir/__/__/Drivers/STM32G4xx_HAL_Driver/Src/stm32g4xx_hal_adc_ex.c.obj
                0x08007e48                HAL_ADCEx_InjectedGetValue
 .text.HAL_ADCEx_InjectedConvCpltCallback
                0x08007eb8       0x14 cmake/stm32cubemx/CMakeFiles/STM32_Drivers.dir/__/__/Drivers/STM32G4xx_HAL_Driver/Src/stm32g4xx_hal_adc_ex.c.obj
                0x08007eb8                HAL_ADCEx_InjectedConvCpltCallback
 .text.HAL_ADCEx_InjectedQueueOverflowCallback
                0x08007ecc       0x14 cmake/stm32cubemx/CMakeFiles/STM32_Drivers.dir/__/__/Drivers/STM32G4xx_HAL_Driver/Src/stm32g4xx_hal_adc_ex.c.obj
                0x08007ecc                HAL_ADCEx_InjectedQueueOverflowCallback
 .text.HAL_ADCEx_LevelOutOfWindow2Callback
                0x08007ee0       0x14 cmake/stm32cubemx/CMakeFiles/STM32_Drivers.dir/__/__/Drivers/STM32G4xx_HAL_Driver/Src/stm32g4xx_hal_adc_ex.c.obj
                0x08007ee0                HAL_ADCEx_LevelOutOfWindow2Callback
 .text.HAL_ADCEx_LevelOutOfWindow3Callback
                0x08007ef4       0x14 cmake/stm32cubemx/CMakeFiles/STM32_Drivers.dir/__/__/Drivers/STM32G4xx_HAL_Driver/Src/stm32g4xx_hal_adc_ex.c.obj
                0x08007ef4                HAL_ADCEx_LevelOutOfWindow3Callback
 .text.HAL_ADCEx_EndOfSamplingCallback
                0x08007f08       0x14 cmake/stm32cubemx/CMakeFiles/STM32_Drivers.dir/__/__/Drivers/STM32G4xx_HAL_Driver/Src/stm32g4xx_hal_adc_ex.c.obj
                0x08007f08                HAL_ADCEx_EndOfSamplingCallback
 .text.HAL_ADCEx_InjectedConfigChannel
                0x08007f1c      0xa58 cmake/stm32cubemx/CMakeFiles/STM32_Drivers.dir/__/__/Drivers/STM32G4xx_HAL_Driver/Src/stm32g4xx_hal_adc_ex.c.obj
                0x08007f1c                HAL_ADCEx_InjectedConfigChannel
 .text.HAL_ADCEx_MultiModeConfigChannel
                0x08008974      0x210 cmake/stm32cubemx/CMakeFiles/STM32_Drivers.dir/__/__/Drivers/STM32G4xx_HAL_Driver/Src/stm32g4xx_hal_adc_ex.c.obj
                0x08008974                HAL_ADCEx_MultiModeConfigChannel
 .text.HAL_Init
                0x08008b84       0x30 cmake/stm32cubemx/CMakeFiles/STM32_Drivers.dir/__/__/Drivers/STM32G4xx_HAL_Driver/Src/stm32g4xx_hal.c.obj
                0x08008b84                HAL_Init
 .text.HAL_InitTick
                0x08008bb4       0x74 cmake/stm32cubemx/CMakeFiles/STM32_Drivers.dir/__/__/Drivers/STM32G4xx_HAL_Driver/Src/stm32g4xx_hal.c.obj
                0x08008bb4                HAL_InitTick
 .text.HAL_IncTick
                0x08008c28       0x24 cmake/stm32cubemx/CMakeFiles/STM32_Drivers.dir/__/__/Drivers/STM32G4xx_HAL_Driver/Src/stm32g4xx_hal.c.obj
                0x08008c28                HAL_IncTick
 .text.HAL_GetTick
                0x08008c4c       0x18 cmake/stm32cubemx/CMakeFiles/STM32_Drivers.dir/__/__/Drivers/STM32G4xx_HAL_Driver/Src/stm32g4xx_hal.c.obj
                0x08008c4c                HAL_GetTick
 .text.HAL_Delay
                0x08008c64       0x44 cmake/stm32cubemx/CMakeFiles/STM32_Drivers.dir/__/__/Drivers/STM32G4xx_HAL_Driver/Src/stm32g4xx_hal.c.obj
                0x08008c64                HAL_Delay
 .text.HAL_RCC_OscConfig
                0x08008ca8      0x624 cmake/stm32cubemx/CMakeFiles/STM32_Drivers.dir/__/__/Drivers/STM32G4xx_HAL_Driver/Src/stm32g4xx_hal_rcc.c.obj
                0x08008ca8                HAL_RCC_OscConfig
 .text.HAL_RCC_ClockConfig
                0x080092cc      0x278 cmake/stm32cubemx/CMakeFiles/STM32_Drivers.dir/__/__/Drivers/STM32G4xx_HAL_Driver/Src/stm32g4xx_hal_rcc.c.obj
                0x080092cc                HAL_RCC_ClockConfig
 .text.HAL_RCC_GetSysClockFreq
                0x08009544       0xc4 cmake/stm32cubemx/CMakeFiles/STM32_Drivers.dir/__/__/Drivers/STM32G4xx_HAL_Driver/Src/stm32g4xx_hal_rcc.c.obj
                0x08009544                HAL_RCC_GetSysClockFreq
 .text.HAL_RCC_EnableCSS
                0x08009608       0x20 cmake/stm32cubemx/CMakeFiles/STM32_Drivers.dir/__/__/Drivers/STM32G4xx_HAL_Driver/Src/stm32g4xx_hal_rcc.c.obj
                0x08009608                HAL_RCC_EnableCSS
 .text.HAL_RCC_NMI_IRQHandler
                0x08009628       0x28 cmake/stm32cubemx/CMakeFiles/STM32_Drivers.dir/__/__/Drivers/STM32G4xx_HAL_Driver/Src/stm32g4xx_hal_rcc.c.obj
                0x08009628                HAL_RCC_NMI_IRQHandler
 .text.HAL_RCC_CSSCallback
                0x08009650        0xe cmake/stm32cubemx/CMakeFiles/STM32_Drivers.dir/__/__/Drivers/STM32G4xx_HAL_Driver/Src/stm32g4xx_hal_rcc.c.obj
                0x08009650                HAL_RCC_CSSCallback
 *fill*         0x0800965e        0x2 
 .text.RCC_GetSysClockFreqFromPLLSource
                0x08009660       0x8c cmake/stm32cubemx/CMakeFiles/STM32_Drivers.dir/__/__/Drivers/STM32G4xx_HAL_Driver/Src/stm32g4xx_hal_rcc.c.obj
 .text.HAL_RCCEx_PeriphCLKConfig
                0x080096ec      0x49c cmake/stm32cubemx/CMakeFiles/STM32_Drivers.dir/__/__/Drivers/STM32G4xx_HAL_Driver/Src/stm32g4xx_hal_rcc_ex.c.obj
                0x080096ec                HAL_RCCEx_PeriphCLKConfig
 .text.HAL_FLASH_Program
                0x08009b88       0xd8 cmake/stm32cubemx/CMakeFiles/STM32_Drivers.dir/__/__/Drivers/STM32G4xx_HAL_Driver/Src/stm32g4xx_hal_flash.c.obj
                0x08009b88                HAL_FLASH_Program
 .text.HAL_FLASH_Unlock
                0x08009c60       0x44 cmake/stm32cubemx/CMakeFiles/STM32_Drivers.dir/__/__/Drivers/STM32G4xx_HAL_Driver/Src/stm32g4xx_hal_flash.c.obj
                0x08009c60                HAL_FLASH_Unlock
 .text.HAL_FLASH_Lock
                0x08009ca4       0x34 cmake/stm32cubemx/CMakeFiles/STM32_Drivers.dir/__/__/Drivers/STM32G4xx_HAL_Driver/Src/stm32g4xx_hal_flash.c.obj
                0x08009ca4                HAL_FLASH_Lock
 .text.FLASH_WaitForLastOperation
                0x08009cd8       0xa4 cmake/stm32cubemx/CMakeFiles/STM32_Drivers.dir/__/__/Drivers/STM32G4xx_HAL_Driver/Src/stm32g4xx_hal_flash.c.obj
                0x08009cd8                FLASH_WaitForLastOperation
 .text.FLASH_Program_DoubleWord
                0x08009d7c       0x4c cmake/stm32cubemx/CMakeFiles/STM32_Drivers.dir/__/__/Drivers/STM32G4xx_HAL_Driver/Src/stm32g4xx_hal_flash.c.obj
 .text.FLASH_Program_Fast
                0x08009dc8       0x6c cmake/stm32cubemx/CMakeFiles/STM32_Drivers.dir/__/__/Drivers/STM32G4xx_HAL_Driver/Src/stm32g4xx_hal_flash.c.obj
 .text.HAL_FLASHEx_Erase
                0x08009e34      0x138 cmake/stm32cubemx/CMakeFiles/STM32_Drivers.dir/__/__/Drivers/STM32G4xx_HAL_Driver/Src/stm32g4xx_hal_flash_ex.c.obj
                0x08009e34                HAL_FLASHEx_Erase
 .text.FLASH_MassErase
                0x08009f6c       0x70 cmake/stm32cubemx/CMakeFiles/STM32_Drivers.dir/__/__/Drivers/STM32G4xx_HAL_Driver/Src/stm32g4xx_hal_flash_ex.c.obj
 .text.FLASH_PageErase
                0x08009fdc       0x88 cmake/stm32cubemx/CMakeFiles/STM32_Drivers.dir/__/__/Drivers/STM32G4xx_HAL_Driver/Src/stm32g4xx_hal_flash_ex.c.obj
                0x08009fdc                FLASH_PageErase
 .text.FLASH_FlushCaches
                0x0800a064       0x94 cmake/stm32cubemx/CMakeFiles/STM32_Drivers.dir/__/__/Drivers/STM32G4xx_HAL_Driver/Src/stm32g4xx_hal_flash_ex.c.obj
                0x0800a064                FLASH_FlushCaches
 .text.HAL_GPIO_Init
                0x0800a0f8      0x318 cmake/stm32cubemx/CMakeFiles/STM32_Drivers.dir/__/__/Drivers/STM32G4xx_HAL_Driver/Src/stm32g4xx_hal_gpio.c.obj
                0x0800a0f8                HAL_GPIO_Init
 .text.HAL_GPIO_WritePin
                0x0800a410       0x30 cmake/stm32cubemx/CMakeFiles/STM32_Drivers.dir/__/__/Drivers/STM32G4xx_HAL_Driver/Src/stm32g4xx_hal_gpio.c.obj
                0x0800a410                HAL_GPIO_WritePin
 .text.HAL_GPIO_TogglePin
                0x0800a440       0x34 cmake/stm32cubemx/CMakeFiles/STM32_Drivers.dir/__/__/Drivers/STM32G4xx_HAL_Driver/Src/stm32g4xx_hal_gpio.c.obj
                0x0800a440                HAL_GPIO_TogglePin
 .text.HAL_PWREx_ControlVoltageScaling
                0x0800a474      0x148 cmake/stm32cubemx/CMakeFiles/STM32_Drivers.dir/__/__/Drivers/STM32G4xx_HAL_Driver/Src/stm32g4xx_hal_pwr_ex.c.obj
                0x0800a474                HAL_PWREx_ControlVoltageScaling
 .text.HAL_PWREx_DisableUCPDDeadBattery
                0x0800a5bc       0x20 cmake/stm32cubemx/CMakeFiles/STM32_Drivers.dir/__/__/Drivers/STM32G4xx_HAL_Driver/Src/stm32g4xx_hal_pwr_ex.c.obj
                0x0800a5bc                HAL_PWREx_DisableUCPDDeadBattery
 .text.__NVIC_SetPriorityGrouping
                0x0800a5dc       0x48 cmake/stm32cubemx/CMakeFiles/STM32_Drivers.dir/__/__/Drivers/STM32G4xx_HAL_Driver/Src/stm32g4xx_hal_cortex.c.obj
 .text.__NVIC_GetPriorityGrouping
                0x0800a624       0x1c cmake/stm32cubemx/CMakeFiles/STM32_Drivers.dir/__/__/Drivers/STM32G4xx_HAL_Driver/Src/stm32g4xx_hal_cortex.c.obj
 .text.__NVIC_EnableIRQ
                0x0800a640       0x3c cmake/stm32cubemx/CMakeFiles/STM32_Drivers.dir/__/__/Drivers/STM32G4xx_HAL_Driver/Src/stm32g4xx_hal_cortex.c.obj
 .text.__NVIC_SetPriority
                0x0800a67c       0x54 cmake/stm32cubemx/CMakeFiles/STM32_Drivers.dir/__/__/Drivers/STM32G4xx_HAL_Driver/Src/stm32g4xx_hal_cortex.c.obj
 .text.NVIC_EncodePriority
                0x0800a6d0       0x66 cmake/stm32cubemx/CMakeFiles/STM32_Drivers.dir/__/__/Drivers/STM32G4xx_HAL_Driver/Src/stm32g4xx_hal_cortex.c.obj
 *fill*         0x0800a736        0x2 
 .text.SysTick_Config
                0x0800a738       0x44 cmake/stm32cubemx/CMakeFiles/STM32_Drivers.dir/__/__/Drivers/STM32G4xx_HAL_Driver/Src/stm32g4xx_hal_cortex.c.obj
 .text.HAL_NVIC_SetPriorityGrouping
                0x0800a77c       0x16 cmake/stm32cubemx/CMakeFiles/STM32_Drivers.dir/__/__/Drivers/STM32G4xx_HAL_Driver/Src/stm32g4xx_hal_cortex.c.obj
                0x0800a77c                HAL_NVIC_SetPriorityGrouping
 .text.HAL_NVIC_SetPriority
                0x0800a792       0x34 cmake/stm32cubemx/CMakeFiles/STM32_Drivers.dir/__/__/Drivers/STM32G4xx_HAL_Driver/Src/stm32g4xx_hal_cortex.c.obj
                0x0800a792                HAL_NVIC_SetPriority
 .text.HAL_NVIC_EnableIRQ
                0x0800a7c6       0x1c cmake/stm32cubemx/CMakeFiles/STM32_Drivers.dir/__/__/Drivers/STM32G4xx_HAL_Driver/Src/stm32g4xx_hal_cortex.c.obj
                0x0800a7c6                HAL_NVIC_EnableIRQ
 .text.HAL_SYSTICK_Config
                0x0800a7e2       0x18 cmake/stm32cubemx/CMakeFiles/STM32_Drivers.dir/__/__/Drivers/STM32G4xx_HAL_Driver/Src/stm32g4xx_hal_cortex.c.obj
                0x0800a7e2                HAL_SYSTICK_Config
 *fill*         0x0800a7fa        0x2 
 .text.HAL_FDCAN_Init
                0x0800a7fc      0x2b4 cmake/stm32cubemx/CMakeFiles/STM32_Drivers.dir/__/__/Drivers/STM32G4xx_HAL_Driver/Src/stm32g4xx_hal_fdcan.c.obj
                0x0800a7fc                HAL_FDCAN_Init
 .text.HAL_FDCAN_ConfigFilter
                0x0800aab0       0xb4 cmake/stm32cubemx/CMakeFiles/STM32_Drivers.dir/__/__/Drivers/STM32G4xx_HAL_Driver/Src/stm32g4xx_hal_fdcan.c.obj
                0x0800aab0                HAL_FDCAN_ConfigFilter
 .text.HAL_FDCAN_ConfigGlobalFilter
                0x0800ab64       0x62 cmake/stm32cubemx/CMakeFiles/STM32_Drivers.dir/__/__/Drivers/STM32G4xx_HAL_Driver/Src/stm32g4xx_hal_fdcan.c.obj
                0x0800ab64                HAL_FDCAN_ConfigGlobalFilter
 .text.HAL_FDCAN_Start
                0x0800abc6       0x50 cmake/stm32cubemx/CMakeFiles/STM32_Drivers.dir/__/__/Drivers/STM32G4xx_HAL_Driver/Src/stm32g4xx_hal_fdcan.c.obj
                0x0800abc6                HAL_FDCAN_Start
 .text.HAL_FDCAN_AddMessageToTxFifoQ
                0x0800ac16       0x88 cmake/stm32cubemx/CMakeFiles/STM32_Drivers.dir/__/__/Drivers/STM32G4xx_HAL_Driver/Src/stm32g4xx_hal_fdcan.c.obj
                0x0800ac16                HAL_FDCAN_AddMessageToTxFifoQ
 *fill*         0x0800ac9e        0x2 
 .text.HAL_FDCAN_GetRxMessage
                0x0800aca0      0x210 cmake/stm32cubemx/CMakeFiles/STM32_Drivers.dir/__/__/Drivers/STM32G4xx_HAL_Driver/Src/stm32g4xx_hal_fdcan.c.obj
                0x0800aca0                HAL_FDCAN_GetRxMessage
 .text.HAL_FDCAN_ConfigInterruptLines
                0x0800aeb0       0x68 cmake/stm32cubemx/CMakeFiles/STM32_Drivers.dir/__/__/Drivers/STM32G4xx_HAL_Driver/Src/stm32g4xx_hal_fdcan.c.obj
                0x0800aeb0                HAL_FDCAN_ConfigInterruptLines
 .text.HAL_FDCAN_ActivateNotification
                0x0800af18      0x1cc cmake/stm32cubemx/CMakeFiles/STM32_Drivers.dir/__/__/Drivers/STM32G4xx_HAL_Driver/Src/stm32g4xx_hal_fdcan.c.obj
                0x0800af18                HAL_FDCAN_ActivateNotification
 .text.HAL_FDCAN_IRQHandler
                0x0800b0e4      0x266 cmake/stm32cubemx/CMakeFiles/STM32_Drivers.dir/__/__/Drivers/STM32G4xx_HAL_Driver/Src/stm32g4xx_hal_fdcan.c.obj
                0x0800b0e4                HAL_FDCAN_IRQHandler
 .text.HAL_FDCAN_TxEventFifoCallback
                0x0800b34a       0x16 cmake/stm32cubemx/CMakeFiles/STM32_Drivers.dir/__/__/Drivers/STM32G4xx_HAL_Driver/Src/stm32g4xx_hal_fdcan.c.obj
                0x0800b34a                HAL_FDCAN_TxEventFifoCallback
 .text.HAL_FDCAN_RxFifo1Callback
                0x0800b360       0x16 cmake/stm32cubemx/CMakeFiles/STM32_Drivers.dir/__/__/Drivers/STM32G4xx_HAL_Driver/Src/stm32g4xx_hal_fdcan.c.obj
                0x0800b360                HAL_FDCAN_RxFifo1Callback
 .text.HAL_FDCAN_TxFifoEmptyCallback
                0x0800b376       0x14 cmake/stm32cubemx/CMakeFiles/STM32_Drivers.dir/__/__/Drivers/STM32G4xx_HAL_Driver/Src/stm32g4xx_hal_fdcan.c.obj
                0x0800b376                HAL_FDCAN_TxFifoEmptyCallback
 .text.HAL_FDCAN_TxBufferCompleteCallback
                0x0800b38a       0x16 cmake/stm32cubemx/CMakeFiles/STM32_Drivers.dir/__/__/Drivers/STM32G4xx_HAL_Driver/Src/stm32g4xx_hal_fdcan.c.obj
                0x0800b38a                HAL_FDCAN_TxBufferCompleteCallback
 .text.HAL_FDCAN_TxBufferAbortCallback
                0x0800b3a0       0x16 cmake/stm32cubemx/CMakeFiles/STM32_Drivers.dir/__/__/Drivers/STM32G4xx_HAL_Driver/Src/stm32g4xx_hal_fdcan.c.obj
                0x0800b3a0                HAL_FDCAN_TxBufferAbortCallback
 .text.HAL_FDCAN_TimestampWraparoundCallback
                0x0800b3b6       0x14 cmake/stm32cubemx/CMakeFiles/STM32_Drivers.dir/__/__/Drivers/STM32G4xx_HAL_Driver/Src/stm32g4xx_hal_fdcan.c.obj
                0x0800b3b6                HAL_FDCAN_TimestampWraparoundCallback
 .text.HAL_FDCAN_TimeoutOccurredCallback
                0x0800b3ca       0x14 cmake/stm32cubemx/CMakeFiles/STM32_Drivers.dir/__/__/Drivers/STM32G4xx_HAL_Driver/Src/stm32g4xx_hal_fdcan.c.obj
                0x0800b3ca                HAL_FDCAN_TimeoutOccurredCallback
 .text.HAL_FDCAN_HighPriorityMessageCallback
                0x0800b3de       0x14 cmake/stm32cubemx/CMakeFiles/STM32_Drivers.dir/__/__/Drivers/STM32G4xx_HAL_Driver/Src/stm32g4xx_hal_fdcan.c.obj
                0x0800b3de                HAL_FDCAN_HighPriorityMessageCallback
 .text.HAL_FDCAN_ErrorCallback
                0x0800b3f2       0x14 cmake/stm32cubemx/CMakeFiles/STM32_Drivers.dir/__/__/Drivers/STM32G4xx_HAL_Driver/Src/stm32g4xx_hal_fdcan.c.obj
                0x0800b3f2                HAL_FDCAN_ErrorCallback
 .text.HAL_FDCAN_ErrorStatusCallback
                0x0800b406       0x16 cmake/stm32cubemx/CMakeFiles/STM32_Drivers.dir/__/__/Drivers/STM32G4xx_HAL_Driver/Src/stm32g4xx_hal_fdcan.c.obj
                0x0800b406                HAL_FDCAN_ErrorStatusCallback
 .text.FDCAN_CalcultateRamBlockAddresses
                0x0800b41c       0xd8 cmake/stm32cubemx/CMakeFiles/STM32_Drivers.dir/__/__/Drivers/STM32G4xx_HAL_Driver/Src/stm32g4xx_hal_fdcan.c.obj
 .text.FDCAN_CopyMessageToRAM
                0x0800b4f4       0xf8 cmake/stm32cubemx/CMakeFiles/STM32_Drivers.dir/__/__/Drivers/STM32G4xx_HAL_Driver/Src/stm32g4xx_hal_fdcan.c.obj
 .text.HAL_SPI_Init
                0x0800b5ec      0x156 cmake/stm32cubemx/CMakeFiles/STM32_Drivers.dir/__/__/Drivers/STM32G4xx_HAL_Driver/Src/stm32g4xx_hal_spi.c.obj
                0x0800b5ec                HAL_SPI_Init
 .text.HAL_SPI_Transmit
                0x0800b742      0x2ec cmake/stm32cubemx/CMakeFiles/STM32_Drivers.dir/__/__/Drivers/STM32G4xx_HAL_Driver/Src/stm32g4xx_hal_spi.c.obj
                0x0800b742                HAL_SPI_Transmit
 .text.HAL_SPI_Receive
                0x0800ba2e      0x270 cmake/stm32cubemx/CMakeFiles/STM32_Drivers.dir/__/__/Drivers/STM32G4xx_HAL_Driver/Src/stm32g4xx_hal_spi.c.obj
                0x0800ba2e                HAL_SPI_Receive
 .text.HAL_SPI_TransmitReceive
                0x0800bc9e      0x43e cmake/stm32cubemx/CMakeFiles/STM32_Drivers.dir/__/__/Drivers/STM32G4xx_HAL_Driver/Src/stm32g4xx_hal_spi.c.obj
                0x0800bc9e                HAL_SPI_TransmitReceive
 .text.HAL_SPI_GetState
                0x0800c0dc       0x1c cmake/stm32cubemx/CMakeFiles/STM32_Drivers.dir/__/__/Drivers/STM32G4xx_HAL_Driver/Src/stm32g4xx_hal_spi.c.obj
                0x0800c0dc                HAL_SPI_GetState
 .text.SPI_WaitFlagStateUntilTimeout
                0x0800c0f8      0x110 cmake/stm32cubemx/CMakeFiles/STM32_Drivers.dir/__/__/Drivers/STM32G4xx_HAL_Driver/Src/stm32g4xx_hal_spi.c.obj
 .text.SPI_WaitFifoStateUntilTimeout
                0x0800c208      0x12c cmake/stm32cubemx/CMakeFiles/STM32_Drivers.dir/__/__/Drivers/STM32G4xx_HAL_Driver/Src/stm32g4xx_hal_spi.c.obj
 .text.SPI_EndRxTransaction
                0x0800c334       0xb0 cmake/stm32cubemx/CMakeFiles/STM32_Drivers.dir/__/__/Drivers/STM32G4xx_HAL_Driver/Src/stm32g4xx_hal_spi.c.obj
 .text.SPI_EndRxTxTransaction
                0x0800c3e4       0x8c cmake/stm32cubemx/CMakeFiles/STM32_Drivers.dir/__/__/Drivers/STM32G4xx_HAL_Driver/Src/stm32g4xx_hal_spi.c.obj
 .text.HAL_TIM_Base_Init
                0x0800c470       0xae cmake/stm32cubemx/CMakeFiles/STM32_Drivers.dir/__/__/Drivers/STM32G4xx_HAL_Driver/Src/stm32g4xx_hal_tim.c.obj
                0x0800c470                HAL_TIM_Base_Init
 *fill*         0x0800c51e        0x2 
 .text.HAL_TIM_Base_Start
                0x0800c520       0xe0 cmake/stm32cubemx/CMakeFiles/STM32_Drivers.dir/__/__/Drivers/STM32G4xx_HAL_Driver/Src/stm32g4xx_hal_tim.c.obj
                0x0800c520                HAL_TIM_Base_Start
 .text.HAL_TIM_PWM_Init
                0x0800c600       0xae cmake/stm32cubemx/CMakeFiles/STM32_Drivers.dir/__/__/Drivers/STM32G4xx_HAL_Driver/Src/stm32g4xx_hal_tim.c.obj
                0x0800c600                HAL_TIM_PWM_Init
 .text.HAL_TIM_PWM_MspInit
                0x0800c6ae       0x14 cmake/stm32cubemx/CMakeFiles/STM32_Drivers.dir/__/__/Drivers/STM32G4xx_HAL_Driver/Src/stm32g4xx_hal_tim.c.obj
                0x0800c6ae                HAL_TIM_PWM_MspInit
 *fill*         0x0800c6c2        0x2 
 .text.HAL_TIM_PWM_Start
                0x0800c6c4      0x224 cmake/stm32cubemx/CMakeFiles/STM32_Drivers.dir/__/__/Drivers/STM32G4xx_HAL_Driver/Src/stm32g4xx_hal_tim.c.obj
                0x0800c6c4                HAL_TIM_PWM_Start
 .text.HAL_TIM_IRQHandler
                0x0800c8e8      0x29e cmake/stm32cubemx/CMakeFiles/STM32_Drivers.dir/__/__/Drivers/STM32G4xx_HAL_Driver/Src/stm32g4xx_hal_tim.c.obj
                0x0800c8e8                HAL_TIM_IRQHandler
 *fill*         0x0800cb86        0x2 
 .text.HAL_TIM_PWM_ConfigChannel
                0x0800cb88      0x228 cmake/stm32cubemx/CMakeFiles/STM32_Drivers.dir/__/__/Drivers/STM32G4xx_HAL_Driver/Src/stm32g4xx_hal_tim.c.obj
                0x0800cb88                HAL_TIM_PWM_ConfigChannel
 .text.HAL_TIM_ConfigClockSource
                0x0800cdb0      0x22c cmake/stm32cubemx/CMakeFiles/STM32_Drivers.dir/__/__/Drivers/STM32G4xx_HAL_Driver/Src/stm32g4xx_hal_tim.c.obj
                0x0800cdb0                HAL_TIM_ConfigClockSource
 .text.HAL_TIM_OC_DelayElapsedCallback
                0x0800cfdc       0x14 cmake/stm32cubemx/CMakeFiles/STM32_Drivers.dir/__/__/Drivers/STM32G4xx_HAL_Driver/Src/stm32g4xx_hal_tim.c.obj
                0x0800cfdc                HAL_TIM_OC_DelayElapsedCallback
 .text.HAL_TIM_IC_CaptureCallback
                0x0800cff0       0x14 cmake/stm32cubemx/CMakeFiles/STM32_Drivers.dir/__/__/Drivers/STM32G4xx_HAL_Driver/Src/stm32g4xx_hal_tim.c.obj
                0x0800cff0                HAL_TIM_IC_CaptureCallback
 .text.HAL_TIM_PWM_PulseFinishedCallback
                0x0800d004       0x14 cmake/stm32cubemx/CMakeFiles/STM32_Drivers.dir/__/__/Drivers/STM32G4xx_HAL_Driver/Src/stm32g4xx_hal_tim.c.obj
                0x0800d004                HAL_TIM_PWM_PulseFinishedCallback
 .text.HAL_TIM_TriggerCallback
                0x0800d018       0x14 cmake/stm32cubemx/CMakeFiles/STM32_Drivers.dir/__/__/Drivers/STM32G4xx_HAL_Driver/Src/stm32g4xx_hal_tim.c.obj
                0x0800d018                HAL_TIM_TriggerCallback
 .text.TIM_Base_SetConfig
                0x0800d02c      0x15c cmake/stm32cubemx/CMakeFiles/STM32_Drivers.dir/__/__/Drivers/STM32G4xx_HAL_Driver/Src/stm32g4xx_hal_tim.c.obj
                0x0800d02c                TIM_Base_SetConfig
 .text.TIM_OC1_SetConfig
                0x0800d188      0x138 cmake/stm32cubemx/CMakeFiles/STM32_Drivers.dir/__/__/Drivers/STM32G4xx_HAL_Driver/Src/stm32g4xx_hal_tim.c.obj
 .text.TIM_OC2_SetConfig
                0x0800d2c0      0x12c cmake/stm32cubemx/CMakeFiles/STM32_Drivers.dir/__/__/Drivers/STM32G4xx_HAL_Driver/Src/stm32g4xx_hal_tim.c.obj
                0x0800d2c0                TIM_OC2_SetConfig
 .text.TIM_OC3_SetConfig
                0x0800d3ec      0x128 cmake/stm32cubemx/CMakeFiles/STM32_Drivers.dir/__/__/Drivers/STM32G4xx_HAL_Driver/Src/stm32g4xx_hal_tim.c.obj
 .text.TIM_OC4_SetConfig
                0x0800d514      0x12c cmake/stm32cubemx/CMakeFiles/STM32_Drivers.dir/__/__/Drivers/STM32G4xx_HAL_Driver/Src/stm32g4xx_hal_tim.c.obj
 .text.TIM_OC5_SetConfig
                0x0800d640       0xd4 cmake/stm32cubemx/CMakeFiles/STM32_Drivers.dir/__/__/Drivers/STM32G4xx_HAL_Driver/Src/stm32g4xx_hal_tim.c.obj
 .text.TIM_OC6_SetConfig
                0x0800d714       0xd8 cmake/stm32cubemx/CMakeFiles/STM32_Drivers.dir/__/__/Drivers/STM32G4xx_HAL_Driver/Src/stm32g4xx_hal_tim.c.obj
 .text.TIM_TI1_ConfigInputStage
                0x0800d7ec       0xb4 cmake/stm32cubemx/CMakeFiles/STM32_Drivers.dir/__/__/Drivers/STM32G4xx_HAL_Driver/Src/stm32g4xx_hal_tim.c.obj
 .text.TIM_TI2_ConfigInputStage
                0x0800d8a0       0x90 cmake/stm32cubemx/CMakeFiles/STM32_Drivers.dir/__/__/Drivers/STM32G4xx_HAL_Driver/Src/stm32g4xx_hal_tim.c.obj
 .text.TIM_ITRx_SetConfig
                0x0800d930       0x3a cmake/stm32cubemx/CMakeFiles/STM32_Drivers.dir/__/__/Drivers/STM32G4xx_HAL_Driver/Src/stm32g4xx_hal_tim.c.obj
 .text.TIM_ETR_SetConfig
                0x0800d96a       0x40 cmake/stm32cubemx/CMakeFiles/STM32_Drivers.dir/__/__/Drivers/STM32G4xx_HAL_Driver/Src/stm32g4xx_hal_tim.c.obj
                0x0800d96a                TIM_ETR_SetConfig
 .text.TIM_CCxChannelCmd
                0x0800d9aa       0x4a cmake/stm32cubemx/CMakeFiles/STM32_Drivers.dir/__/__/Drivers/STM32G4xx_HAL_Driver/Src/stm32g4xx_hal_tim.c.obj
                0x0800d9aa                TIM_CCxChannelCmd
 .text.HAL_TIMEx_MasterConfigSynchronization
                0x0800d9f4      0x12c cmake/stm32cubemx/CMakeFiles/STM32_Drivers.dir/__/__/Drivers/STM32G4xx_HAL_Driver/Src/stm32g4xx_hal_tim_ex.c.obj
                0x0800d9f4                HAL_TIMEx_MasterConfigSynchronization
 .text.HAL_TIMEx_ConfigBreakDeadTime
                0x0800db20      0x128 cmake/stm32cubemx/CMakeFiles/STM32_Drivers.dir/__/__/Drivers/STM32G4xx_HAL_Driver/Src/stm32g4xx_hal_tim_ex.c.obj
                0x0800db20                HAL_TIMEx_ConfigBreakDeadTime
 .text.HAL_TIMEx_CommutCallback
                0x0800dc48       0x14 cmake/stm32cubemx/CMakeFiles/STM32_Drivers.dir/__/__/Drivers/STM32G4xx_HAL_Driver/Src/stm32g4xx_hal_tim_ex.c.obj
                0x0800dc48                HAL_TIMEx_CommutCallback
 .text.HAL_TIMEx_BreakCallback
                0x0800dc5c       0x14 cmake/stm32cubemx/CMakeFiles/STM32_Drivers.dir/__/__/Drivers/STM32G4xx_HAL_Driver/Src/stm32g4xx_hal_tim_ex.c.obj
                0x0800dc5c                HAL_TIMEx_BreakCallback
 .text.HAL_TIMEx_Break2Callback
                0x0800dc70       0x14 cmake/stm32cubemx/CMakeFiles/STM32_Drivers.dir/__/__/Drivers/STM32G4xx_HAL_Driver/Src/stm32g4xx_hal_tim_ex.c.obj
                0x0800dc70                HAL_TIMEx_Break2Callback
 .text.HAL_TIMEx_EncoderIndexCallback
                0x0800dc84       0x14 cmake/stm32cubemx/CMakeFiles/STM32_Drivers.dir/__/__/Drivers/STM32G4xx_HAL_Driver/Src/stm32g4xx_hal_tim_ex.c.obj
                0x0800dc84                HAL_TIMEx_EncoderIndexCallback
 .text.HAL_TIMEx_DirectionChangeCallback
                0x0800dc98       0x14 cmake/stm32cubemx/CMakeFiles/STM32_Drivers.dir/__/__/Drivers/STM32G4xx_HAL_Driver/Src/stm32g4xx_hal_tim_ex.c.obj
                0x0800dc98                HAL_TIMEx_DirectionChangeCallback
 .text.HAL_TIMEx_IndexErrorCallback
                0x0800dcac       0x14 cmake/stm32cubemx/CMakeFiles/STM32_Drivers.dir/__/__/Drivers/STM32G4xx_HAL_Driver/Src/stm32g4xx_hal_tim_ex.c.obj
                0x0800dcac                HAL_TIMEx_IndexErrorCallback
 .text.HAL_TIMEx_TransitionErrorCallback
                0x0800dcc0       0x14 cmake/stm32cubemx/CMakeFiles/STM32_Drivers.dir/__/__/Drivers/STM32G4xx_HAL_Driver/Src/stm32g4xx_hal_tim_ex.c.obj
                0x0800dcc0                HAL_TIMEx_TransitionErrorCallback
 *(.glue_7)
 .glue_7        0x0800dcd4        0x0 linker stubs
 *(.glue_7t)
 .glue_7t       0x0800dcd4        0x0 linker stubs
 *(.eh_frame)
 .eh_frame      0x0800dcd4        0x0 /usr/lib/gcc/arm-none-eabi/14.2.1/thumb/v7e-m+fp/hard/crtbegin.o
 *(.init)
 .init          0x0800dcd4        0x4 /usr/lib/gcc/arm-none-eabi/14.2.1/thumb/v7e-m+fp/hard/crti.o
                0x0800dcd4                _init
 .init          0x0800dcd8        0x8 /usr/lib/gcc/arm-none-eabi/14.2.1/thumb/v7e-m+fp/hard/crtn.o
 *(.fini)
 .fini          0x0800dce0        0x4 /usr/lib/gcc/arm-none-eabi/14.2.1/thumb/v7e-m+fp/hard/crti.o
                0x0800dce0                _fini
 .fini          0x0800dce4        0x8 /usr/lib/gcc/arm-none-eabi/14.2.1/thumb/v7e-m+fp/hard/crtn.o
                0x0800dcec                        . = ALIGN (0x4)
                0x0800dcec                        _etext = .

.vfp11_veneer   0x0800dcec        0x0
 .vfp11_veneer  0x0800dcec        0x0 linker stubs

.v4_bx          0x0800dcec        0x0
 .v4_bx         0x0800dcec        0x0 linker stubs

.iplt           0x0800dcec        0x0
 .iplt          0x0800dcec        0x0 /usr/lib/gcc/arm-none-eabi/14.2.1/thumb/v7e-m+fp/hard/crtbegin.o

.rodata         0x0800dcf0      0xa18
                0x0800dcf0                        . = ALIGN (0x4)
 *(.rodata)
 .rodata        0x0800dcf0       0x1c CMakeFiles/x1.dir/Core/Src/main.c.obj
 .rodata        0x0800dd0c      0x171 CMakeFiles/x1.dir/others/can_handler.c.obj
 *fill*         0x0800de7d        0x3 
 .rodata        0x0800de80        0x9 CMakeFiles/x1.dir/others/SEGGER_RTT.c.obj
 *fill*         0x0800de89        0x3 
 .rodata        0x0800de8c        0x7 CMakeFiles/x1.dir/others/SEGGER_RTT_printf.c.obj
 *fill*         0x0800de93        0x1 
 .rodata        0x0800de94        0x8 /usr/lib/gcc/arm-none-eabi/14.2.1/../../../arm-none-eabi/lib/thumb/v7e-m+fp/hard/libm.a(libm_a-ef_fmod.o)
 *fill*         0x0800de9c        0x4 
 .rodata        0x0800dea0       0x10 /usr/lib/gcc/arm-none-eabi/14.2.1/../../../arm-none-eabi/lib/thumb/v7e-m+fp/hard/libm.a(libm_a-e_fmod.o)
 *(.rodata*)
 .rodata._aTerminalId
                0x0800deb0       0x10 CMakeFiles/x1.dir/others/SEGGER_RTT.c.obj
 .rodata._aInitStr.0
                0x0800dec0       0x11 CMakeFiles/x1.dir/others/SEGGER_RTT.c.obj
 *fill*         0x0800ded1        0x3 
 .rodata._aV2C.0
                0x0800ded4       0x10 CMakeFiles/x1.dir/others/SEGGER_RTT_printf.c.obj
 .rodata.sinTable_f32
                0x0800dee4      0x804 CMakeFiles/x1.dir/Drivers/CMSIS/DSP/Source/CommonTables/CommonTables.c.obj
                0x0800dee4                sinTable_f32
 .rodata.AHBPrescTable
                0x0800e6e8       0x10 cmake/stm32cubemx/CMakeFiles/STM32_Drivers.dir/__/__/Core/Src/system_stm32g4xx.c.obj
                0x0800e6e8                AHBPrescTable
 .rodata.DLCtoBytes
                0x0800e6f8       0x10 cmake/stm32cubemx/CMakeFiles/STM32_Drivers.dir/__/__/Drivers/STM32G4xx_HAL_Driver/Src/stm32g4xx_hal_fdcan.c.obj
                0x0800e708                        . = ALIGN (0x4)

.ARM.extab      0x0800e708        0x0
                0x0800e708                        . = ALIGN (0x4)
 *(.ARM.extab* .gnu.linkonce.armextab.*)
                0x0800e708                        . = ALIGN (0x4)

.ARM            0x0800e708        0x8
                0x0800e708                        . = ALIGN (0x4)
                0x0800e708                        __exidx_start = .
 *(.ARM.exidx*)
 .ARM.exidx     0x0800e708        0x8 /usr/lib/gcc/arm-none-eabi/14.2.1/../../../arm-none-eabi/lib/thumb/v7e-m+fp/hard/libg_nano.a(libc_a-memcpy.o)
                0x0800e710                        __exidx_end = .
                0x0800e710                        . = ALIGN (0x4)

.preinit_array  0x0800e710        0x0
                0x0800e710                        . = ALIGN (0x4)
                0x0800e710                        PROVIDE (__preinit_array_start = .)
 *(.preinit_array*)
                0x0800e710                        PROVIDE (__preinit_array_end = .)
                0x0800e710                        . = ALIGN (0x4)

.init_array     0x0800e710        0x4
                0x0800e710                        . = ALIGN (0x4)
                0x0800e710                        PROVIDE (__init_array_start = .)
 *(SORT_BY_NAME(.init_array.*))
 *(.init_array*)
 .init_array    0x0800e710        0x4 /usr/lib/gcc/arm-none-eabi/14.2.1/thumb/v7e-m+fp/hard/crtbegin.o
                0x0800e714                        PROVIDE (__init_array_end = .)
                0x0800e714                        . = ALIGN (0x4)

.fini_array     0x0800e714        0x4
                0x0800e714                        . = ALIGN (0x4)
                0x0800e714                        PROVIDE (__fini_array_start = .)
 *(SORT_BY_NAME(.fini_array.*))
 *(.fini_array*)
 .fini_array    0x0800e714        0x4 /usr/lib/gcc/arm-none-eabi/14.2.1/thumb/v7e-m+fp/hard/crtbegin.o
                0x0800e718                        PROVIDE (__fini_array_end = .)
                0x0800e718                        . = ALIGN (0x4)
                0x0800e718                        _sidata = LOADADDR (.data)

.rel.dyn        0x0800e718        0x0
 .rel.iplt      0x0800e718        0x0 /usr/lib/gcc/arm-none-eabi/14.2.1/thumb/v7e-m+fp/hard/crtbegin.o

.data           0x20000000      0x18c load address 0x0800e718
                0x20000000                        . = ALIGN (0x4)
                0x20000000                        _sdata = .
 *(.data)
 .data          0x20000000       0x50 /usr/lib/gcc/arm-none-eabi/14.2.1/../../../arm-none-eabi/lib/thumb/v7e-m+fp/hard/libg_nano.a(libc_a-impure.o)
                0x20000000                _impure_ptr
                0x20000004                _impure_data
 *(.data*)
 .data.crc8_table
                0x20000050      0x100 CMakeFiles/x1.dir/others/mt6835.c.obj
 .data.stru_config
                0x20000150        0xf CMakeFiles/x1.dir/others/drv_DRV835X.c.obj
                0x20000150                stru_config
 *fill*         0x2000015f        0x1 
 .data.SystemCoreClock
                0x20000160        0x4 cmake/stm32cubemx/CMakeFiles/STM32_Drivers.dir/__/__/Core/Src/system_stm32g4xx.c.obj
                0x20000160                SystemCoreClock
 .data.uwTickPrio
                0x20000164        0x4 cmake/stm32cubemx/CMakeFiles/STM32_Drivers.dir/__/__/Drivers/STM32G4xx_HAL_Driver/Src/stm32g4xx_hal.c.obj
                0x20000164                uwTickPrio
 .data.uwTickFreq
                0x20000168        0x4 cmake/stm32cubemx/CMakeFiles/STM32_Drivers.dir/__/__/Drivers/STM32G4xx_HAL_Driver/Src/stm32g4xx_hal.c.obj
                0x20000168                uwTickFreq
 .data.pFlash   0x2000016c       0x20 cmake/stm32cubemx/CMakeFiles/STM32_Drivers.dir/__/__/Drivers/STM32G4xx_HAL_Driver/Src/stm32g4xx_hal_flash.c.obj
                0x2000016c                pFlash
 *(.RamFunc)
 *(.RamFunc*)
                0x2000018c                        . = ALIGN (0x4)

.tm_clone_table
                0x2000018c        0x0 load address 0x0800e8a4
 .tm_clone_table
                0x2000018c        0x0 /usr/lib/gcc/arm-none-eabi/14.2.1/thumb/v7e-m+fp/hard/crtbegin.o
 .tm_clone_table
                0x2000018c        0x0 /usr/lib/gcc/arm-none-eabi/14.2.1/thumb/v7e-m+fp/hard/crtend.o

.igot.plt       0x2000018c        0x0 load address 0x0800e8a4
 .igot.plt      0x2000018c        0x0 /usr/lib/gcc/arm-none-eabi/14.2.1/thumb/v7e-m+fp/hard/crtbegin.o

.tdata          0x2000018c        0x0 load address 0x0800e8a4
 *(.tdata .tdata.* .gnu.linkonce.td.*)
                0x2000018c                        . = ALIGN (0x4)
                0x2000018c                        _edata = .
                [!provide]                        PROVIDE (__data_end = .)
                [!provide]                        PROVIDE (__tdata_end = .)
                [!provide]                        PROVIDE (__tdata_start = ADDR (.tdata))
                [!provide]                        PROVIDE (__tdata_size = (__tdata_end - __tdata_start))
                [!provide]                        PROVIDE (__data_start = ADDR (.data))
                [!provide]                        PROVIDE (__data_size = (__data_end - __data_start))
                [!provide]                        PROVIDE (__tdata_source = LOADADDR (.tdata))
                [!provide]                        PROVIDE (__tdata_source_end = (LOADADDR (.tdata) + SIZEOF (.tdata)))
                [!provide]                        PROVIDE (__tdata_source_size = (__tdata_source_end - __tdata_source))
                [!provide]                        PROVIDE (__data_source = LOADADDR (.data))
                [!provide]                        PROVIDE (__data_source_end = __tdata_source_end)
                [!provide]                        PROVIDE (__data_source_size = (__data_source_end - __data_source))

.tbss           0x2000018c        0x0 load address 0x0800e8a4
                0x2000018c                        _sbss = .
                0x2000018c                        __bss_start__ = _sbss
 *(.tbss .tbss.*)
                0x2000018c                        . = ALIGN (0x4)
                [!provide]                        PROVIDE (__tbss_end = .)
                [!provide]                        PROVIDE (__tbss_start = ADDR (.tbss))
                [!provide]                        PROVIDE (__tbss_size = (__tbss_end - __tbss_start))
                [!provide]                        PROVIDE (__tbss_offset = (ADDR (.tbss) - ADDR (.tdata)))
                [!provide]                        PROVIDE (__tls_base = __tdata_start)
                [!provide]                        PROVIDE (__tls_end = __tbss_end)
                [!provide]                        PROVIDE (__tls_size = (__tls_end - __tls_base))
                [!provide]                        PROVIDE (__tls_align = MAX (ALIGNOF (.tdata), ALIGNOF (.tbss)))
                [!provide]                        PROVIDE (__tls_size_align = (((__tls_size + __tls_align) - 0x1) & ~ ((__tls_align - 0x1))))
                [!provide]                        PROVIDE (__arm32_tls_tcb_offset = MAX (0x8, __tls_align))
                [!provide]                        PROVIDE (__arm64_tls_tcb_offset = MAX (0x10, __tls_align))

.bss            0x20000190     0x10bc load address 0x0800e8a4
 *(.bss)
 .bss           0x20000190       0x1c /usr/lib/gcc/arm-none-eabi/14.2.1/thumb/v7e-m+fp/hard/crtbegin.o
 .bss           0x200001ac        0x8 /usr/lib/gcc/arm-none-eabi/14.2.1/../../../arm-none-eabi/lib/thumb/v7e-m+fp/hard/libg_nano.a(libc_a-mallocr.o)
                0x200001ac                __malloc_sbrk_start
                0x200001b0                __malloc_free_list
 .bss           0x200001b4      0x13c /usr/lib/gcc/arm-none-eabi/14.2.1/../../../arm-none-eabi/lib/thumb/v7e-m+fp/hard/libg_nano.a(libc_a-findfp.o)
                0x200001b4                __sf
                0x200002ec                __stdio_exit_handler
 .bss           0x200002f0        0x4 /usr/lib/gcc/arm-none-eabi/14.2.1/../../../arm-none-eabi/lib/thumb/v7e-m+fp/hard/libg_nano.a(libc_a-reent.o)
                0x200002f0                errno
 *(.bss*)
 .bss.fsm_motor
                0x200002f4        0xc CMakeFiles/x1.dir/Core/Src/main.c.obj
                0x200002f4                fsm_motor
 .bss.motor     0x20000300      0x478 CMakeFiles/x1.dir/Core/Src/main.c.obj
                0x20000300                motor
 .bss.mt6835    0x20000778        0x4 CMakeFiles/x1.dir/Core/Src/main.c.obj
                0x20000778                mt6835
 .bss.mt6816    0x2000077c       0x10 CMakeFiles/x1.dir/Core/Src/main.c.obj
                0x2000077c                mt6816
 .bss.motorconfig
                0x2000078c      0x248 CMakeFiles/x1.dir/Core/Src/main.c.obj
                0x2000078c                motorconfig
 .bss.can_handler
                0x200009d4       0x88 CMakeFiles/x1.dir/Core/Src/main.c.obj
                0x200009d4                can_handler
 .bss.isoffset_done
                0x20000a5c        0x4 CMakeFiles/x1.dir/Core/Src/main.c.obj
                0x20000a5c                isoffset_done
 .bss.hadc1     0x20000a60       0x6c CMakeFiles/x1.dir/Core/Src/adc.c.obj
                0x20000a60                hadc1
 .bss.hfdcan1   0x20000acc       0x64 CMakeFiles/x1.dir/Core/Src/fdcan.c.obj
                0x20000acc                hfdcan1
 .bss.hspi1     0x20000b30       0x64 CMakeFiles/x1.dir/Core/Src/spi.c.obj
                0x20000b30                hspi1
 .bss.hspi2     0x20000b94       0x64 CMakeFiles/x1.dir/Core/Src/spi.c.obj
                0x20000b94                hspi2
 .bss.hspi3     0x20000bf8       0x64 CMakeFiles/x1.dir/Core/Src/spi.c.obj
                0x20000bf8                hspi3
 .bss.htim1     0x20000c5c       0x4c CMakeFiles/x1.dir/Core/Src/tim.c.obj
                0x20000c5c                htim1
 .bss.htim3     0x20000ca8       0x4c CMakeFiles/x1.dir/Core/Src/tim.c.obj
                0x20000ca8                htim3
 .bss.heap_end  0x20000cf4        0x4 CMakeFiles/x1.dir/Core/Src/sysmem.c.obj
 .bss.Upark_N.85
                0x20000cf8        0x8 CMakeFiles/x1.dir/FOC/foc_alg.c.obj
 .bss.Upark_N.84
                0x20000d00        0x4 CMakeFiles/x1.dir/FOC/foc_alg.c.obj
 .bss.Iclark.81
                0x20000d04        0x8 CMakeFiles/x1.dir/FOC/foc_alg.c.obj
 .bss.Iclark.80
                0x20000d0c        0x4 CMakeFiles/x1.dir/FOC/foc_alg.c.obj
 .bss.Ipark.79  0x20000d10        0x8 CMakeFiles/x1.dir/FOC/foc_alg.c.obj
 .bss.Ipark.78  0x20000d18        0x4 CMakeFiles/x1.dir/FOC/foc_alg.c.obj
 .bss.K.77      0x20000d1c        0x4 CMakeFiles/x1.dir/FOC/foc_alg.c.obj
 .bss.Ux.76     0x20000d20        0x4 CMakeFiles/x1.dir/FOC/foc_alg.c.obj
 .bss.Uy.75     0x20000d24        0x4 CMakeFiles/x1.dir/FOC/foc_alg.c.obj
 .bss.Uz.74     0x20000d28        0x4 CMakeFiles/x1.dir/FOC/foc_alg.c.obj
 .bss.Tx.73     0x20000d2c        0x4 CMakeFiles/x1.dir/FOC/foc_alg.c.obj
 .bss.Ty.72     0x20000d30        0x4 CMakeFiles/x1.dir/FOC/foc_alg.c.obj
 .bss.Tz.71     0x20000d34        0x4 CMakeFiles/x1.dir/FOC/foc_alg.c.obj
 .bss.Tc.70     0x20000d38        0x4 CMakeFiles/x1.dir/FOC/foc_alg.c.obj
 .bss.Tb.69     0x20000d3c        0x4 CMakeFiles/x1.dir/FOC/foc_alg.c.obj
 .bss.Ta.68     0x20000d40        0x4 CMakeFiles/x1.dir/FOC/foc_alg.c.obj
 .bss.data_.46  0x20000d44        0xc CMakeFiles/x1.dir/FOC/foc_alg.c.obj
 .bss.count.45  0x20000d50        0x4 CMakeFiles/x1.dir/FOC/foc_alg.c.obj
 .bss.IA_offset_raw_all.44
                0x20000d54        0x4 CMakeFiles/x1.dir/FOC/foc_alg.c.obj
 .bss.IB_offset_raw_all.43
                0x20000d58        0x4 CMakeFiles/x1.dir/FOC/foc_alg.c.obj
 .bss.IC_offset_raw_all.42
                0x20000d5c        0x4 CMakeFiles/x1.dir/FOC/foc_alg.c.obj
 .bss.angle_A.10
                0x20000d60        0x4 CMakeFiles/x1.dir/FOC/foc_alg.c.obj
 .bss.angle_B.9
                0x20000d64        0x4 CMakeFiles/x1.dir/FOC/foc_alg.c.obj
 .bss.angle_B_.8
                0x20000d68        0x4 CMakeFiles/x1.dir/FOC/foc_alg.c.obj
 .bss.stru_DRV8353Obj
                0x20000d6c       0x10 CMakeFiles/x1.dir/others/drv_DRV835X.c.obj
                0x20000d6c                stru_DRV8353Obj
 .bss.uw_address.3
                0x20000d7c        0x4 CMakeFiles/x1.dir/others/flash.c.obj
 .bss.end_address.2
                0x20000d80        0x4 CMakeFiles/x1.dir/others/flash.c.obj
 .bss.data_buf.1
                0x20000d84        0x4 CMakeFiles/x1.dir/others/flash.c.obj
 .bss.data_len.0
                0x20000d88        0x4 CMakeFiles/x1.dir/others/flash.c.obj
 .bss._SEGGER_RTT
                0x20000d8c       0xa8 CMakeFiles/x1.dir/others/SEGGER_RTT.c.obj
                0x20000d8c                _SEGGER_RTT
 .bss._acUpBuffer
                0x20000e34      0x400 CMakeFiles/x1.dir/others/SEGGER_RTT.c.obj
 .bss._acDownBuffer
                0x20001234       0x10 CMakeFiles/x1.dir/others/SEGGER_RTT.c.obj
 .bss._ActiveTerminal
                0x20001244        0x1 CMakeFiles/x1.dir/others/SEGGER_RTT.c.obj
 *fill*         0x20001245        0x3 
 .bss.uwTick    0x20001248        0x4 cmake/stm32cubemx/CMakeFiles/STM32_Drivers.dir/__/__/Drivers/STM32G4xx_HAL_Driver/Src/stm32g4xx_hal.c.obj
                0x20001248                uwTick
 *(COMMON)
                0x2000124c                        . = ALIGN (0x4)
                0x2000124c                        _ebss = .
                0x2000124c                        __bss_end__ = _ebss
                [!provide]                        PROVIDE (__bss_end = .)
                [!provide]                        PROVIDE (__non_tls_bss_start = ADDR (.bss))
                [!provide]                        PROVIDE (__bss_start = __tbss_start)
                [!provide]                        PROVIDE (__bss_size = (__bss_end - __bss_start))

._user_heap_stack
                0x2000124c      0x604 load address 0x0800e8a4
                0x20001250                        . = ALIGN (0x8)
 *fill*         0x2000124c        0x4 
                [!provide]                        PROVIDE (end = .)
                0x20001250                        PROVIDE (_end = .)
                0x20001450                        . = (. + _Min_Heap_Size)
 *fill*         0x20001250      0x200 
                0x20001850                        . = (. + _Min_Stack_Size)
 *fill*         0x20001450      0x400 
                0x20001850                        . = ALIGN (0x8)

/DISCARD/
 libc.a:*(*)
 libm.a:*(*)
 libgcc.a:*(*)
OUTPUT(x1.elf elf32-littlearm)
LOAD linker stubs

.ARM.attributes
                0x00000000       0x30
 .ARM.attributes
                0x00000000       0x22 /usr/lib/gcc/arm-none-eabi/14.2.1/thumb/v7e-m+fp/hard/crti.o
 .ARM.attributes
                0x00000022       0x34 /usr/lib/gcc/arm-none-eabi/14.2.1/thumb/v7e-m+fp/hard/crtbegin.o
 .ARM.attributes
                0x00000056       0x34 CMakeFiles/x1.dir/Core/Src/main.c.obj
 .ARM.attributes
                0x0000008a       0x34 CMakeFiles/x1.dir/Core/Src/gpio.c.obj
 .ARM.attributes
                0x000000be       0x34 CMakeFiles/x1.dir/Core/Src/adc.c.obj
 .ARM.attributes
                0x000000f2       0x34 CMakeFiles/x1.dir/Core/Src/fdcan.c.obj
 .ARM.attributes
                0x00000126       0x34 CMakeFiles/x1.dir/Core/Src/spi.c.obj
 .ARM.attributes
                0x0000015a       0x34 CMakeFiles/x1.dir/Core/Src/tim.c.obj
 .ARM.attributes
                0x0000018e       0x34 CMakeFiles/x1.dir/Core/Src/stm32g4xx_it.c.obj
 .ARM.attributes
                0x000001c2       0x34 CMakeFiles/x1.dir/Core/Src/stm32g4xx_hal_msp.c.obj
 .ARM.attributes
                0x000001f6       0x34 CMakeFiles/x1.dir/Core/Src/sysmem.c.obj
 .ARM.attributes
                0x0000022a       0x21 CMakeFiles/x1.dir/startup_stm32g474xx.s.obj
 .ARM.attributes
                0x0000024b       0x34 CMakeFiles/x1.dir/FOC/foc_alg.c.obj
 .ARM.attributes
                0x0000027f       0x34 CMakeFiles/x1.dir/FOC/foc_drv.c.obj
 .ARM.attributes
                0x000002b3       0x34 CMakeFiles/x1.dir/others/mt6835.c.obj
 .ARM.attributes
                0x000002e7       0x34 CMakeFiles/x1.dir/others/mt6835_stm32_spi_port.c.obj
 .ARM.attributes
                0x0000031b       0x34 CMakeFiles/x1.dir/others/MT6816.c.obj
 .ARM.attributes
                0x0000034f       0x34 CMakeFiles/x1.dir/others/can_handler.c.obj
 .ARM.attributes
                0x00000383       0x34 CMakeFiles/x1.dir/others/drv_DRV835X.c.obj
 .ARM.attributes
                0x000003b7       0x34 CMakeFiles/x1.dir/others/flash.c.obj
 .ARM.attributes
                0x000003eb       0x34 CMakeFiles/x1.dir/others/fsm.c.obj
 .ARM.attributes
                0x0000041f       0x34 CMakeFiles/x1.dir/others/SEGGER_RTT.c.obj
 .ARM.attributes
                0x00000453       0x34 CMakeFiles/x1.dir/others/SEGGER_RTT_printf.c.obj
 .ARM.attributes
                0x00000487       0x34 CMakeFiles/x1.dir/Drivers/CMSIS/DSP/Source/FastMathFunctions/arm_sin_f32.c.obj
 .ARM.attributes
                0x000004bb       0x34 CMakeFiles/x1.dir/Drivers/CMSIS/DSP/Source/FastMathFunctions/arm_cos_f32.c.obj
 .ARM.attributes
                0x000004ef       0x34 CMakeFiles/x1.dir/Drivers/CMSIS/DSP/Source/CommonTables/CommonTables.c.obj
 .ARM.attributes
                0x00000523       0x34 cmake/stm32cubemx/CMakeFiles/STM32_Drivers.dir/__/__/Core/Src/system_stm32g4xx.c.obj
 .ARM.attributes
                0x00000557       0x34 cmake/stm32cubemx/CMakeFiles/STM32_Drivers.dir/__/__/Drivers/STM32G4xx_HAL_Driver/Src/stm32g4xx_hal_adc.c.obj
 .ARM.attributes
                0x0000058b       0x34 cmake/stm32cubemx/CMakeFiles/STM32_Drivers.dir/__/__/Drivers/STM32G4xx_HAL_Driver/Src/stm32g4xx_hal_adc_ex.c.obj
 .ARM.attributes
                0x000005bf       0x34 cmake/stm32cubemx/CMakeFiles/STM32_Drivers.dir/__/__/Drivers/STM32G4xx_HAL_Driver/Src/stm32g4xx_hal.c.obj
 .ARM.attributes
                0x000005f3       0x34 cmake/stm32cubemx/CMakeFiles/STM32_Drivers.dir/__/__/Drivers/STM32G4xx_HAL_Driver/Src/stm32g4xx_hal_rcc.c.obj
 .ARM.attributes
                0x00000627       0x34 cmake/stm32cubemx/CMakeFiles/STM32_Drivers.dir/__/__/Drivers/STM32G4xx_HAL_Driver/Src/stm32g4xx_hal_rcc_ex.c.obj
 .ARM.attributes
                0x0000065b       0x34 cmake/stm32cubemx/CMakeFiles/STM32_Drivers.dir/__/__/Drivers/STM32G4xx_HAL_Driver/Src/stm32g4xx_hal_flash.c.obj
 .ARM.attributes
                0x0000068f       0x34 cmake/stm32cubemx/CMakeFiles/STM32_Drivers.dir/__/__/Drivers/STM32G4xx_HAL_Driver/Src/stm32g4xx_hal_flash_ex.c.obj
 .ARM.attributes
                0x000006c3       0x34 cmake/stm32cubemx/CMakeFiles/STM32_Drivers.dir/__/__/Drivers/STM32G4xx_HAL_Driver/Src/stm32g4xx_hal_gpio.c.obj
 .ARM.attributes
                0x000006f7       0x34 cmake/stm32cubemx/CMakeFiles/STM32_Drivers.dir/__/__/Drivers/STM32G4xx_HAL_Driver/Src/stm32g4xx_hal_pwr_ex.c.obj
 .ARM.attributes
                0x0000072b       0x34 cmake/stm32cubemx/CMakeFiles/STM32_Drivers.dir/__/__/Drivers/STM32G4xx_HAL_Driver/Src/stm32g4xx_hal_cortex.c.obj
 .ARM.attributes
                0x0000075f       0x34 cmake/stm32cubemx/CMakeFiles/STM32_Drivers.dir/__/__/Drivers/STM32G4xx_HAL_Driver/Src/stm32g4xx_hal_fdcan.c.obj
 .ARM.attributes
                0x00000793       0x34 cmake/stm32cubemx/CMakeFiles/STM32_Drivers.dir/__/__/Drivers/STM32G4xx_HAL_Driver/Src/stm32g4xx_hal_spi.c.obj
 .ARM.attributes
                0x000007c7       0x34 cmake/stm32cubemx/CMakeFiles/STM32_Drivers.dir/__/__/Drivers/STM32G4xx_HAL_Driver/Src/stm32g4xx_hal_tim.c.obj
 .ARM.attributes
                0x000007fb       0x34 cmake/stm32cubemx/CMakeFiles/STM32_Drivers.dir/__/__/Drivers/STM32G4xx_HAL_Driver/Src/stm32g4xx_hal_tim_ex.c.obj
 .ARM.attributes
                0x0000082f       0x34 /usr/lib/gcc/arm-none-eabi/14.2.1/../../../arm-none-eabi/lib/thumb/v7e-m+fp/hard/libm.a(libm_a-wf_fmod.o)
 .ARM.attributes
                0x00000863       0x34 /usr/lib/gcc/arm-none-eabi/14.2.1/../../../arm-none-eabi/lib/thumb/v7e-m+fp/hard/libm.a(libm_a-w_fmod.o)
 .ARM.attributes
                0x00000897       0x34 /usr/lib/gcc/arm-none-eabi/14.2.1/../../../arm-none-eabi/lib/thumb/v7e-m+fp/hard/libm.a(libm_a-ef_fmod.o)
 .ARM.attributes
                0x000008cb       0x34 /usr/lib/gcc/arm-none-eabi/14.2.1/../../../arm-none-eabi/lib/thumb/v7e-m+fp/hard/libm.a(libm_a-e_fmod.o)
 .ARM.attributes
                0x000008ff       0x22 /usr/lib/gcc/arm-none-eabi/14.2.1/thumb/v7e-m+fp/hard/libgcc.a(_arm_addsubdf3.o)
 .ARM.attributes
                0x00000921       0x22 /usr/lib/gcc/arm-none-eabi/14.2.1/thumb/v7e-m+fp/hard/libgcc.a(_arm_muldivdf3.o)
 .ARM.attributes
                0x00000943       0x22 /usr/lib/gcc/arm-none-eabi/14.2.1/thumb/v7e-m+fp/hard/libgcc.a(_arm_cmpdf2.o)
 .ARM.attributes
                0x00000965       0x22 /usr/lib/gcc/arm-none-eabi/14.2.1/thumb/v7e-m+fp/hard/libgcc.a(_arm_unorddf2.o)
 .ARM.attributes
                0x00000987       0x22 /usr/lib/gcc/arm-none-eabi/14.2.1/thumb/v7e-m+fp/hard/libgcc.a(_arm_fixdfsi.o)