Archive member included to satisfy reference by file (symbol)

/usr/lib/gcc/arm-none-eabi/14.2.1/../../../arm-none-eabi/lib/thumb/v7e-m+fp/hard/libm.a(libm_a-wf_fmod.o)
                              CMakeFiles/x1.dir/FOC/foc_alg.c.obj (fmodf)
/usr/lib/gcc/arm-none-eabi/14.2.1/../../../arm-none-eabi/lib/thumb/v7e-m+fp/hard/libm.a(libm_a-w_pow.o)
                              CMakeFiles/x1.dir/FOC/foc_alg.c.obj (pow)
/usr/lib/gcc/arm-none-eabi/14.2.1/../../../arm-none-eabi/lib/thumb/v7e-m+fp/hard/libm.a(libm_a-w_fmod.o)
                              CMakeFiles/x1.dir/FOC/foc_alg.c.obj (fmod)
/usr/lib/gcc/arm-none-eabi/14.2.1/../../../arm-none-eabi/lib/thumb/v7e-m+fp/hard/libm.a(libm_a-ef_fmod.o)
                              /usr/lib/gcc/arm-none-eabi/14.2.1/../../../arm-none-eabi/lib/thumb/v7e-m+fp/hard/libm.a(libm_a-wf_fmod.o) (__ieee754_fmodf)
/usr/lib/gcc/arm-none-eabi/14.2.1/../../../arm-none-eabi/lib/thumb/v7e-m+fp/hard/libm.a(libm_a-sf_cos.o)
                              CMakeFiles/x1.dir/FOC/foc_alg.c.obj (cosf)
/usr/lib/gcc/arm-none-eabi/14.2.1/../../../arm-none-eabi/lib/thumb/v7e-m+fp/hard/libm.a(libm_a-s_round.o)
                              CMakeFiles/x1.dir/FOC/foc_alg.c.obj (round)
/usr/lib/gcc/arm-none-eabi/14.2.1/../../../arm-none-eabi/lib/thumb/v7e-m+fp/hard/libm.a(libm_a-e_pow.o)
                              /usr/lib/gcc/arm-none-eabi/14.2.1/../../../arm-none-eabi/lib/thumb/v7e-m+fp/hard/libm.a(libm_a-w_pow.o) (__ieee754_pow)
/usr/lib/gcc/arm-none-eabi/14.2.1/../../../arm-none-eabi/lib/thumb/v7e-m+fp/hard/libm.a(libm_a-e_sqrt.o)
                              /usr/lib/gcc/arm-none-eabi/14.2.1/../../../arm-none-eabi/lib/thumb/v7e-m+fp/hard/libm.a(libm_a-e_pow.o) (__ieee754_sqrt)
/usr/lib/gcc/arm-none-eabi/14.2.1/../../../arm-none-eabi/lib/thumb/v7e-m+fp/hard/libm.a(libm_a-sf_round.o)
                              CMakeFiles/x1.dir/others/mt6835.c.obj (roundf)
/usr/lib/gcc/arm-none-eabi/14.2.1/../../../arm-none-eabi/lib/thumb/v7e-m+fp/hard/libm.a(libm_a-s_floor.o)
                              CMakeFiles/x1.dir/FOC/foc_alg.c.obj (floor)
/usr/lib/gcc/arm-none-eabi/14.2.1/../../../arm-none-eabi/lib/thumb/v7e-m+fp/hard/libm.a(libm_a-kf_cos.o)
                              /usr/lib/gcc/arm-none-eabi/14.2.1/../../../arm-none-eabi/lib/thumb/v7e-m+fp/hard/libm.a(libm_a-sf_cos.o) (__kernel_cosf)
/usr/lib/gcc/arm-none-eabi/14.2.1/../../../arm-none-eabi/lib/thumb/v7e-m+fp/hard/libm.a(libm_a-sf_sin.o)
                              CMakeFiles/x1.dir/FOC/foc_alg.c.obj (sinf)
/usr/lib/gcc/arm-none-eabi/14.2.1/../../../arm-none-eabi/lib/thumb/v7e-m+fp/hard/libm.a(libm_a-e_fmod.o)
                              /usr/lib/gcc/arm-none-eabi/14.2.1/../../../arm-none-eabi/lib/thumb/v7e-m+fp/hard/libm.a(libm_a-w_fmod.o) (__ieee754_fmod)
/usr/lib/gcc/arm-none-eabi/14.2.1/../../../arm-none-eabi/lib/thumb/v7e-m+fp/hard/libm.a(libm_a-s_finite.o)
                              /usr/lib/gcc/arm-none-eabi/14.2.1/../../../arm-none-eabi/lib/thumb/v7e-m+fp/hard/libm.a(libm_a-w_pow.o) (finite)
/usr/lib/gcc/arm-none-eabi/14.2.1/../../../arm-none-eabi/lib/thumb/v7e-m+fp/hard/libm.a(libm_a-kf_sin.o)
                              /usr/lib/gcc/arm-none-eabi/14.2.1/../../../arm-none-eabi/lib/thumb/v7e-m+fp/hard/libm.a(libm_a-sf_cos.o) (__kernel_sinf)
/usr/lib/gcc/arm-none-eabi/14.2.1/../../../arm-none-eabi/lib/thumb/v7e-m+fp/hard/libm.a(libm_a-s_fabs.o)
                              /usr/lib/gcc/arm-none-eabi/14.2.1/../../../arm-none-eabi/lib/thumb/v7e-m+fp/hard/libm.a(libm_a-e_pow.o) (fabs)
/usr/lib/gcc/arm-none-eabi/14.2.1/../../../arm-none-eabi/lib/thumb/v7e-m+fp/hard/libm.a(libm_a-math_err.o)
                              /usr/lib/gcc/arm-none-eabi/14.2.1/../../../arm-none-eabi/lib/thumb/v7e-m+fp/hard/libm.a(libm_a-e_pow.o) (__math_uflow)
/usr/lib/gcc/arm-none-eabi/14.2.1/../../../arm-none-eabi/lib/thumb/v7e-m+fp/hard/libm.a(libm_a-ef_rem_pio2.o)
                              /usr/lib/gcc/arm-none-eabi/14.2.1/../../../arm-none-eabi/lib/thumb/v7e-m+fp/hard/libm.a(libm_a-sf_cos.o) (__ieee754_rem_pio2f)
/usr/lib/gcc/arm-none-eabi/14.2.1/../../../arm-none-eabi/lib/thumb/v7e-m+fp/hard/libm.a(libm_a-sf_fabs.o)
                              /usr/lib/gcc/arm-none-eabi/14.2.1/../../../arm-none-eabi/lib/thumb/v7e-m+fp/hard/libm.a(libm_a-ef_rem_pio2.o) (fabsf)
/usr/lib/gcc/arm-none-eabi/14.2.1/../../../arm-none-eabi/lib/thumb/v7e-m+fp/hard/libm.a(libm_a-kf_rem_pio2.o)
                              /usr/lib/gcc/arm-none-eabi/14.2.1/../../../arm-none-eabi/lib/thumb/v7e-m+fp/hard/libm.a(libm_a-ef_rem_pio2.o) (__kernel_rem_pio2f)
/usr/lib/gcc/arm-none-eabi/14.2.1/../../../arm-none-eabi/lib/thumb/v7e-m+fp/hard/libm.a(libm_a-s_scalbn.o)
                              /usr/lib/gcc/arm-none-eabi/14.2.1/../../../arm-none-eabi/lib/thumb/v7e-m+fp/hard/libm.a(libm_a-e_pow.o) (scalbn)
/usr/lib/gcc/arm-none-eabi/14.2.1/../../../arm-none-eabi/lib/thumb/v7e-m+fp/hard/libm.a(libm_a-sf_scalbn.o)
[...]
Memory Configuration

Name             Origin             Length             Attributes
RAM              0x20000000         0x00020000         xrw
FLASH            0x08000000         0x00080000         xr
*default*        0x00000000         0xffffffff

Linker script and memory map

LOAD /usr/lib/gcc/arm-none-eabi/14.2.1/thumb/v7e-m+fp/hard/crti.o
LOAD /usr/lib/gcc/arm-none-eabi/14.2.1/thumb/v7e-m+fp/hard/crtbegin.o
LOAD /usr/lib/gcc/arm-none-eabi/14.2.1/../../../arm-none-eabi/lib/thumb/v7e-m+fp/hard/crt0.o
LOAD CMakeFiles/x1.dir/Core/Src/main.c.obj
LOAD CMakeFiles/x1.dir/Core/Src/gpio.c.obj
LOAD CMakeFiles/x1.dir/Core/Src/adc.c.obj
LOAD CMakeFiles/x1.dir/Core/Src/fdcan.c.obj
LOAD CMakeFiles/x1.dir/Core/Src/spi.c.obj
LOAD CMakeFiles/x1.dir/Core/Src/tim.c.obj
LOAD CMakeFiles/x1.dir/Core/Src/stm32g4xx_it.c.obj
LOAD CMakeFiles/x1.dir/Core/Src/stm32g4xx_hal_msp.c.obj
LOAD CMakeFiles/x1.dir/Core/Src/sysmem.c.obj
LOAD CMakeFiles/x1.dir/Core/Src/syscalls.c.obj
LOAD CMakeFiles/x1.dir/startup_stm32g474xx.s.obj
LOAD CMakeFiles/x1.dir/FOC/foc_alg.c.obj
LOAD CMakeFiles/x1.dir/FOC/foc_drv.c.obj
LOAD CMakeFiles/x1.dir/others/mt6835.c.obj
LOAD CMakeFiles/x1.dir/others/mt6835_stm32_spi_port.c.obj
LOAD CMakeFiles/x1.dir/others/MT6816.c.obj
LOAD CMakeFiles/x1.dir/others/can_handler.c.obj
LOAD CMakeFiles/x1.dir/others/drv_DRV835X.c.obj
LOAD CMakeFiles/x1.dir/others/dual_encoder.c.obj
LOAD CMakeFiles/x1.dir/others/flash.c.obj
LOAD CMakeFiles/x1.dir/others/fsm.c.obj
LOAD CMakeFiles/x1.dir/others/SEGGER_RTT.c.obj
LOAD CMakeFiles/x1.dir/others/SEGGER_RTT_printf.c.obj
LOAD CMakeFiles/x1.dir/Drivers/CMSIS/DSP/Source/FastMathFunctions/arm_sin_f32.c.obj
LOAD CMakeFiles/x1.dir/Drivers/CMSIS/DSP/Source/FastMathFunctions/arm_cos_f32.c.obj
LOAD CMakeFiles/x1.dir/Drivers/CMSIS/DSP/Source/CommonTables/CommonTables.c.obj
LOAD cmake/stm32cubemx/CMakeFiles/STM32_Drivers.dir/__/__/Core/Src/system_stm32g4xx.c.obj
LOAD cmake/stm32cubemx/CMakeFiles/STM32_Drivers.dir/__/__/Drivers/STM32G4xx_HAL_Driver/Src/stm32g4xx_hal_adc.c.obj
LOAD cmake/stm32cubemx/CMakeFiles/STM32_Drivers.dir/__/__/Drivers/STM32G4xx_HAL_Driver/Src/stm32g4xx_hal_adc_ex.c.obj
LOAD cmake/stm32cubemx/CMakeFiles/STM32_Drivers.dir/__/__/Drivers/STM32G4xx_HAL_Driver/Src/stm32g4xx_ll_adc.c.obj
LOAD cmake/stm32cubemx/CMakeFiles/STM32_Drivers.dir/__/__/Drivers/STM32G4xx_HAL_Driver/Src/stm32g4xx_hal.c.obj
LOAD cmake/stm32cubemx/CMakeFiles/STM32_Drivers.dir/__/__/Drivers/STM32G4xx_HAL_Driver/Src/stm32g4xx_hal_rcc.c.obj
LOAD cmake/stm32cubemx/CMakeFiles/STM32_Drivers.dir/__/__/Drivers/STM32G4xx_HAL_Driver/Src/stm32g4xx_hal_rcc_ex.c.obj
LOAD cmake/stm32cubemx/CMakeFiles/STM32_Drivers.dir/__/__/Drivers/STM32G4xx_HAL_Driver/Src/stm32g4xx_hal_flash.c.obj
LOAD cmake/stm32cubemx/CMakeFiles/STM32_Drivers.dir/__/__/Drivers/STM32G4xx_HAL_Driver/Src/stm32g4xx_hal_flash_ex.c.obj
LOAD cmake/stm32cubemx/CMakeFiles/STM32_Drivers.dir/__/__/Drivers/STM32G4xx_HAL_Driver/Src/stm32g4xx_hal_flash_ramfunc.c.obj
LOAD cmake/stm32cubemx/CMakeFiles/STM32_Drivers.dir/__/__/Drivers/STM32G4xx_HAL_Driver/Src/stm32g4xx_hal_gpio.c.obj
LOAD cmake/stm32cubemx/CMakeFiles/STM32_Drivers.dir/__/__/Drivers/STM32G4xx_HAL_Driver/Src/stm32g4xx_hal_exti.c.obj
LOAD cmake/stm32cubemx/CMakeFiles/STM32_Drivers.dir/__/__/Drivers/STM32G4xx_HAL_Driver/Src/stm32g4xx_hal_dma.c.obj
LOAD cmake/stm32cubemx/CMakeFiles/STM32_Drivers.dir/__/__/Drivers/STM32G4xx_HAL_Driver/Src/stm32g4xx_hal_dma_ex.c.obj
LOAD cmake/stm32cubemx/CMakeFiles/STM32_Drivers.dir/__/__/Drivers/STM32G4xx_HAL_Driver/Src/stm32g4xx_hal_pwr.c.obj
LOAD cmake/stm32cubemx/CMakeFiles/STM32_Drivers.dir/__/__/Drivers/STM32G4xx_HAL_Driver/Src/stm32g4xx_hal_pwr_ex.c.obj
LOAD cmake/stm32cubemx/CMakeFiles/STM32_Drivers.dir/__/__/Drivers/STM32G4xx_HAL_Driver/Src/stm32g4xx_hal_cortex.c.obj
LOAD cmake/stm32cubemx/CMakeFiles/STM32_Drivers.dir/__/__/Drivers/STM32G4xx_HAL_Driver/Src/stm32g4xx_hal_fdcan.c.obj
LOAD cmake/stm32cubemx/CMakeFiles/STM32_Drivers.dir/__/__/Drivers/STM32G4xx_HAL_Driver/Src/stm32g4xx_hal_spi.c.obj
LOAD cmake/stm32cubemx/CMakeFiles/STM32_Drivers.dir/__/__/Drivers/STM32G4xx_HAL_Driver/Src/stm32g4xx_hal_spi_ex.c.obj
LOAD cmake/stm32cubemx/CMakeFiles/STM32_Drivers.dir/__/__/Drivers/STM32G4xx_HAL_Driver/Src/stm32g4xx_hal_tim.c.obj
LOAD cmake/stm32cubemx/CMakeFiles/STM32_Drivers.dir/__/__/Drivers/STM32G4xx_HAL_Driver/Src/stm32g4xx_hal_tim_ex.c.obj
LOAD /usr/lib/gcc/arm-none-eabi/14.2.1/../../../arm-none-eabi/lib/thumb/v7e-m+fp/hard/libm.a
START GROUP
LOAD /usr/lib/gcc/arm-none-eabi/14.2.1/thumb/v7e-m+fp/hard/libgcc.a
LOAD /usr/lib/gcc/arm-none-eabi/14.2.1/../../../arm-none-eabi/lib/thumb/v7e-m+fp/hard/libg_nano.a
LOAD /usr/lib/gcc/arm-none-eabi/14.2.1/../../../arm-none-eabi/lib/thumb/v7e-m+fp/hard/libc_nano.a
END GROUP
START GROUP
LOAD /usr/lib/gcc/arm-none-eabi/14.2.1/thumb/v7e-m+fp/hard/libgcc.a
LOAD /usr/lib/gcc/arm-none-eabi/14.2.1/../../../arm-none-eabi/lib/thumb/v7e-m+fp/hard/libc_nano.a
END GROUP
LOAD /usr/lib/gcc/arm-none-eabi/14.2.1/thumb/v7e-m+fp/hard/crtend.o
LOAD /usr/lib/gcc/arm-none-eabi/14.2.1/thumb/v7e-m+fp/hard/crtn.o
                0x20020000                        _estack = (ORIGIN (RAM) + LENGTH (RAM))
                0x2001fc00                        _sstack = (_estack - _Min_Stack_Size)
                0x00000200                        _Min_Heap_Size = 0x200
                0x00000400                        _Min_Stack_Size = 0x400

.isr_vector     0x08000000      0x1d8
                0x08000000                        . = ALIGN (0x4)
 *(.isr_vector)
 .isr_vector    0x08000000      0x1d8 CMakeFiles/x1.dir/startup_stm32g474xx.s.obj
                0x08000000                g_pfnVectors
                0x080001d8                        . = ALIGN (0x4)

.text           0x080001d8     0x803c
                0x080001d8                        . = ALIGN (0x4)
 *(.text)
 .text          0x080001d8       0x88 /usr/lib/gcc/arm-none-eabi/14.2.1/thumb/v7e-m+fp/hard/crtbegin.o
 .text          0x08000260       0x48 /usr/lib/gcc/arm-none-eabi/14.2.1/../../../arm-none-eabi/lib/thumb/v7e-m+fp/hard/libm.a(libm_a-wf_fmod.o)
                0x08000260                fmodf
 .text          0x080002a8       0x6c /usr/lib/gcc/arm-none-eabi/14.2.1/../../../arm-none-eabi/lib/thumb/v7e-m+fp/hard/libm.a(libm_a-w_fmod.o)
                0x080002a8                fmod
 .text          0x08000314      0x184 /usr/lib/gcc/arm-none-eabi/14.2.1/../../../arm-none-eabi/lib/thumb/v7e-m+fp/hard/libm.a(libm_a-ef_fmod.o)
                0x08000314                __ieee754_fmodf
 .text          0x08000498      0x3ac /usr/lib/gcc/arm-none-eabi/14.2.1/../../../arm-none-eabi/lib/thumb/v7e-m+fp/hard/libm.a(libm_a-e_fmod.o)
                0x08000498                __ieee754_fmod
 .text          0x08000844      0x378 /usr/lib/gcc/arm-none-eabi/14.2.1/thumb/v7e-m+fp/hard/libgcc.a(_arm_addsubdf3.o)
                0x08000844                __aeabi_drsub
                0x0800084c                __aeabi_dsub
                0x0800084c                __subdf3
                0x08000850                __adddf3
                0x08000850                __aeabi_dadd
                0x08000ac8                __aeabi_ui2d
                0x08000ac8                __floatunsidf
                0x08000ae8                __floatsidf
                0x08000ae8                __aeabi_i2d
                0x08000b0c                __extendsfdf2
                0x08000b0c                __aeabi_f2d
                0x08000b50                __aeabi_ul2d
                0x08000b50                __floatundidf
                0x08000b60                __floatdidf
                0x08000b60                __aeabi_l2d
 .text          0x08000bbc      0x424 /usr/lib/gcc/arm-none-eabi/14.2.1/thumb/v7e-m+fp/hard/libgcc.a(_arm_muldivdf3.o)
                0x08000bbc                __aeabi_dmul
                0x08000bbc                __muldf3
                0x08000e10                __aeabi_ddiv
                0x08000e10                __divdf3
 .text          0x08000fe0      0x110 /usr/lib/gcc/arm-none-eabi/14.2.1/thumb/v7e-m+fp/hard/libgcc.a(_arm_cmpdf2.o)
                0x08000fe0                __gtdf2
                0x08000fe0                __gedf2
                0x08000fe8                __ltdf2
                0x08000fe8                __ledf2
                0x08000ff0                __cmpdf2
                0x08000ff0                __eqdf2
                0x08000ff0                __nedf2
                0x0800106c                __aeabi_cdrcmple
                0x0800107c                __aeabi_cdcmple
                0x0800107c                __aeabi_cdcmpeq
                0x0800108c                __aeabi_dcmpeq
                0x080010a0                __aeabi_dcmplt
                0x080010b4                __aeabi_dcmple
                0x080010c8                __aeabi_dcmpge
                0x080010dc                __aeabi_dcmpgt
 .text          0x080010f0       0x2c /usr/lib/gcc/arm-none-eabi/14.2.1/thumb/v7e-m+fp/hard/libgcc.a(_arm_unorddf2.o)
                0x080010f0                __aeabi_dcmpun
                0x080010f0                __unorddf2
 .text          0x0800111c       0x50 /usr/lib/gcc/arm-none-eabi/14.2.1/thumb/v7e-m+fp/hard/libgcc.a(_arm_fixdfsi.o)
                0x0800111c                __fixdfsi
                0x0800111c                __aeabi_d2iz
 .text          0x0800116c       0xa0 /usr/lib/gcc/arm-none-eabi/14.2.1/thumb/v7e-m+fp/hard/libgcc.a(_arm_truncdfsf2.o)
                0x0800116c                __aeabi_d2f
                0x0800116c                __truncdfsf2
 .text          0x0800120c      0x134 /usr/lib/gcc/arm-none-eabi/14.2.1/../../../arm-none-eabi/lib/thumb/v7e-m+fp/hard/libg_nano.a(libc_a-memcpy.o)
                0x0800120c                memcpy
 .text          0x08001340      0x130 /usr/lib/gcc/arm-none-eabi/14.2.1/../../../arm-none-eabi/lib/thumb/v7e-m+fp/hard/libg_nano.a(libc_a-memmove.o)
                0x08001340                memmove
 .text          0x08001470      0x148 /usr/lib/gcc/arm-none-eabi/14.2.1/../../../arm-none-eabi/lib/thumb/v7e-m+fp/hard/libg_nano.a(libc_a-mallocr.o)
                0x080014b8                _malloc_r
 .text          0x080015b8       0x20 /usr/lib/gcc/arm-none-eabi/14.2.1/../../../arm-none-eabi/lib/thumb/v7e-m+fp/hard/libg_nano.a(libc_a-malloc.o)
                0x080015b8                malloc
                0x080015c8                free
 .text          0x080015d8       0x9c /usr/lib/gcc/arm-none-eabi/14.2.1/../../../arm-none-eabi/lib/thumb/v7e-m+fp/hard/libg_nano.a(libc_a-memset.o)
                0x080015d8                memset
 .text          0x08001674        0x8 /usr/lib/gcc/arm-none-eabi/14.2.1/../../../arm-none-eabi/lib/thumb/v7e-m+fp/hard/libg_nano.a(libc_a-mlock.o)
                0x08001674                __malloc_lock
                0x08001678                __malloc_unlock
 .text          0x0800167c        0xc /usr/lib/gcc/arm-none-eabi/14.2.1/../../../arm-none-eabi/lib/thumb/v7e-m+fp/hard/libg_nano.a(libc_a-errno.o)
                0x0800167c                __errno
 .text          0x08001688       0x50 /usr/lib/gcc/arm-none-eabi/14.2.1/../../../arm-none-eabi/lib/thumb/v7e-m+fp/hard/libg_nano.a(libc_a-init.o)
                0x08001688                __libc_init_array
 .text          0x080016d8       0x24 /usr/lib/gcc/arm-none-eabi/14.2.1/../../../arm-none-eabi/lib/thumb/v7e-m+fp/hard/libg_nano.a(libc_a-sbrkr.o)
                0x080016d8                _sbrk_r
 .text          0x080016fc       0xbc /usr/lib/gcc/arm-none-eabi/14.2.1/../../../arm-none-eabi/lib/thumb/v7e-m+fp/hard/libg_nano.a(libc_a-freer.o)
                0x080016fc                _free_r
 *(.text*)
 .text.Error_Handler
                0x080017b8       0x14 CMakeFiles/x1.dir/Core/Src/main.c.obj
                0x080017b8                Error_Handler
 .text.SystemClock_Config
                0x080017cc       0x6a CMakeFiles/x1.dir/Core/Src/main.c.obj
                0x080017cc                SystemClock_Config
 *fill*         0x08001836        0x2 
 .text.startup.main
                0x08001838      0x12c CMakeFiles/x1.dir/Core/Src/main.c.obj
                0x08001838                main
 .text.MX_GPIO_Init
                0x08001964       0xe8 CMakeFiles/x1.dir/Core/Src/gpio.c.obj
                0x08001964                MX_GPIO_Init
 .text.HAL_ADC_MspInit
                0x08001a4c       0x90 CMakeFiles/x1.dir/Core/Src/adc.c.obj
                0x08001a4c                HAL_ADC_MspInit
 .text.MX_ADC1_Init
                0x08001adc       0xf0 CMakeFiles/x1.dir/Core/Src/adc.c.obj
                0x08001adc                MX_ADC1_Init
 .text.MX_FDCAN1_Init
                0x08001bcc       0x6c CMakeFiles/x1.dir/Core/Src/fdcan.c.obj
                0x08001bcc                MX_FDCAN1_Init
 .text.HAL_FDCAN_MspInit
                0x08001c38       0x9c CMakeFiles/x1.dir/Core/Src/fdcan.c.obj
                0x08001c38                HAL_FDCAN_MspInit
 .text.MX_SPI1_Init
                0x08001cd4       0x50 CMakeFiles/x1.dir/Core/Src/spi.c.obj
                0x08001cd4                MX_SPI1_Init
 .text.MX_SPI3_Init
                0x08001d24       0x54 CMakeFiles/x1.dir/Core/Src/spi.c.obj
                0x08001d24                MX_SPI3_Init
 .text.HAL_SPI_MspInit
                0x08001d78       0xe4 CMakeFiles/x1.dir/Core/Src/spi.c.obj
                0x08001d78                HAL_SPI_MspInit
 .text.MX_SPI2_Init
                0x08001e5c       0x5c CMakeFiles/x1.dir/Core/Src/spi.c.obj
                0x08001e5c                MX_SPI2_Init
 .text.MX_TIM3_Init
                0x08001eb8       0x78 CMakeFiles/x1.dir/Core/Src/tim.c.obj
                0x08001eb8                MX_TIM3_Init
 .text.HAL_TIM_Base_MspInit
                0x08001f30       0x60 CMakeFiles/x1.dir/Core/Src/tim.c.obj
                0x08001f30                HAL_TIM_Base_MspInit
 .text.HAL_TIM_MspPostInit
                0x08001f90       0x50 CMakeFiles/x1.dir/Core/Src/tim.c.obj
                0x08001f90                HAL_TIM_MspPostInit
 .text.MX_TIM1_Init
                0x08001fe0      0x170 CMakeFiles/x1.dir/Core/Src/tim.c.obj
                0x08001fe0                MX_TIM1_Init
 .text.NMI_Handler
                0x08002150        0x8 CMakeFiles/x1.dir/Core/Src/stm32g4xx_it.c.obj
                0x08002150                NMI_Handler
 .text.HardFault_Handler
                0x08002158        0x2 CMakeFiles/x1.dir/Core/Src/stm32g4xx_it.c.obj
                0x08002158                HardFault_Handler
 .text.MemManage_Handler
                0x0800215a        0x2 CMakeFiles/x1.dir/Core/Src/stm32g4xx_it.c.obj
                0x0800215a                MemManage_Handler
 .text.BusFault_Handler
                0x0800215c        0x2 CMakeFiles/x1.dir/Core/Src/stm32g4xx_it.c.obj
                0x0800215c                BusFault_Handler
 .text.UsageFault_Handler
                0x0800215e        0x2 CMakeFiles/x1.dir/Core/Src/stm32g4xx_it.c.obj
                0x0800215e                UsageFault_Handler
 .text.SVC_Handler
                0x08002160        0x2 CMakeFiles/x1.dir/Core/Src/stm32g4xx_it.c.obj
                0x08002160                SVC_Handler
 .text.DebugMon_Handler
                0x08002162        0x2 CMakeFiles/x1.dir/Core/Src/stm32g4xx_it.c.obj
                0x08002162                DebugMon_Handler
 .text.PendSV_Handler
                0x08002164        0x2 CMakeFiles/x1.dir/Core/Src/stm32g4xx_it.c.obj
                0x08002164                PendSV_Handler
 .text.SysTick_Handler
                0x08002166        0x4 CMakeFiles/x1.dir/Core/Src/stm32g4xx_it.c.obj
                0x08002166                SysTick_Handler
 *fill*         0x0800216a        0x2 
 .text.ADC1_2_IRQHandler
                0x0800216c       0x68 CMakeFiles/x1.dir/Core/Src/stm32g4xx_it.c.obj
                0x0800216c                ADC1_2_IRQHandler
 .text.FDCAN1_IT0_IRQHandler
                0x080021d4        0xc CMakeFiles/x1.dir/Core/Src/stm32g4xx_it.c.obj
                0x080021d4                FDCAN1_IT0_IRQHandler
 .text.TIM1_UP_TIM16_IRQHandler
                0x080021e0        0xc CMakeFiles/x1.dir/Core/Src/stm32g4xx_it.c.obj
                0x080021e0                TIM1_UP_TIM16_IRQHandler
 .text.HAL_FDCAN_RxFifo0Callback
                0x080021ec       0xa4 CMakeFiles/x1.dir/Core/Src/stm32g4xx_it.c.obj
                0x080021ec                HAL_FDCAN_RxFifo0Callback
 .text.HAL_TIM_PeriodElapsedCallback
                0x08002290       0xbc CMakeFiles/x1.dir/Core/Src/stm32g4xx_it.c.obj
                0x08002290                HAL_TIM_PeriodElapsedCallback
 .text.HAL_MspInit
                0x0800234c       0x34 CMakeFiles/x1.dir/Core/Src/stm32g4xx_hal_msp.c.obj
                0x0800234c                HAL_MspInit
 .text._sbrk    0x08002380       0x3c CMakeFiles/x1.dir/Core/Src/sysmem.c.obj
                0x08002380                _sbrk
 .text.Reset_Handler
                0x080023bc       0x50 CMakeFiles/x1.dir/startup_stm32g474xx.s.obj
                0x080023bc                Reset_Handler
 .text.Default_Handler
                0x0800240c        0x2 CMakeFiles/x1.dir/startup_stm32g474xx.s.obj
                0x0800240c                RTC_Alarm_IRQHandler
                0x0800240c                EXTI2_IRQHandler
                0x0800240c                TIM8_TRG_COM_IRQHandler
                0x0800240c                TIM8_CC_IRQHandler
                0x0800240c                HRTIM1_Master_IRQHandler
                0x0800240c                SPI4_IRQHandler
                0x0800240c                FDCAN3_IT0_IRQHandler
                0x0800240c                TIM1_CC_IRQHandler
                0x0800240c                HRTIM1_FLT_IRQHandler
                0x0800240c                HRTIM1_TIMF_IRQHandler
                0x0800240c                USB_HP_IRQHandler
                0x0800240c                CORDIC_IRQHandler
                0x0800240c                HRTIM1_TIMD_IRQHandler
                0x0800240c                DMA2_Channel8_IRQHandler
                0x0800240c                EXTI3_IRQHandler
                0x0800240c                I2C3_ER_IRQHandler
                0x0800240c                EXTI0_IRQHandler
                0x0800240c                I2C2_EV_IRQHandler
                0x0800240c                FPU_IRQHandler
                0x0800240c                FDCAN1_IT1_IRQHandler
                0x0800240c                HRTIM1_TIME_IRQHandler
                0x0800240c                SPI1_IRQHandler
                0x0800240c                TIM6_DAC_IRQHandler
                0x0800240c                HRTIM1_TIMC_IRQHandler
                0x0800240c                TIM8_UP_IRQHandler
                0x0800240c                DMA2_Channel2_IRQHandler
                0x0800240c                DMA1_Channel4_IRQHandler
                0x0800240c                TIM20_TRG_COM_IRQHandler
                0x0800240c                USART3_IRQHandler
                0x0800240c                DMA1_Channel7_IRQHandler
                0x0800240c                UART5_IRQHandler
                0x0800240c                ADC3_IRQHandler
                0x0800240c                TIM4_IRQHandler
                0x0800240c                DMA2_Channel1_IRQHandler
                0x0800240c                QUADSPI_IRQHandler
                0x0800240c                I2C1_EV_IRQHandler
                0x0800240c                DMA1_Channel6_IRQHandler
                0x0800240c                UART4_IRQHandler
                0x0800240c                DMA2_Channel4_IRQHandler
                0x0800240c                TIM3_IRQHandler
                0x0800240c                RCC_IRQHandler
                0x0800240c                TIM20_UP_IRQHandler
                0x0800240c                DMA1_Channel1_IRQHandler
                0x0800240c                Default_Handler
                0x0800240c                DMA2_Channel7_IRQHandler
                0x0800240c                RTC_TAMP_LSECSS_IRQHandler
                0x0800240c                FMAC_IRQHandler
                0x0800240c                EXTI15_10_IRQHandler
                0x0800240c                DMA1_Channel8_IRQHandler
                0x0800240c                HRTIM1_TIMA_IRQHandler
                0x0800240c                TIM7_DAC_IRQHandler
                0x0800240c                FDCAN3_IT1_IRQHandler
                0x0800240c                TIM5_IRQHandler
                0x0800240c                UCPD1_IRQHandler
                0x0800240c                I2C3_EV_IRQHandler
                0x0800240c                EXTI9_5_IRQHandler
                0x0800240c                RTC_WKUP_IRQHandler
                0x0800240c                PVD_PVM_IRQHandler
                0x0800240c                SPI2_IRQHandler
                0x0800240c                ADC5_IRQHandler
                0x0800240c                DMA2_Channel5_IRQHandler
                0x0800240c                CRS_IRQHandler
                0x0800240c                DMA1_Channel5_IRQHandler
                0x0800240c                USB_LP_IRQHandler
                0x0800240c                EXTI4_IRQHandler
                0x0800240c                RNG_IRQHandler
                0x0800240c                HRTIM1_TIMB_IRQHandler
                0x0800240c                TIM1_TRG_COM_TIM17_IRQHandler
                0x0800240c                FDCAN2_IT1_IRQHandler
                0x0800240c                DMA1_Channel3_IRQHandler
                0x0800240c                ADC4_IRQHandler
                0x0800240c                WWDG_IRQHandler
                0x0800240c                I2C4_EV_IRQHandler
                0x0800240c                FDCAN2_IT0_IRQHandler
                0x0800240c                LPUART1_IRQHandler
                0x0800240c                DMA2_Channel6_IRQHandler
                0x0800240c                TIM2_IRQHandler
                0x0800240c                COMP7_IRQHandler
                0x0800240c                COMP1_2_3_IRQHandler
                0x0800240c                EXTI1_IRQHandler
                0x0800240c                USART2_IRQHandler
                0x0800240c                COMP4_5_6_IRQHandler
                0x0800240c                TIM20_BRK_IRQHandler
                0x0800240c                I2C2_ER_IRQHandler
                0x0800240c                DMA1_Channel2_IRQHandler
                0x0800240c                TIM8_BRK_IRQHandler
                0x0800240c                FLASH_IRQHandler
                0x0800240c                TIM20_CC_IRQHandler
                0x0800240c                USART1_IRQHandler
                0x0800240c                SPI3_IRQHandler
                0x0800240c                I2C1_ER_IRQHandler
                0x0800240c                FMC_IRQHandler
                0x0800240c                LPTIM1_IRQHandler
                0x0800240c                DMAMUX_OVR_IRQHandler
                0x0800240c                I2C4_ER_IRQHandler
                0x0800240c                USBWakeUp_IRQHandler
                0x0800240c                SAI1_IRQHandler
                0x0800240c                DMA2_Channel3_IRQHandler
                0x0800240c                TIM1_BRK_TIM15_IRQHandler
 *fill*         0x0800240e        0x2 
 .text.Limit_angle
                0x08002410       0x94 CMakeFiles/x1.dir/FOC/foc_alg.c.obj
                0x08002410                Limit_angle
 .text.Limit_angle_el
                0x080024a4       0x2c CMakeFiles/x1.dir/FOC/foc_alg.c.obj
                0x080024a4                Limit_angle_el
 .text.Limit_angle_flange
                0x080024d0       0x1c CMakeFiles/x1.dir/FOC/foc_alg.c.obj
                0x080024d0                Limit_angle_flange
 .text.update_angle
                0x080024ec       0x98 CMakeFiles/x1.dir/FOC/foc_alg.c.obj
                0x080024ec                update_angle
 .text.Calculate_Park_N
                0x08002584       0x4c CMakeFiles/x1.dir/FOC/foc_alg.c.obj
                0x08002584                Calculate_Park_N
 .text.update_Park_N
                0x080025d0       0x2e CMakeFiles/x1.dir/FOC/foc_alg.c.obj
                0x080025d0                update_Park_N
 *fill*         0x080025fe        0x2 
 .text.Calculate_Clark
                0x08002600       0x40 CMakeFiles/x1.dir/FOC/foc_alg.c.obj
                0x08002600                Calculate_Clark
 .text.update_Clark
                0x08002640       0x22 CMakeFiles/x1.dir/FOC/foc_alg.c.obj
                0x08002640                update_Clark
 *fill*         0x08002662        0x2 
 .text.Calculate_Park
                0x08002664       0x60 CMakeFiles/x1.dir/FOC/foc_alg.c.obj
                0x08002664                Calculate_Park
 .text.update_Park
                0x080026c4       0x2e CMakeFiles/x1.dir/FOC/foc_alg.c.obj
                0x080026c4                update_Park
 *fill*         0x080026f2        0x2 
 .text.set_pwm  0x080026f4       0xc0 CMakeFiles/x1.dir/FOC/foc_alg.c.obj
                0x080026f4                set_pwm
 .text.Calculate_Sector
                0x080027b4      0x12c CMakeFiles/x1.dir/FOC/foc_alg.c.obj
                0x080027b4                Calculate_Sector
 .text.update_Sector
                0x080028e0       0x16 CMakeFiles/x1.dir/FOC/foc_alg.c.obj
                0x080028e0                update_Sector
 *fill*         0x080028f6        0x2 
 .text.Calculate_velocity_raw
                0x080028f8       0x5c CMakeFiles/x1.dir/FOC/foc_alg.c.obj
                0x080028f8                Calculate_velocity_raw
 .text.update_velocity_LPF
                0x08002954       0x52 CMakeFiles/x1.dir/FOC/foc_alg.c.obj
                0x08002954                update_velocity_LPF
 .text.Calculate_PID
                0x080029a6       0x82 CMakeFiles/x1.dir/FOC/foc_alg.c.obj
                0x080029a6                Calculate_PID
 .text.update_svpwm
                0x08002a28      0x1e4 CMakeFiles/x1.dir/FOC/foc_alg.c.obj
                0x08002a28                update_svpwm
 .text.update_dt
                0x08002c0c       0x1a CMakeFiles/x1.dir/FOC/foc_alg.c.obj
                0x08002c0c                update_dt
 *fill*         0x08002c26        0x2 
 .text.Calculate_Order_float
                0x08002c28       0x60 CMakeFiles/x1.dir/FOC/foc_alg.c.obj
                0x08002c28                Calculate_Order_float
 .text.update_IaIbIc
                0x08002c88      0x2ea CMakeFiles/x1.dir/FOC/foc_alg.c.obj
                0x08002c88                update_IaIbIc
 *fill*         0x08002f72        0x2 
 .text.update_Ioffset_nonblock
                0x08002f74      0x16c CMakeFiles/x1.dir/FOC/foc_alg.c.obj
                0x08002f74                update_Ioffset_nonblock
 .text.update_loopcount_rotor_block
                0x080030e0       0xb8 CMakeFiles/x1.dir/FOC/foc_alg.c.obj
                0x080030e0                update_loopcount_rotor_block
 .text.stm32_set_pwm_A
                0x08003198       0x24 CMakeFiles/x1.dir/FOC/foc_drv.c.obj
                0x08003198                stm32_set_pwm_A
 .text.stm32_set_pwm_B
                0x080031bc       0x24 CMakeFiles/x1.dir/FOC/foc_drv.c.obj
                0x080031bc                stm32_set_pwm_B
 .text.stm32_set_pwm_C
                0x080031e0       0x24 CMakeFiles/x1.dir/FOC/foc_drv.c.obj
                0x080031e0                stm32_set_pwm_C
 .text.stm32_cal_Ia
                0x08003204       0x2c CMakeFiles/x1.dir/FOC/foc_drv.c.obj
                0x08003204                stm32_cal_Ia
 .text.stm32_cal_Ib
                0x08003230        0x4 CMakeFiles/x1.dir/FOC/foc_drv.c.obj
                0x08003230                stm32_cal_Ib
 .text.stm32_cal_Ic
                0x08003234        0x4 CMakeFiles/x1.dir/FOC/foc_drv.c.obj
                0x08003234                stm32_cal_Ic
 .text.stm32_cal_angle
                0x08003238       0x24 CMakeFiles/x1.dir/FOC/foc_drv.c.obj
                0x08003238                stm32_cal_angle
 *fill*         0x0800325c        0x4 
 .text.stm32_update_dt
                0x08003260       0x6c CMakeFiles/x1.dir/FOC/foc_drv.c.obj
                0x08003260                stm32_update_dt
 .text.stm32_update_Ia_raw
                0x080032cc        0xc CMakeFiles/x1.dir/FOC/foc_drv.c.obj
                0x080032cc                stm32_update_Ia_raw
 .text.stm32_update_Ib_raw
                0x080032d8       0x10 CMakeFiles/x1.dir/FOC/foc_drv.c.obj
                0x080032d8                stm32_update_Ib_raw
 .text.stm32_update_Ic_raw
                0x080032e8       0x10 CMakeFiles/x1.dir/FOC/foc_drv.c.obj
                0x080032e8                stm32_update_Ic_raw
 .text.stm32_update_angle_raw
                0x080032f8       0x10 CMakeFiles/x1.dir/FOC/foc_drv.c.obj
                0x080032f8                stm32_update_angle_raw
 .text.stm32_delayms
                0x08003308        0x4 CMakeFiles/x1.dir/FOC/foc_drv.c.obj
                0x08003308                stm32_delayms
 *fill*         0x0800330c        0x4 
 .text.foc_init
                0x08003310      0x208 CMakeFiles/x1.dir/FOC/foc_drv.c.obj
                0x08003310                foc_init
 .text.mt6835_cs_control
                0x08003518        0x2 CMakeFiles/x1.dir/others/mt6835.c.obj
                0x08003518                mt6835_cs_control
 .text.mt6835_create
                0x0800351a       0x18 CMakeFiles/x1.dir/others/mt6835.c.obj
                0x0800351a                mt6835_create
 *fill*         0x08003532        0x2 
 .text.mt6835_link_spi_cs_control
                0x08003534       0x14 CMakeFiles/x1.dir/others/mt6835.c.obj
                0x08003534                mt6835_link_spi_cs_control
 .text.mt6835_link_spi_send
                0x08003548        0x6 CMakeFiles/x1.dir/others/mt6835.c.obj
                0x08003548                mt6835_link_spi_send
 .text.mt6835_link_spi_recv
                0x0800354e        0x6 CMakeFiles/x1.dir/others/mt6835.c.obj
                0x0800354e                mt6835_link_spi_recv
 .text.mt6835_link_spi_send_recv
                0x08003554        0x6 CMakeFiles/x1.dir/others/mt6835.c.obj
                0x08003554                mt6835_link_spi_send_recv
 .text.mt6835_read_reg
                0x0800355a       0x54 CMakeFiles/x1.dir/others/mt6835.c.obj
                0x0800355a                mt6835_read_reg
 *fill*         0x080035ae        0x2 
 .text.mt6835_get_raw_angle
                0x080035b0      0x10c CMakeFiles/x1.dir/others/mt6835.c.obj
                0x080035b0                mt6835_get_raw_angle
 .text.mt6835_spi_recv
                0x080036bc       0x10 CMakeFiles/x1.dir/others/mt6835_stm32_spi_port.c.obj
 .text.mt6835_spi_send
                0x080036cc       0x10 CMakeFiles/x1.dir/others/mt6835_stm32_spi_port.c.obj
 .text.mt6835_spi_send_recv
                0x080036dc       0x38 CMakeFiles/x1.dir/others/mt6835_stm32_spi_port.c.obj
 .text.mt6835_cs_control
                0x08003714       0x18 CMakeFiles/x1.dir/others/mt6835_stm32_spi_port.c.obj
 .text.mt6835_stm32_spi_port_init
                0x0800372c       0x3c CMakeFiles/x1.dir/others/mt6835_stm32_spi_port.c.obj
                0x0800372c                mt6835_stm32_spi_port_init
 .text.stm32_spi_send_recv
                0x08003768       0x20 CMakeFiles/x1.dir/others/MT6816.c.obj
                0x08003768                stm32_spi_send_recv
 .text.stm32_set_cs
                0x08003788       0x14 CMakeFiles/x1.dir/others/MT6816.c.obj
                0x08003788                stm32_set_cs
 .text.mt6816_init
                0x0800379c       0x14 CMakeFiles/x1.dir/others/MT6816.c.obj
                0x0800379c                mt6816_init
 .text.mt6816_update_angle
                0x080037b0       0x6c CMakeFiles/x1.dir/others/MT6816.c.obj
                0x080037b0                mt6816_update_angle
 .text.can_update_cmd
                0x0800381c       0xf8 CMakeFiles/x1.dir/others/can_handler.c.obj
                0x0800381c                can_update_cmd
 *fill*         0x08003914        0x4 
 .text.can_update_data
                0x08003918      0x194 CMakeFiles/x1.dir/others/can_handler.c.obj
                0x08003918                can_update_data
 .text.can_reset_cmd
                0x08003aac       0x14 CMakeFiles/x1.dir/others/can_handler.c.obj
                0x08003aac                can_reset_cmd
 .text.can_printf_cmd
                0x08003ac0      0x114 CMakeFiles/x1.dir/others/can_handler.c.obj
                0x08003ac0                can_printf_cmd
 .text.Can_Handler_Init
                0x08003bd4       0x7c CMakeFiles/x1.dir/others/can_handler.c.obj
                0x08003bd4                Can_Handler_Init
 .text.read_reg
                0x08003c50       0x58 CMakeFiles/x1.dir/others/drv_DRV835X.c.obj
 .text.write_reg.isra.0
                0x08003ca8       0x58 CMakeFiles/x1.dir/others/drv_DRV835X.c.obj
 .text.DRV835X_updateCfgPara
                0x08003d00      0x130 CMakeFiles/x1.dir/others/drv_DRV835X.c.obj
                0x08003d00                DRV835X_updateCfgPara
 .text.DRV835X_Init
                0x08003e30       0x58 CMakeFiles/x1.dir/others/drv_DRV835X.c.obj
                0x08003e30                DRV835X_Init
 .text.flash_erase_address
                0x08003e88       0x24 CMakeFiles/x1.dir/others/flash.c.obj
                0x08003e88                flash_erase_address
 .text.flash_read
                0x08003eac        0xc CMakeFiles/x1.dir/others/flash.c.obj
                0x08003eac                flash_read
 .text.get_next_flash_address
                0x08003eb8       0x8c CMakeFiles/x1.dir/others/flash.c.obj
                0x08003eb8                get_next_flash_address
 .text.flash_write_single_address
                0x08003f44       0x88 CMakeFiles/x1.dir/others/flash.c.obj
                0x08003f44                flash_write_single_address
 .text.update_flash
                0x08003fcc       0x1e CMakeFiles/x1.dir/others/flash.c.obj
                0x08003fcc                update_flash
 .text.fsm_init
                0x08003fea        0xe CMakeFiles/x1.dir/others/fsm.c.obj
                0x08003fea                fsm_init
 .text._GetAvailWriteSpace
                0x08003ff8       0x12 CMakeFiles/x1.dir/others/SEGGER_RTT.c.obj
 .text._WriteNoCheck
                0x0800400a       0x3a CMakeFiles/x1.dir/others/SEGGER_RTT.c.obj
 .text._WriteBlocking
                0x08004044       0x5a CMakeFiles/x1.dir/others/SEGGER_RTT.c.obj
 *fill*         0x0800409e        0x2 
 .text._DoInit  0x080040a0       0x68 CMakeFiles/x1.dir/others/SEGGER_RTT.c.obj
 .text.SEGGER_RTT_WriteNoLock
                0x08004108       0x58 CMakeFiles/x1.dir/others/SEGGER_RTT.c.obj
                0x08004108                SEGGER_RTT_WriteNoLock
 .text.SEGGER_RTT_Write
                0x08004160       0x34 CMakeFiles/x1.dir/others/SEGGER_RTT.c.obj
                0x08004160                SEGGER_RTT_Write
 .text.SEGGER_RTT_Init
                0x08004194        0x4 CMakeFiles/x1.dir/others/SEGGER_RTT.c.obj
                0x08004194                SEGGER_RTT_Init
 .text.SEGGER_RTT_SetTerminal
                0x08004198       0x84 CMakeFiles/x1.dir/others/SEGGER_RTT.c.obj
                0x08004198                SEGGER_RTT_SetTerminal
 .text._StoreChar
                0x0800421c       0x3c CMakeFiles/x1.dir/others/SEGGER_RTT_printf.c.obj
 .text._PrintUnsigned
                0x08004258       0xd4 CMakeFiles/x1.dir/others/SEGGER_RTT_printf.c.obj
 .text.SEGGER_RTT_vprintf
                0x0800432c      0x48c CMakeFiles/x1.dir/others/SEGGER_RTT_printf.c.obj
                0x0800432c                SEGGER_RTT_vprintf
 .text.SEGGER_RTT_printf
                0x080047b8       0x1c CMakeFiles/x1.dir/others/SEGGER_RTT_printf.c.obj
                0x080047b8                SEGGER_RTT_printf
 .text.arm_sin_f32
                0x080047d4       0x84 CMakeFiles/x1.dir/Drivers/CMSIS/DSP/Source/FastMathFunctions/arm_sin_f32.c.obj
                0x080047d4                arm_sin_f32
 .text.arm_cos_f32
                0x08004858       0x88 CMakeFiles/x1.dir/Drivers/CMSIS/DSP/Source/FastMathFunctions/arm_cos_f32.c.obj
                0x08004858                arm_cos_f32
 .text.SystemInit
                0x080048e0       0x14 cmake/stm32cubemx/CMakeFiles/STM32_Drivers.dir/__/__/Core/Src/system_stm32g4xx.c.obj
                0x080048e0                SystemInit
 .text.LL_ADC_IsEnabled
                0x080048f4        0x8 cmake/stm32cubemx/CMakeFiles/STM32_Drivers.dir/__/__/Drivers/STM32G4xx_HAL_Driver/Src/stm32g4xx_hal_adc.c.obj
 .text.LL_ADC_REG_IsConversionOngoing
                0x080048fc        0x8 cmake/stm32cubemx/CMakeFiles/STM32_Drivers.dir/__/__/Drivers/STM32G4xx_HAL_Driver/Src/stm32g4xx_hal_adc.c.obj
 .text.HAL_ADC_Init
                0x08004904      0x21c cmake/stm32cubemx/CMakeFiles/STM32_Drivers.dir/__/__/Drivers/STM32G4xx_HAL_Driver/Src/stm32g4xx_hal_adc.c.obj
                0x08004904                HAL_ADC_Init
 .text.HAL_ADC_ConvCpltCallback
                0x08004b20        0x2 cmake/stm32cubemx/CMakeFiles/STM32_Drivers.dir/__/__/Drivers/STM32G4xx_HAL_Driver/Src/stm32g4xx_hal_adc.c.obj
                0x08004b20                HAL_ADC_ConvCpltCallback
 .text.HAL_ADC_LevelOutOfWindowCallback
                0x08004b22        0x2 cmake/stm32cubemx/CMakeFiles/STM32_Drivers.dir/__/__/Drivers/STM32G4xx_HAL_Driver/Src/stm32g4xx_hal_adc.c.obj
                0x08004b22                HAL_ADC_LevelOutOfWindowCallback
 .text.HAL_ADC_ErrorCallback
                0x08004b24        0x2 cmake/stm32cubemx/CMakeFiles/STM32_Drivers.dir/__/__/Drivers/STM32G4xx_HAL_Driver/Src/stm32g4xx_hal_adc.c.obj
                0x08004b24                HAL_ADC_ErrorCallback
 *fill*         0x08004b26        0x2 
 .text.HAL_ADC_IRQHandler
                0x08004b28      0x298 cmake/stm32cubemx/CMakeFiles/STM32_Drivers.dir/__/__/Drivers/STM32G4xx_HAL_Driver/Src/stm32g4xx_hal_adc.c.obj
                0x08004b28                HAL_ADC_IRQHandler
 .text.ADC_Enable
                0x08004dc0       0xd0 cmake/stm32cubemx/CMakeFiles/STM32_Drivers.dir/__/__/Drivers/STM32G4xx_HAL_Driver/Src/stm32g4xx_hal_adc.c.obj
                0x08004dc0                ADC_Enable
 .text.LL_ADC_SetChannelSamplingTime
                0x08004e90       0x20 cmake/stm32cubemx/CMakeFiles/STM32_Drivers.dir/__/__/Drivers/STM32G4xx_HAL_Driver/Src/stm32g4xx_hal_adc_ex.c.obj
 .text.LL_ADC_IsEnabled
                0x08004eb0        0x8 cmake/stm32cubemx/CMakeFiles/STM32_Drivers.dir/__/__/Drivers/STM32G4xx_HAL_Driver/Src/stm32g4xx_hal_adc_ex.c.obj
 .text.LL_ADC_REG_IsConversionOngoing
                0x08004eb8        0x8 cmake/stm32cubemx/CMakeFiles/STM32_Drivers.dir/__/__/Drivers/STM32G4xx_HAL_Driver/Src/stm32g4xx_hal_adc_ex.c.obj
 .text.LL_ADC_INJ_IsConversionOngoing
                0x08004ec0        0x8 cmake/stm32cubemx/CMakeFiles/STM32_Drivers.dir/__/__/Drivers/STM32G4xx_HAL_Driver/Src/stm32g4xx_hal_adc_ex.c.obj
 .text.HAL_ADCEx_InjectedStart
                0x08004ec8       0xfc cmake/stm32cubemx/CMakeFiles/STM32_Drivers.dir/__/__/Drivers/STM32G4xx_HAL_Driver/Src/stm32g4xx_hal_adc_ex.c.obj
                0x08004ec8                HAL_ADCEx_InjectedStart
 .text.HAL_ADCEx_InjectedGetValue
                0x08004fc4       0x32 cmake/stm32cubemx/CMakeFiles/STM32_Drivers.dir/__/__/Drivers/STM32G4xx_HAL_Driver/Src/stm32g4xx_hal_adc_ex.c.obj
                0x08004fc4                HAL_ADCEx_InjectedGetValue
 .text.HAL_ADCEx_InjectedConvCpltCallback
                0x08004ff6        0x2 cmake/stm32cubemx/CMakeFiles/STM32_Drivers.dir/__/__/Drivers/STM32G4xx_HAL_Driver/Src/stm32g4xx_hal_adc_ex.c.obj
                0x08004ff6                HAL_ADCEx_InjectedConvCpltCallback
 .text.HAL_ADCEx_InjectedQueueOverflowCallback
                0x08004ff8        0x2 cmake/stm32cubemx/CMakeFiles/STM32_Drivers.dir/__/__/Drivers/STM32G4xx_HAL_Driver/Src/stm32g4xx_hal_adc_ex.c.obj
                0x08004ff8                HAL_ADCEx_InjectedQueueOverflowCallback
 .text.HAL_ADCEx_LevelOutOfWindow2Callback
                0x08004ffa        0x2 cmake/stm32cubemx/CMakeFiles/STM32_Drivers.dir/__/__/Drivers/STM32G4xx_HAL_Driver/Src/stm32g4xx_hal_adc_ex.c.obj
                0x08004ffa                HAL_ADCEx_LevelOutOfWindow2Callback
 .text.HAL_ADCEx_LevelOutOfWindow3Callback
                0x08004ffc        0x2 cmake/stm32cubemx/CMakeFiles/STM32_Drivers.dir/__/__/Drivers/STM32G4xx_HAL_Driver/Src/stm32g4xx_hal_adc_ex.c.obj
                0x08004ffc                HAL_ADCEx_LevelOutOfWindow3Callback
 .text.HAL_ADCEx_EndOfSamplingCallback
                0x08004ffe        0x2 cmake/stm32cubemx/CMakeFiles/STM32_Drivers.dir/__/__/Drivers/STM32G4xx_HAL_Driver/Src/stm32g4xx_hal_adc_ex.c.obj
                0x08004ffe                HAL_ADCEx_EndOfSamplingCallback
 .text.HAL_ADCEx_InjectedConfigChannel
                0x08005000      0x4c4 cmake/stm32cubemx/CMakeFiles/STM32_Drivers.dir/__/__/Drivers/STM32G4xx_HAL_Driver/Src/stm32g4xx_hal_adc_ex.c.obj
                0x08005000                HAL_ADCEx_InjectedConfigChannel
 .text.HAL_ADCEx_MultiModeConfigChannel
                0x080054c4      0x138 cmake/stm32cubemx/CMakeFiles/STM32_Drivers.dir/__/__/Drivers/STM32G4xx_HAL_Driver/Src/stm32g4xx_hal_adc_ex.c.obj
                0x080054c4                HAL_ADCEx_MultiModeConfigChannel
 .text.HAL_InitTick
                0x080055fc       0x4c cmake/stm32cubemx/CMakeFiles/STM32_Drivers.dir/__/__/Drivers/STM32G4xx_HAL_Driver/Src/stm32g4xx_hal.c.obj
                0x080055fc                HAL_InitTick
 .text.HAL_Init
                0x08005648       0x1e cmake/stm32cubemx/CMakeFiles/STM32_Drivers.dir/__/__/Drivers/STM32G4xx_HAL_Driver/Src/stm32g4xx_hal.c.obj
                0x08005648                HAL_Init
 *fill*         0x08005666        0x2 
 .text.HAL_IncTick
                0x08005668       0x18 cmake/stm32cubemx/CMakeFiles/STM32_Drivers.dir/__/__/Drivers/STM32G4xx_HAL_Driver/Src/stm32g4xx_hal.c.obj
                0x08005668                HAL_IncTick
 .text.HAL_GetTick
                0x08005680        0xc cmake/stm32cubemx/CMakeFiles/STM32_Drivers.dir/__/__/Drivers/STM32G4xx_HAL_Driver/Src/stm32g4xx_hal.c.obj
                0x08005680                HAL_GetTick
 .text.HAL_Delay
                0x0800568c       0x28 cmake/stm32cubemx/CMakeFiles/STM32_Drivers.dir/__/__/Drivers/STM32G4xx_HAL_Driver/Src/stm32g4xx_hal.c.obj
                0x0800568c                HAL_Delay
 .text.HAL_RCC_OscConfig
                0x080056b4      0x418 cmake/stm32cubemx/CMakeFiles/STM32_Drivers.dir/__/__/Drivers/STM32G4xx_HAL_Driver/Src/stm32g4xx_hal_rcc.c.obj
                0x080056b4                HAL_RCC_OscConfig
 .text.HAL_RCC_GetSysClockFreq
                0x08005acc       0x6c cmake/stm32cubemx/CMakeFiles/STM32_Drivers.dir/__/__/Drivers/STM32G4xx_HAL_Driver/Src/stm32g4xx_hal_rcc.c.obj
                0x08005acc                HAL_RCC_GetSysClockFreq
 .text.HAL_RCC_ClockConfig
                0x08005b38      0x1e8 cmake/stm32cubemx/CMakeFiles/STM32_Drivers.dir/__/__/Drivers/STM32G4xx_HAL_Driver/Src/stm32g4xx_hal_rcc.c.obj
                0x08005b38                HAL_RCC_ClockConfig
 .text.HAL_RCC_EnableCSS
                0x08005d20       0x10 cmake/stm32cubemx/CMakeFiles/STM32_Drivers.dir/__/__/Drivers/STM32G4xx_HAL_Driver/Src/stm32g4xx_hal_rcc.c.obj
                0x08005d20                HAL_RCC_EnableCSS
 .text.HAL_RCC_CSSCallback
                0x08005d30        0x2 cmake/stm32cubemx/CMakeFiles/STM32_Drivers.dir/__/__/Drivers/STM32G4xx_HAL_Driver/Src/stm32g4xx_hal_rcc.c.obj
                0x08005d30                HAL_RCC_CSSCallback
 *fill*         0x08005d32        0x2 
 .text.HAL_RCC_NMI_IRQHandler
                0x08005d34       0x1c cmake/stm32cubemx/CMakeFiles/STM32_Drivers.dir/__/__/Drivers/STM32G4xx_HAL_Driver/Src/stm32g4xx_hal_rcc.c.obj
                0x08005d34                HAL_RCC_NMI_IRQHandler
 .text.HAL_RCCEx_PeriphCLKConfig
                0x08005d50      0x2f0 cmake/stm32cubemx/CMakeFiles/STM32_Drivers.dir/__/__/Drivers/STM32G4xx_HAL_Driver/Src/stm32g4xx_hal_rcc_ex.c.obj
                0x08005d50                HAL_RCCEx_PeriphCLKConfig
 .text.FLASH_Program_Fast
                0x08006040       0x2c cmake/stm32cubemx/CMakeFiles/STM32_Drivers.dir/__/__/Drivers/STM32G4xx_HAL_Driver/Src/stm32g4xx_hal_flash.c.obj
 .text.HAL_FLASH_Unlock
                0x0800606c       0x24 cmake/stm32cubemx/CMakeFiles/STM32_Drivers.dir/__/__/Drivers/STM32G4xx_HAL_Driver/Src/stm32g4xx_hal_flash.c.obj
                0x0800606c                HAL_FLASH_Unlock
 .text.HAL_FLASH_Lock
                0x08006090       0x18 cmake/stm32cubemx/CMakeFiles/STM32_Drivers.dir/__/__/Drivers/STM32G4xx_HAL_Driver/Src/stm32g4xx_hal_flash.c.obj
                0x08006090                HAL_FLASH_Lock
 .text.FLASH_WaitForLastOperation
                0x080060a8       0x50 cmake/stm32cubemx/CMakeFiles/STM32_Drivers.dir/__/__/Drivers/STM32G4xx_HAL_Driver/Src/stm32g4xx_hal_flash.c.obj
                0x080060a8                FLASH_WaitForLastOperation
 .text.HAL_FLASH_Program
                0x080060f8       0xa4 cmake/stm32cubemx/CMakeFiles/STM32_Drivers.dir/__/__/Drivers/STM32G4xx_HAL_Driver/Src/stm32g4xx_hal_flash.c.obj
                0x080060f8                HAL_FLASH_Program
 .text.FLASH_MassErase
                0x0800619c       0x3c cmake/stm32cubemx/CMakeFiles/STM32_Drivers.dir/__/__/Drivers/STM32G4xx_HAL_Driver/Src/stm32g4xx_hal_flash_ex.c.obj
 .text.FLASH_PageErase
                0x080061d8       0x44 cmake/stm32cubemx/CMakeFiles/STM32_Drivers.dir/__/__/Drivers/STM32G4xx_HAL_Driver/Src/stm32g4xx_hal_flash_ex.c.obj
                0x080061d8                FLASH_PageErase
 .text.FLASH_FlushCaches
                0x0800621c       0x60 cmake/stm32cubemx/CMakeFiles/STM32_Drivers.dir/__/__/Drivers/STM32G4xx_HAL_Driver/Src/stm32g4xx_hal_flash_ex.c.obj
                0x0800621c                FLASH_FlushCaches
 .text.HAL_FLASHEx_Erase
                0x0800627c       0xdc cmake/stm32cubemx/CMakeFiles/STM32_Drivers.dir/__/__/Drivers/STM32G4xx_HAL_Driver/Src/stm32g4xx_hal_flash_ex.c.obj
                0x0800627c                HAL_FLASHEx_Erase
 .text.HAL_GPIO_Init
                0x08006358      0x19c cmake/stm32cubemx/CMakeFiles/STM32_Drivers.dir/__/__/Drivers/STM32G4xx_HAL_Driver/Src/stm32g4xx_hal_gpio.c.obj
                0x08006358                HAL_GPIO_Init
 .text.HAL_GPIO_WritePin
                0x080064f4        0xa cmake/stm32cubemx/CMakeFiles/STM32_Drivers.dir/__/__/Drivers/STM32G4xx_HAL_Driver/Src/stm32g4xx_hal_gpio.c.obj
                0x080064f4                HAL_GPIO_WritePin
 .text.HAL_GPIO_TogglePin
                0x080064fe       0x12 cmake/stm32cubemx/CMakeFiles/STM32_Drivers.dir/__/__/Drivers/STM32G4xx_HAL_Driver/Src/stm32g4xx_hal_gpio.c.obj
                0x080064fe                HAL_GPIO_TogglePin
 .text.HAL_PWREx_ControlVoltageScaling
                0x08006510       0xb0 cmake/stm32cubemx/CMakeFiles/STM32_Drivers.dir/__/__/Drivers/STM32G4xx_HAL_Driver/Src/stm32g4xx_hal_pwr_ex.c.obj
                0x08006510                HAL_PWREx_ControlVoltageScaling
 .text.HAL_PWREx_DisableUCPDDeadBattery
                0x080065c0       0x10 cmake/stm32cubemx/CMakeFiles/STM32_Drivers.dir/__/__/Drivers/STM32G4xx_HAL_Driver/Src/stm32g4xx_hal_pwr_ex.c.obj
                0x080065c0                HAL_PWREx_DisableUCPDDeadBattery
 .text.HAL_NVIC_SetPriorityGrouping
                0x080065d0       0x24 cmake/stm32cubemx/CMakeFiles/STM32_Drivers.dir/__/__/Drivers/STM32G4xx_HAL_Driver/Src/stm32g4xx_hal_cortex.c.obj
                0x080065d0                HAL_NVIC_SetPriorityGrouping
 .text.HAL_NVIC_SetPriority
                0x080065f4       0x64 cmake/stm32cubemx/CMakeFiles/STM32_Drivers.dir/__/__/Drivers/STM32G4xx_HAL_Driver/Src/stm32g4xx_hal_cortex.c.obj
                0x080065f4                HAL_NVIC_SetPriority
 .text.HAL_NVIC_EnableIRQ
                0x08006658       0x1c cmake/stm32cubemx/CMakeFiles/STM32_Drivers.dir/__/__/Drivers/STM32G4xx_HAL_Driver/Src/stm32g4xx_hal_cortex.c.obj
                0x08006658                HAL_NVIC_EnableIRQ
 .text.HAL_SYSTICK_Config
                0x08006674       0x28 cmake/stm32cubemx/CMakeFiles/STM32_Drivers.dir/__/__/Drivers/STM32G4xx_HAL_Driver/Src/stm32g4xx_hal_cortex.c.obj
                0x08006674                HAL_SYSTICK_Config
 .text.HAL_FDCAN_Init
                0x0800669c      0x1f8 cmake/stm32cubemx/CMakeFiles/STM32_Drivers.dir/__/__/Drivers/STM32G4xx_HAL_Driver/Src/stm32g4xx_hal_fdcan.c.obj
                0x0800669c                HAL_FDCAN_Init
 .text.HAL_FDCAN_ConfigFilter
                0x08006894       0x50 cmake/stm32cubemx/CMakeFiles/STM32_Drivers.dir/__/__/Drivers/STM32G4xx_HAL_Driver/Src/stm32g4xx_hal_fdcan.c.obj
                0x08006894                HAL_FDCAN_ConfigFilter
 .text.HAL_FDCAN_ConfigGlobalFilter
                0x080068e4       0x38 cmake/stm32cubemx/CMakeFiles/STM32_Drivers.dir/__/__/Drivers/STM32G4xx_HAL_Driver/Src/stm32g4xx_hal_fdcan.c.obj
                0x080068e4                HAL_FDCAN_ConfigGlobalFilter
 .text.HAL_FDCAN_Start
                0x0800691c       0x2c cmake/stm32cubemx/CMakeFiles/STM32_Drivers.dir/__/__/Drivers/STM32G4xx_HAL_Driver/Src/stm32g4xx_hal_fdcan.c.obj
                0x0800691c                HAL_FDCAN_Start
 .text.HAL_FDCAN_AddMessageToTxFifoQ
                0x08006948       0xc8 cmake/stm32cubemx/CMakeFiles/STM32_Drivers.dir/__/__/Drivers/STM32G4xx_HAL_Driver/Src/stm32g4xx_hal_fdcan.c.obj
                0x08006948                HAL_FDCAN_AddMessageToTxFifoQ
 .text.HAL_FDCAN_GetRxMessage
                0x08006a10      0x104 cmake/stm32cubemx/CMakeFiles/STM32_Drivers.dir/__/__/Drivers/STM32G4xx_HAL_Driver/Src/stm32g4xx_hal_fdcan.c.obj
                0x08006a10                HAL_FDCAN_GetRxMessage
 .text.HAL_FDCAN_ConfigInterruptLines
                0x08006b14       0x28 cmake/stm32cubemx/CMakeFiles/STM32_Drivers.dir/__/__/Drivers/STM32G4xx_HAL_Driver/Src/stm32g4xx_hal_fdcan.c.obj
                0x08006b14                HAL_FDCAN_ConfigInterruptLines
 .text.HAL_FDCAN_ActivateNotification
                0x08006b3c       0xda cmake/stm32cubemx/CMakeFiles/STM32_Drivers.dir/__/__/Drivers/STM32G4xx_HAL_Driver/Src/stm32g4xx_hal_fdcan.c.obj
                0x08006b3c                HAL_FDCAN_ActivateNotification
 .text.HAL_FDCAN_TxEventFifoCallback
                0x08006c16        0x2 cmake/stm32cubemx/CMakeFiles/STM32_Drivers.dir/__/__/Drivers/STM32G4xx_HAL_Driver/Src/stm32g4xx_hal_fdcan.c.obj
                0x08006c16                HAL_FDCAN_TxEventFifoCallback
 .text.HAL_FDCAN_RxFifo1Callback
                0x08006c18        0x2 cmake/stm32cubemx/CMakeFiles/STM32_Drivers.dir/__/__/Drivers/STM32G4xx_HAL_Driver/Src/stm32g4xx_hal_fdcan.c.obj
                0x08006c18                HAL_FDCAN_RxFifo1Callback
 .text.HAL_FDCAN_TxFifoEmptyCallback
                0x08006c1a        0x2 cmake/stm32cubemx/CMakeFiles/STM32_Drivers.dir/__/__/Drivers/STM32G4xx_HAL_Driver/Src/stm32g4xx_hal_fdcan.c.obj
                0x08006c1a                HAL_FDCAN_TxFifoEmptyCallback
 .text.HAL_FDCAN_TxBufferCompleteCallback
                0x08006c1c        0x2 cmake/stm32cubemx/CMakeFiles/STM32_Drivers.dir/__/__/Drivers/STM32G4xx_HAL_Driver/Src/stm32g4xx_hal_fdcan.c.obj
                0x08006c1c                HAL_FDCAN_TxBufferCompleteCallback
 .text.HAL_FDCAN_TxBufferAbortCallback
                0x08006c1e        0x2 cmake/stm32cubemx/CMakeFiles/STM32_Drivers.dir/__/__/Drivers/STM32G4xx_HAL_Driver/Src/stm32g4xx_hal_fdcan.c.obj
                0x08006c1e                HAL_FDCAN_TxBufferAbortCallback
 .text.HAL_FDCAN_TimestampWraparoundCallback
                0x08006c20        0x2 cmake/stm32cubemx/CMakeFiles/STM32_Drivers.dir/__/__/Drivers/STM32G4xx_HAL_Driver/Src/stm32g4xx_hal_fdcan.c.obj
                0x08006c20                HAL_FDCAN_TimestampWraparoundCallback
 .text.HAL_FDCAN_TimeoutOccurredCallback
                0x08006c22        0x2 cmake/stm32cubemx/CMakeFiles/STM32_Drivers.dir/__/__/Drivers/STM32G4xx_HAL_Driver/Src/stm32g4xx_hal_fdcan.c.obj
                0x08006c22                HAL_FDCAN_TimeoutOccurredCallback
 .text.HAL_FDCAN_HighPriorityMessageCallback
                0x08006c24        0x2 cmake/stm32cubemx/CMakeFiles/STM32_Drivers.dir/__/__/Drivers/STM32G4xx_HAL_Driver/Src/stm32g4xx_hal_fdcan.c.obj
                0x08006c24                HAL_FDCAN_HighPriorityMessageCallback
 .text.HAL_FDCAN_ErrorCallback
                0x08006c26        0x2 cmake/stm32cubemx/CMakeFiles/STM32_Drivers.dir/__/__/Drivers/STM32G4xx_HAL_Driver/Src/stm32g4xx_hal_fdcan.c.obj
                0x08006c26                HAL_FDCAN_ErrorCallback
 .text.HAL_FDCAN_ErrorStatusCallback
                0x08006c28        0x2 cmake/stm32cubemx/CMakeFiles/STM32_Drivers.dir/__/__/Drivers/STM32G4xx_HAL_Driver/Src/stm32g4xx_hal_fdcan.c.obj
                0x08006c28                HAL_FDCAN_ErrorStatusCallback
 .text.HAL_FDCAN_IRQHandler
                0x08006c2a      0x160 cmake/stm32cubemx/CMakeFiles/STM32_Drivers.dir/__/__/Drivers/STM32G4xx_HAL_Driver/Src/stm32g4xx_hal_fdcan.c.obj
                0x08006c2a                HAL_FDCAN_IRQHandler
 *fill*         0x08006d8a        0x2 
 .text.SPI_WaitFlagStateUntilTimeout.constprop.0
                0x08006d8c       0xa0 cmake/stm32cubemx/CMakeFiles/STM32_Drivers.dir/__/__/Drivers/STM32G4xx_HAL_Driver/Src/stm32g4xx_hal_spi.c.obj
 .text.SPI_WaitFifoStateUntilTimeout.constprop.0
                0x08006e2c       0xc4 cmake/stm32cubemx/CMakeFiles/STM32_Drivers.dir/__/__/Drivers/STM32G4xx_HAL_Driver/Src/stm32g4xx_hal_spi.c.obj
 .text.SPI_EndRxTransaction
                0x08006ef0       0x6e cmake/stm32cubemx/CMakeFiles/STM32_Drivers.dir/__/__/Drivers/STM32G4xx_HAL_Driver/Src/stm32g4xx_hal_spi.c.obj
 .text.SPI_EndRxTxTransaction
                0x08006f5e       0x44 cmake/stm32cubemx/CMakeFiles/STM32_Drivers.dir/__/__/Drivers/STM32G4xx_HAL_Driver/Src/stm32g4xx_hal_spi.c.obj
 .text.HAL_SPI_Init
                0x08006fa2       0xdc cmake/stm32cubemx/CMakeFiles/STM32_Drivers.dir/__/__/Drivers/STM32G4xx_HAL_Driver/Src/stm32g4xx_hal_spi.c.obj
                0x08006fa2                HAL_SPI_Init
 .text.HAL_SPI_Transmit
                0x0800707e      0x18c cmake/stm32cubemx/CMakeFiles/STM32_Drivers.dir/__/__/Drivers/STM32G4xx_HAL_Driver/Src/stm32g4xx_hal_spi.c.obj
                0x0800707e                HAL_SPI_Transmit
 .text.HAL_SPI_TransmitReceive
                0x0800720a      0x266 cmake/stm32cubemx/CMakeFiles/STM32_Drivers.dir/__/__/Drivers/STM32G4xx_HAL_Driver/Src/stm32g4xx_hal_spi.c.obj
                0x0800720a                HAL_SPI_TransmitReceive
 .text.HAL_SPI_Receive
                0x08007470      0x16a cmake/stm32cubemx/CMakeFiles/STM32_Drivers.dir/__/__/Drivers/STM32G4xx_HAL_Driver/Src/stm32g4xx_hal_spi.c.obj
                0x08007470                HAL_SPI_Receive
 .text.HAL_SPI_GetState
                0x080075da        0x6 cmake/stm32cubemx/CMakeFiles/STM32_Drivers.dir/__/__/Drivers/STM32G4xx_HAL_Driver/Src/stm32g4xx_hal_spi.c.obj
                0x080075da                HAL_SPI_GetState
 .text.TIM_OC1_SetConfig
                0x080075e0       0x80 cmake/stm32cubemx/CMakeFiles/STM32_Drivers.dir/__/__/Drivers/STM32G4xx_HAL_Driver/Src/stm32g4xx_hal_tim.c.obj
 .text.TIM_OC3_SetConfig
                0x08007660       0x8c cmake/stm32cubemx/CMakeFiles/STM32_Drivers.dir/__/__/Drivers/STM32G4xx_HAL_Driver/Src/stm32g4xx_hal_tim.c.obj
 .text.TIM_OC4_SetConfig
                0x080076ec       0x8c cmake/stm32cubemx/CMakeFiles/STM32_Drivers.dir/__/__/Drivers/STM32G4xx_HAL_Driver/Src/stm32g4xx_hal_tim.c.obj
 .text.TIM_OC5_SetConfig
                0x08007778       0x70 cmake/stm32cubemx/CMakeFiles/STM32_Drivers.dir/__/__/Drivers/STM32G4xx_HAL_Driver/Src/stm32g4xx_hal_tim.c.obj
 .text.TIM_OC6_SetConfig
                0x080077e8       0x70 cmake/stm32cubemx/CMakeFiles/STM32_Drivers.dir/__/__/Drivers/STM32G4xx_HAL_Driver/Src/stm32g4xx_hal_tim.c.obj
 .text.TIM_TI1_ConfigInputStage
                0x08007858       0x5c cmake/stm32cubemx/CMakeFiles/STM32_Drivers.dir/__/__/Drivers/STM32G4xx_HAL_Driver/Src/stm32g4xx_hal_tim.c.obj
 .text.TIM_TI2_ConfigInputStage
                0x080078b4       0x48 cmake/stm32cubemx/CMakeFiles/STM32_Drivers.dir/__/__/Drivers/STM32G4xx_HAL_Driver/Src/stm32g4xx_hal_tim.c.obj
 .text.HAL_TIM_Base_Start
                0x080078fc       0x74 cmake/stm32cubemx/CMakeFiles/STM32_Drivers.dir/__/__/Drivers/STM32G4xx_HAL_Driver/Src/stm32g4xx_hal_tim.c.obj
                0x080078fc                HAL_TIM_Base_Start
 .text.HAL_TIM_PWM_MspInit
                0x08007970        0x2 cmake/stm32cubemx/CMakeFiles/STM32_Drivers.dir/__/__/Drivers/STM32G4xx_HAL_Driver/Src/stm32g4xx_hal_tim.c.obj
                0x08007970                HAL_TIM_PWM_MspInit
 .text.HAL_TIM_OC_DelayElapsedCallback
                0x08007972        0x2 cmake/stm32cubemx/CMakeFiles/STM32_Drivers.dir/__/__/Drivers/STM32G4xx_HAL_Driver/Src/stm32g4xx_hal_tim.c.obj
                0x08007972                HAL_TIM_OC_DelayElapsedCallback
 .text.HAL_TIM_IC_CaptureCallback
                0x08007974        0x2 cmake/stm32cubemx/CMakeFiles/STM32_Drivers.dir/__/__/Drivers/STM32G4xx_HAL_Driver/Src/stm32g4xx_hal_tim.c.obj
                0x08007974                HAL_TIM_IC_CaptureCallback
 .text.HAL_TIM_PWM_PulseFinishedCallback
                0x08007976        0x2 cmake/stm32cubemx/CMakeFiles/STM32_Drivers.dir/__/__/Drivers/STM32G4xx_HAL_Driver/Src/stm32g4xx_hal_tim.c.obj
                0x08007976                HAL_TIM_PWM_PulseFinishedCallback
 .text.HAL_TIM_TriggerCallback
                0x08007978        0x2 cmake/stm32cubemx/CMakeFiles/STM32_Drivers.dir/__/__/Drivers/STM32G4xx_HAL_Driver/Src/stm32g4xx_hal_tim.c.obj
                0x08007978                HAL_TIM_TriggerCallback
 .text.HAL_TIM_IRQHandler
                0x0800797a      0x19e cmake/stm32cubemx/CMakeFiles/STM32_Drivers.dir/__/__/Drivers/STM32G4xx_HAL_Driver/Src/stm32g4xx_hal_tim.c.obj
                0x0800797a                HAL_TIM_IRQHandler
 .text.TIM_Base_SetConfig
                0x08007b18       0xb8 cmake/stm32cubemx/CMakeFiles/STM32_Drivers.dir/__/__/Drivers/STM32G4xx_HAL_Driver/Src/stm32g4xx_hal_tim.c.obj
                0x08007b18                TIM_Base_SetConfig
 .text.HAL_TIM_Base_Init
                0x08007bd0       0x60 cmake/stm32cubemx/CMakeFiles/STM32_Drivers.dir/__/__/Drivers/STM32G4xx_HAL_Driver/Src/stm32g4xx_hal_tim.c.obj
                0x08007bd0                HAL_TIM_Base_Init
 .text.HAL_TIM_PWM_Init
                0x08007c30       0x60 cmake/stm32cubemx/CMakeFiles/STM32_Drivers.dir/__/__/Drivers/STM32G4xx_HAL_Driver/Src/stm32g4xx_hal_tim.c.obj
                0x08007c30                HAL_TIM_PWM_Init
 .text.TIM_OC2_SetConfig
                0x08007c90       0x8c cmake/stm32cubemx/CMakeFiles/STM32_Drivers.dir/__/__/Drivers/STM32G4xx_HAL_Driver/Src/stm32g4xx_hal_tim.c.obj
                0x08007c90                TIM_OC2_SetConfig
 .text.HAL_TIM_PWM_ConfigChannel
                0x08007d1c       0xf8 cmake/stm32cubemx/CMakeFiles/STM32_Drivers.dir/__/__/Drivers/STM32G4xx_HAL_Driver/Src/stm32g4xx_hal_tim.c.obj
                0x08007d1c                HAL_TIM_PWM_ConfigChannel
 .text.TIM_ETR_SetConfig
                0x08007e14       0x14 cmake/stm32cubemx/CMakeFiles/STM32_Drivers.dir/__/__/Drivers/STM32G4xx_HAL_Driver/Src/stm32g4xx_hal_tim.c.obj
                0x08007e14                TIM_ETR_SetConfig
 .text.HAL_TIM_ConfigClockSource
                0x08007e28      0x144 cmake/stm32cubemx/CMakeFiles/STM32_Drivers.dir/__/__/Drivers/STM32G4xx_HAL_Driver/Src/stm32g4xx_hal_tim.c.obj
                0x08007e28                HAL_TIM_ConfigClockSource
 .text.TIM_CCxChannelCmd
                0x08007f6c       0x1c cmake/stm32cubemx/CMakeFiles/STM32_Drivers.dir/__/__/Drivers/STM32G4xx_HAL_Driver/Src/stm32g4xx_hal_tim.c.obj
                0x08007f6c                TIM_CCxChannelCmd
 .text.HAL_TIM_OC_Start
                0x08007f88      0x124 cmake/stm32cubemx/CMakeFiles/STM32_Drivers.dir/__/__/Drivers/STM32G4xx_HAL_Driver/Src/stm32g4xx_hal_tim.c.obj
                0x08007f88                HAL_TIM_OC_Start
 .text.HAL_TIM_PWM_Start
                0x080080ac        0x4 cmake/stm32cubemx/CMakeFiles/STM32_Drivers.dir/__/__/Drivers/STM32G4xx_HAL_Driver/Src/stm32g4xx_hal_tim.c.obj
                0x080080ac                HAL_TIM_PWM_Start
 .text.HAL_TIMEx_MasterConfigSynchronization
                0x080080b0       0xa0 cmake/stm32cubemx/CMakeFiles/STM32_Drivers.dir/__/__/Drivers/STM32G4xx_HAL_Driver/Src/stm32g4xx_hal_tim_ex.c.obj
                0x080080b0                HAL_TIMEx_MasterConfigSynchronization
 .text.HAL_TIMEx_ConfigBreakDeadTime
                0x08008150       0x9c cmake/stm32cubemx/CMakeFiles/STM32_Drivers.dir/__/__/Drivers/STM32G4xx_HAL_Driver/Src/stm32g4xx_hal_tim_ex.c.obj
                0x08008150                HAL_TIMEx_ConfigBreakDeadTime
 .text.HAL_TIMEx_CommutCallback
                0x080081ec        0x2 cmake/stm32cubemx/CMakeFiles/STM32_Drivers.dir/__/__/Drivers/STM32G4xx_HAL_Driver/Src/stm32g4xx_hal_tim_ex.c.obj
                0x080081ec                HAL_TIMEx_CommutCallback
 .text.HAL_TIMEx_BreakCallback
                0x080081ee        0x2 cmake/stm32cubemx/CMakeFiles/STM32_Drivers.dir/__/__/Drivers/STM32G4xx_HAL_Driver/Src/stm32g4xx_hal_tim_ex.c.obj
                0x080081ee                HAL_TIMEx_BreakCallback
 .text.HAL_TIMEx_Break2Callback
                0x080081f0        0x2 cmake/stm32cubemx/CMakeFiles/STM32_Drivers.dir/__/__/Drivers/STM32G4xx_HAL_Driver/Src/stm32g4xx_hal_tim_ex.c.obj
                0x080081f0                HAL_TIMEx_Break2Callback
 .text.HAL_TIMEx_EncoderIndexCallback
                0x080081f2        0x2 cmake/stm32cubemx/CMakeFiles/STM32_Drivers.dir/__/__/Drivers/STM32G4xx_HAL_Driver/Src/stm32g4xx_hal_tim_ex.c.obj
                0x080081f2                HAL_TIMEx_EncoderIndexCallback
 .text.HAL_TIMEx_DirectionChangeCallback
                0x080081f4        0x2 cmake/stm32cubemx/CMakeFiles/STM32_Drivers.dir/__/__/Drivers/STM32G4xx_HAL_Driver/Src/stm32g4xx_hal_tim_ex.c.obj
                0x080081f4                HAL_TIMEx_DirectionChangeCallback
 .text.HAL_TIMEx_IndexErrorCallback
                0x080081f6        0x2 cmake/stm32cubemx/CMakeFiles/STM32_Drivers.dir/__/__/Drivers/STM32G4xx_HAL_Driver/Src/stm32g4xx_hal_tim_ex.c.obj
                0x080081f6                HAL_TIMEx_IndexErrorCallback
 .text.HAL_TIMEx_TransitionErrorCallback
                0x080081f8        0x2 cmake/stm32cubemx/CMakeFiles/STM32_Drivers.dir/__/__/Drivers/STM32G4xx_HAL_Driver/Src/stm32g4xx_hal_tim_ex.c.obj
                0x080081f8                HAL_TIMEx_TransitionErrorCallback
 *(.glue_7)
 .glue_7        0x080081fa        0x0 linker stubs
 *(.glue_7t)
 .glue_7t       0x080081fa        0x0 linker stubs
 *(.eh_frame)
 *fill*         0x080081fa        0x2 
 .eh_frame      0x080081fc        0x0 /usr/lib/gcc/arm-none-eabi/14.2.1/thumb/v7e-m+fp/hard/crtbegin.o
 *(.init)
 .init          0x080081fc        0x4 /usr/lib/gcc/arm-none-eabi/14.2.1/thumb/v7e-m+fp/hard/crti.o
                0x080081fc                _init
 .init          0x08008200        0x8 /usr/lib/gcc/arm-none-eabi/14.2.1/thumb/v7e-m+fp/hard/crtn.o
 *(.fini)
 .fini          0x08008208        0x4 /usr/lib/gcc/arm-none-eabi/14.2.1/thumb/v7e-m+fp/hard/crti.o
                0x08008208                _fini
 .fini          0x0800820c        0x8 /usr/lib/gcc/arm-none-eabi/14.2.1/thumb/v7e-m+fp/hard/crtn.o
                0x08008214                        . = ALIGN (0x4)
                0x08008214                        _etext = .

.vfp11_veneer   0x08008214        0x0
 .vfp11_veneer  0x08008214        0x0 linker stubs

.v4_bx          0x08008214        0x0
 .v4_bx         0x08008214        0x0 linker stubs

.iplt           0x08008214        0x0
 .iplt          0x08008214        0x0 /usr/lib/gcc/arm-none-eabi/14.2.1/thumb/v7e-m+fp/hard/crtbegin.o

.rodata         0x08008218      0xaf8
                0x08008218                        . = ALIGN (0x4)
 *(.rodata)
 .rodata        0x08008218        0x8 /usr/lib/gcc/arm-none-eabi/14.2.1/../../../arm-none-eabi/lib/thumb/v7e-m+fp/hard/libm.a(libm_a-ef_fmod.o)
 .rodata        0x08008220       0x10 /usr/lib/gcc/arm-none-eabi/14.2.1/../../../arm-none-eabi/lib/thumb/v7e-m+fp/hard/libm.a(libm_a-e_fmod.o)
 *(.rodata*)
 .rodata.Error_Handler.str1.1
                0x08008230      0x18b CMakeFiles/x1.dir/Core/Src/main.c.obj
                                  0x8 (size before relaxing)
 .rodata.main.str1.1
                0x080083bb        0x0 CMakeFiles/x1.dir/Core/Src/main.c.obj
                                 0x14 (size before relaxing)
 .rodata.crc8_table
                0x080083bb      0x100 CMakeFiles/x1.dir/others/mt6835.c.obj
 .rodata.can_printf_cmd.str1.1
                0x080084bb        0x0 CMakeFiles/x1.dir/others/can_handler.c.obj
                                0x15f (size before relaxing)
 .rodata._DoInit.str1.1
                0x080084bb        0x0 CMakeFiles/x1.dir/others/SEGGER_RTT.c.obj
                                  0x9 (size before relaxing)
 .rodata._aInitStr.0
                0x080084bb       0x11 CMakeFiles/x1.dir/others/SEGGER_RTT.c.obj
 .rodata._aTerminalId
                0x080084cc       0x10 CMakeFiles/x1.dir/others/SEGGER_RTT.c.obj
 .rodata.SEGGER_RTT_vprintf.str1.1
                0x080084dc        0x0 CMakeFiles/x1.dir/others/SEGGER_RTT_printf.c.obj
                                  0x7 (size before relaxing)
 .rodata._aV2C.0
                0x080084dc       0x10 CMakeFiles/x1.dir/others/SEGGER_RTT_printf.c.obj
 .rodata.sinTable_f32
                0x080084ec      0x804 CMakeFiles/x1.dir/Drivers/CMSIS/DSP/Source/CommonTables/CommonTables.c.obj
                0x080084ec                sinTable_f32
 .rodata.AHBPrescTable
                0x08008cf0       0x10 cmake/stm32cubemx/CMakeFiles/STM32_Drivers.dir/__/__/Core/Src/system_stm32g4xx.c.obj
                0x08008cf0                AHBPrescTable
 .rodata.DLCtoBytes
                0x08008d00       0x10 cmake/stm32cubemx/CMakeFiles/STM32_Drivers.dir/__/__/Drivers/STM32G4xx_HAL_Driver/Src/stm32g4xx_hal_fdcan.c.obj
                0x08008d10                        . = ALIGN (0x4)

.ARM.extab      0x08008d10        0x0
                0x08008d10                        . = ALIGN (0x4)
 *(.ARM.extab* .gnu.linkonce.armextab.*)
                0x08008d10                        . = ALIGN (0x4)

.ARM            0x08008d10        0x8
                0x08008d10                        . = ALIGN (0x4)
                0x08008d10                        __exidx_start = .
 *(.ARM.exidx*)
 .ARM.exidx     0x08008d10        0x8 /usr/lib/gcc/arm-none-eabi/14.2.1/../../../arm-none-eabi/lib/thumb/v7e-m+fp/hard/libg_nano.a(libc_a-memcpy.o)
                0x08008d18                        __exidx_end = .
                0x08008d18                        . = ALIGN (0x4)

.preinit_array  0x08008d18        0x0
                0x08008d18                        . = ALIGN (0x4)
                0x08008d18                        PROVIDE (__preinit_array_start = .)
 *(.preinit_array*)
                0x08008d18                        PROVIDE (__preinit_array_end = .)
                0x08008d18                        . = ALIGN (0x4)

.init_array     0x08008d18        0x4
                0x08008d18                        . = ALIGN (0x4)
                0x08008d18                        PROVIDE (__init_array_start = .)
 *(SORT_BY_NAME(.init_array.*))
 *(.init_array*)
 .init_array    0x08008d18        0x4 /usr/lib/gcc/arm-none-eabi/14.2.1/thumb/v7e-m+fp/hard/crtbegin.o
                0x08008d1c                        PROVIDE (__init_array_end = .)
                0x08008d1c                        . = ALIGN (0x4)

.fini_array     0x08008d1c        0x4
                0x08008d1c                        . = ALIGN (0x4)
                0x08008d1c                        PROVIDE (__fini_array_start = .)
 *(SORT_BY_NAME(.fini_array.*))
 *(.fini_array*)
 .fini_array    0x08008d1c        0x4 /usr/lib/gcc/arm-none-eabi/14.2.1/thumb/v7e-m+fp/hard/crtbegin.o
                0x08008d20                        PROVIDE (__fini_array_end = .)
                0x08008d20                        . = ALIGN (0x4)
                0x08008d20                        _sidata = LOADADDR (.data)

.rel.dyn        0x08008d20        0x0
 .rel.iplt      0x08008d20        0x0 /usr/lib/gcc/arm-none-eabi/14.2.1/thumb/v7e-m+fp/hard/crtbegin.o

.data           0x20000000       0x8c load address 0x08008d20
                0x20000000                        . = ALIGN (0x4)
                0x20000000                        _sdata = .
 *(.data)
 .data          0x20000000       0x50 /usr/lib/gcc/arm-none-eabi/14.2.1/../../../arm-none-eabi/lib/thumb/v7e-m+fp/hard/libg_nano.a(libc_a-impure.o)
                0x20000000                _impure_ptr
                0x20000004                _impure_data
 *(.data*)
 .data.stru_config
                0x20000050        0xf CMakeFiles/x1.dir/others/drv_DRV835X.c.obj
                0x20000050                stru_config
 *fill*         0x2000005f        0x1 
 .data.SystemCoreClock
                0x20000060        0x4 cmake/stm32cubemx/CMakeFiles/STM32_Drivers.dir/__/__/Core/Src/system_stm32g4xx.c.obj
                0x20000060                SystemCoreClock
 .data.uwTickFreq
                0x20000064        0x4 cmake/stm32cubemx/CMakeFiles/STM32_Drivers.dir/__/__/Drivers/STM32G4xx_HAL_Driver/Src/stm32g4xx_hal.c.obj
                0x20000064                uwTickFreq
 .data.uwTickPrio
                0x20000068        0x4 cmake/stm32cubemx/CMakeFiles/STM32_Drivers.dir/__/__/Drivers/STM32G4xx_HAL_Driver/Src/stm32g4xx_hal.c.obj
                0x20000068                uwTickPrio
 .data.pFlash   0x2000006c       0x20 cmake/stm32cubemx/CMakeFiles/STM32_Drivers.dir/__/__/Drivers/STM32G4xx_HAL_Driver/Src/stm32g4xx_hal_flash.c.obj
                0x2000006c                pFlash
 *(.RamFunc)
 *(.RamFunc*)
                0x2000008c                        . = ALIGN (0x4)

.tm_clone_table
                0x2000008c        0x0 load address 0x08008dac
 .tm_clone_table
                0x2000008c        0x0 /usr/lib/gcc/arm-none-eabi/14.2.1/thumb/v7e-m+fp/hard/crtbegin.o
 .tm_clone_table
                0x2000008c        0x0 /usr/lib/gcc/arm-none-eabi/14.2.1/thumb/v7e-m+fp/hard/crtend.o

.igot.plt       0x2000008c        0x0 load address 0x08008dac
 .igot.plt      0x2000008c        0x0 /usr/lib/gcc/arm-none-eabi/14.2.1/thumb/v7e-m+fp/hard/crtbegin.o

.tdata          0x2000008c        0x0 load address 0x08008dac
 *(.tdata .tdata.* .gnu.linkonce.td.*)
                0x2000008c                        . = ALIGN (0x4)
                0x2000008c                        _edata = .
                [!provide]                        PROVIDE (__data_end = .)
                [!provide]                        PROVIDE (__tdata_end = .)
                [!provide]                        PROVIDE (__tdata_start = ADDR (.tdata))
                [!provide]                        PROVIDE (__tdata_size = (__tdata_end - __tdata_start))
                [!provide]                        PROVIDE (__data_start = ADDR (.data))
                [!provide]                        PROVIDE (__data_size = (__data_end - __data_start))
                [!provide]                        PROVIDE (__tdata_source = LOADADDR (.tdata))
                [!provide]                        PROVIDE (__tdata_source_end = (LOADADDR (.tdata) + SIZEOF (.tdata)))
                [!provide]                        PROVIDE (__tdata_source_size = (__tdata_source_end - __tdata_source))
                [!provide]                        PROVIDE (__data_source = LOADADDR (.data))
                [!provide]                        PROVIDE (__data_source_end = __tdata_source_end)
                [!provide]                        PROVIDE (__data_source_size = (__data_source_end - __data_source))

.tbss           0x2000008c        0x0 load address 0x08008dac
                0x2000008c                        _sbss = .
                0x2000008c                        __bss_start__ = _sbss
 *(.tbss .tbss.*)
                0x2000008c                        . = ALIGN (0x4)
                [!provide]                        PROVIDE (__tbss_end = .)
                [!provide]                        PROVIDE (__tbss_start = ADDR (.tbss))
                [!provide]                        PROVIDE (__tbss_size = (__tbss_end - __tbss_start))
                [!provide]                        PROVIDE (__tbss_offset = (ADDR (.tbss) - ADDR (.tdata)))
                [!provide]                        PROVIDE (__tls_base = __tdata_start)
                [!provide]                        PROVIDE (__tls_end = __tbss_end)
                [!provide]                        PROVIDE (__tls_size = (__tls_end - __tls_base))
                [!provide]                        PROVIDE (__tls_align = MAX (ALIGNOF (.tdata), ALIGNOF (.tbss)))
                [!provide]                        PROVIDE (__tls_size_align = (((__tls_size + __tls_align) - 0x1) & ~ ((__tls_align - 0x1))))
                [!provide]                        PROVIDE (__arm32_tls_tcb_offset = MAX (0x8, __tls_align))
                [!provide]                        PROVIDE (__arm64_tls_tcb_offset = MAX (0x10, __tls_align))

.bss            0x20000090     0x1094 load address 0x08008dac
 *(.bss)
 .bss           0x20000090       0x1c /usr/lib/gcc/arm-none-eabi/14.2.1/thumb/v7e-m+fp/hard/crtbegin.o
 .bss           0x200000ac        0x8 /usr/lib/gcc/arm-none-eabi/14.2.1/../../../arm-none-eabi/lib/thumb/v7e-m+fp/hard/libg_nano.a(libc_a-mallocr.o)
                0x200000ac                __malloc_sbrk_start
                0x200000b0                __malloc_free_list
 .bss           0x200000b4      0x13c /usr/lib/gcc/arm-none-eabi/14.2.1/../../../arm-none-eabi/lib/thumb/v7e-m+fp/hard/libg_nano.a(libc_a-findfp.o)
                0x200000b4                __sf
                0x200001ec                __stdio_exit_handler
 .bss           0x200001f0        0x4 /usr/lib/gcc/arm-none-eabi/14.2.1/../../../arm-none-eabi/lib/thumb/v7e-m+fp/hard/libg_nano.a(libc_a-reent.o)
                0x200001f0                errno
 *(.bss*)
 .bss.isoffset_done
                0x200001f4        0x4 CMakeFiles/x1.dir/Core/Src/main.c.obj
                0x200001f4                isoffset_done
 .bss.can_handler
                0x200001f8       0x88 CMakeFiles/x1.dir/Core/Src/main.c.obj
                0x200001f8                can_handler
 .bss.motorconfig
                0x20000280      0x248 CMakeFiles/x1.dir/Core/Src/main.c.obj
                0x20000280                motorconfig
 .bss.mt6816    0x200004c8       0x10 CMakeFiles/x1.dir/Core/Src/main.c.obj
                0x200004c8                mt6816
 .bss.mt6835    0x200004d8        0x4 CMakeFiles/x1.dir/Core/Src/main.c.obj
                0x200004d8                mt6835
 *fill*         0x200004dc        0x4 
 .bss.motor     0x200004e0      0x478 CMakeFiles/x1.dir/Core/Src/main.c.obj
                0x200004e0                motor
 .bss.fsm_motor
                0x20000958        0xc CMakeFiles/x1.dir/Core/Src/main.c.obj
                0x20000958                fsm_motor
 .bss.hadc1     0x20000964       0x6c CMakeFiles/x1.dir/Core/Src/adc.c.obj
                0x20000964                hadc1
 .bss.hfdcan1   0x200009d0       0x64 CMakeFiles/x1.dir/Core/Src/fdcan.c.obj
                0x200009d0                hfdcan1
 .bss.hspi3     0x20000a34       0x64 CMakeFiles/x1.dir/Core/Src/spi.c.obj
                0x20000a34                hspi3
 .bss.hspi2     0x20000a98       0x64 CMakeFiles/x1.dir/Core/Src/spi.c.obj
                0x20000a98                hspi2
 .bss.hspi1     0x20000afc       0x64 CMakeFiles/x1.dir/Core/Src/spi.c.obj
                0x20000afc                hspi1
 .bss.htim3     0x20000b60       0x4c CMakeFiles/x1.dir/Core/Src/tim.c.obj
                0x20000b60                htim3
 .bss.htim1     0x20000bac       0x4c CMakeFiles/x1.dir/Core/Src/tim.c.obj
                0x20000bac                htim1
 .bss.heap_end  0x20000bf8        0x4 CMakeFiles/x1.dir/Core/Src/sysmem.c.obj
 .bss.IC_offset_raw_all.42
                0x20000bfc        0x4 CMakeFiles/x1.dir/FOC/foc_alg.c.obj
 .bss.IB_offset_raw_all.43
                0x20000c00        0x4 CMakeFiles/x1.dir/FOC/foc_alg.c.obj
 .bss.IA_offset_raw_all.44
                0x20000c04        0x4 CMakeFiles/x1.dir/FOC/foc_alg.c.obj
 .bss.count.45  0x20000c08        0x4 CMakeFiles/x1.dir/FOC/foc_alg.c.obj
 .bss.data_.46  0x20000c0c        0xc CMakeFiles/x1.dir/FOC/foc_alg.c.obj
 .bss.Ta.68     0x20000c18        0x4 CMakeFiles/x1.dir/FOC/foc_alg.c.obj
 .bss.Tb.69     0x20000c1c        0x4 CMakeFiles/x1.dir/FOC/foc_alg.c.obj
 .bss.Tc.70     0x20000c20        0x4 CMakeFiles/x1.dir/FOC/foc_alg.c.obj
 .bss.Ty.72     0x20000c24        0x4 CMakeFiles/x1.dir/FOC/foc_alg.c.obj
 .bss.Tx.73     0x20000c28        0x4 CMakeFiles/x1.dir/FOC/foc_alg.c.obj
 .bss.Ipark.79  0x20000c2c        0x8 CMakeFiles/x1.dir/FOC/foc_alg.c.obj
 .bss.Iclark.81
                0x20000c34        0x8 CMakeFiles/x1.dir/FOC/foc_alg.c.obj
 .bss.Upark_N.85
                0x20000c3c        0x8 CMakeFiles/x1.dir/FOC/foc_alg.c.obj
 .bss.stru_DRV8353Obj
                0x20000c44       0x10 CMakeFiles/x1.dir/others/drv_DRV835X.c.obj
                0x20000c44                stru_DRV8353Obj
 .bss.data_len.0
                0x20000c54        0x4 CMakeFiles/x1.dir/others/flash.c.obj
 .bss.data_buf.1
                0x20000c58        0x4 CMakeFiles/x1.dir/others/flash.c.obj
 .bss.end_address.2
                0x20000c5c        0x4 CMakeFiles/x1.dir/others/flash.c.obj
 .bss.uw_address.3
                0x20000c60        0x4 CMakeFiles/x1.dir/others/flash.c.obj
 .bss._ActiveTerminal
                0x20000c64        0x1 CMakeFiles/x1.dir/others/SEGGER_RTT.c.obj
 .bss._acDownBuffer
                0x20000c65       0x10 CMakeFiles/x1.dir/others/SEGGER_RTT.c.obj
 .bss._acUpBuffer
                0x20000c75      0x400 CMakeFiles/x1.dir/others/SEGGER_RTT.c.obj
 *fill*         0x20001075        0x3 
 .bss._SEGGER_RTT
                0x20001078       0xa8 CMakeFiles/x1.dir/others/SEGGER_RTT.c.obj
                0x20001078                _SEGGER_RTT
 .bss.uwTick    0x20001120        0x4 cmake/stm32cubemx/CMakeFiles/STM32_Drivers.dir/__/__/Drivers/STM32G4xx_HAL_Driver/Src/stm32g4xx_hal.c.obj
                0x20001120                uwTick
 *(COMMON)
                0x20001124                        . = ALIGN (0x4)
                0x20001124                        _ebss = .
                0x20001124                        __bss_end__ = _ebss
                [!provide]                        PROVIDE (__bss_end = .)
                [!provide]                        PROVIDE (__non_tls_bss_start = ADDR (.bss))
                [!provide]                        PROVIDE (__bss_start = __tbss_start)
                [!provide]                        PROVIDE (__bss_size = (__bss_end - __bss_start))

._user_heap_stack
                0x20001124      0x604 load address 0x08008dac
                0x20001128                        . = ALIGN (0x8)
 *fill*         0x20001124        0x4 
                [!provide]                        PROVIDE (end = .)
                0x20001128                        PROVIDE (_end = .)
                0x20001328                        . = (. + _Min_Heap_Size)
 *fill*         0x20001128      0x200 
                0x20001728                        . = (. + _Min_Stack_Size)
 *fill*         0x20001328      0x400 
                0x20001728                        . = ALIGN (0x8)

/DISCARD/
 libc.a:*(*)
 libm.a:*(*)
 libgcc.a:*(*)
OUTPUT(x1.elf elf32-littlearm)
LOAD linker stubs

.ARM.attributes
                0x00000000       0x30
 .ARM.attributes
                0x00000000       0x22 /usr/lib/gcc/arm-none-eabi/14.2.1/thumb/v7e-m+fp/hard/crti.o
 .ARM.attributes
                0x00000022       0x34 /usr/lib/gcc/arm-none-eabi/14.2.1/thumb/v7e-m+fp/hard/crtbegin.o
 .ARM.attributes
                0x00000056       0x34 CMakeFiles/x1.dir/Core/Src/main.c.obj
 .ARM.attributes
                0x0000008a       0x34 CMakeFiles/x1.dir/Core/Src/gpio.c.obj
 .ARM.attributes
                0x000000be       0x34 CMakeFiles/x1.dir/Core/Src/adc.c.obj
 .ARM.attributes
                0x000000f2       0x34 CMakeFiles/x1.dir/Core/Src/fdcan.c.obj
 .ARM.attributes
                0x00000126       0x34 CMakeFiles/x1.dir/Core/Src/spi.c.obj
 .ARM.attributes
                0x0000015a       0x34 CMakeFiles/x1.dir/Core/Src/tim.c.obj
 .ARM.attributes
                0x0000018e       0x34 CMakeFiles/x1.dir/Core/Src/stm32g4xx_it.c.obj
 .ARM.attributes
                0x000001c2       0x34 CMakeFiles/x1.dir/Core/Src/stm32g4xx_hal_msp.c.obj
 .ARM.attributes
                0x000001f6       0x34 CMakeFiles/x1.dir/Core/Src/sysmem.c.obj
 .ARM.attributes
                0x0000022a       0x21 CMakeFiles/x1.dir/startup_stm32g474xx.s.obj
 .ARM.attributes
                0x0000024b       0x34 CMakeFiles/x1.dir/FOC/foc_alg.c.obj
 .ARM.attributes
                0x0000027f       0x34 CMakeFiles/x1.dir/FOC/foc_drv.c.obj
 .ARM.attributes
                0x000002b3       0x34 CMakeFiles/x1.dir/others/mt6835.c.obj
 .ARM.attributes
                0x000002e7       0x34 CMakeFiles/x1.dir/others/mt6835_stm32_spi_port.c.obj
 .ARM.attributes
                0x0000031b       0x34 CMakeFiles/x1.dir/others/MT6816.c.obj
 .ARM.attributes
                0x0000034f       0x34 CMakeFiles/x1.dir/others/can_handler.c.obj
 .ARM.attributes
                0x00000383       0x34 CMakeFiles/x1.dir/others/drv_DRV835X.c.obj
 .ARM.attributes
                0x000003b7       0x34 CMakeFiles/x1.dir/others/flash.c.obj
 .ARM.attributes
                0x000003eb       0x34 CMakeFiles/x1.dir/others/fsm.c.obj
 .ARM.attributes
                0x0000041f       0x34 CMakeFiles/x1.dir/others/SEGGER_RTT.c.obj
 .ARM.attributes
                0x00000453       0x34 CMakeFiles/x1.dir/others/SEGGER_RTT_printf.c.obj
 .ARM.attributes
                0x00000487       0x34 CMakeFiles/x1.dir/Drivers/CMSIS/DSP/Source/FastMathFunctions/arm_sin_f32.c.obj
 .ARM.attributes
                0x000004bb       0x34 CMakeFiles/x1.dir/Drivers/CMSIS/DSP/Source/FastMathFunctions/arm_cos_f32.c.obj
 .ARM.attributes
                0x000004ef       0x34 CMakeFiles/x1.dir/Drivers/CMSIS/DSP/Source/CommonTables/CommonTables.c.obj
 .ARM.attributes
                0x00000523       0x34 cmake/stm32cubemx/CMakeFiles/STM32_Drivers.dir/__/__/Core/Src/system_stm32g4xx.c.obj
 .ARM.attributes
                0x00000557       0x34 cmake/stm32cubemx/CMakeFiles/STM32_Drivers.dir/__/__/Drivers/STM32G4xx_HAL_Driver/Src/stm32g4xx_hal_adc.c.obj
 .ARM.attributes
                0x0000058b       0x34 cmake/stm32cubemx/CMakeFiles/STM32_Drivers.dir/__/__/Drivers/STM32G4xx_HAL_Driver/Src/stm32g4xx_hal_adc_ex.c.obj
 .ARM.attributes
                0x000005bf       0x34 cmake/stm32cubemx/CMakeFiles/STM32_Drivers.dir/__/__/Drivers/STM32G4xx_HAL_Driver/Src/stm32g4xx_hal.c.obj
 .ARM.attributes
                0x000005f3       0x34 cmake/stm32cubemx/CMakeFiles/STM32_Drivers.dir/__/__/Drivers/STM32G4xx_HAL_Driver/Src/stm32g4xx_hal_rcc.c.obj
 .ARM.attributes
                0x00000627       0x34 cmake/stm32cubemx/CMakeFiles/STM32_Drivers.dir/__/__/Drivers/STM32G4xx_HAL_Driver/Src/stm32g4xx_hal_rcc_ex.c.obj
 .ARM.attributes
                0x0000065b       0x34 cmake/stm32cubemx/CMakeFiles/STM32_Drivers.dir/__/__/Drivers/STM32G4xx_HAL_Driver/Src/stm32g4xx_hal_flash.c.obj
 .ARM.attributes
                0x0000068f       0x34 cmake/stm32cubemx/CMakeFiles/STM32_Drivers.dir/__/__/Drivers/STM32G4xx_HAL_Driver/Src/stm32g4xx_hal_flash_ex.c.obj
 .ARM.attributes
                0x000006c3       0x34 cmake/stm32cubemx/CMakeFiles/STM32_Drivers.dir/__/__/Drivers/STM32G4xx_HAL_Driver/Src/stm32g4xx_hal_gpio.c.obj
 .ARM.attributes
                0x000006f7       0x34 cmake/stm32cubemx/CMakeFiles/STM32_Drivers.dir/__/__/Drivers/STM32G4xx_HAL_Driver/Src/stm32g4xx_hal_pwr_ex.c.obj
 .ARM.attributes
                0x0000072b       0x34 cmake/stm32cubemx/CMakeFiles/STM32_Drivers.dir/__/__/Drivers/STM32G4xx_HAL_Driver/Src/stm32g4xx_hal_cortex.c.obj
 .ARM.attributes
                0x0000075f       0x34 cmake/stm32cubemx/CMakeFiles/STM32_Drivers.dir/__/__/Drivers/STM32G4xx_HAL_Driver/Src/stm32g4xx_hal_fdcan.c.obj
 .ARM.attributes
                0x00000793       0x34 cmake/stm32cubemx/CMakeFiles/STM32_Drivers.dir/__/__/Drivers/STM32G4xx_HAL_Driver/Src/stm32g4xx_hal_spi.c.obj
 .ARM.attributes
                0x000007c7       0x34 cmake/stm32cubemx/CMakeFiles/STM32_Drivers.dir/__/__/Drivers/STM32G4xx_HAL_Driver/Src/stm32g4xx_hal_tim.c.obj
 .ARM.attributes
                0x000007fb       0x34 cmake/stm32cubemx/CMakeFiles/STM32_Drivers.dir/__/__/Drivers/STM32G4xx_HAL_Driver/Src/stm32g4xx_hal_tim_ex.c.obj
 .ARM.attributes
                0x0000082f       0x34 /usr/lib/gcc/arm-none-eabi/14.2.1/../../../arm-none-eabi/lib/thumb/v7e-m+fp/hard/libm.a(libm_a-wf_fmod.o)
 .ARM.attributes
                0x00000863       0x34 /usr/lib/gcc/arm-none-eabi/14.2.1/../../../arm-none-eabi/lib/thumb/v7e-m+fp/hard/libm.a(libm_a-w_fmod.o)
 .ARM.attributes
                0x00000897       0x34 /usr/lib/gcc/arm-none-eabi/14.2.1/../../../arm-none-eabi/lib/thumb/v7e-m+fp/hard/libm.a(libm_a-ef_fmod.o)
 .ARM.attributes
                0x000008cb       0x34 /usr/lib/gcc/arm-none-eabi/14.2.1/../../../arm-none-eabi/lib/thumb/v7e-m+fp/hard/libm.a(libm_a-e_fmod.o)
 .ARM.attributes
                0x000008ff       0x22 /usr/lib/gcc/arm-none-eabi/14.2.1/thumb/v7e-m+fp/hard/libgcc.a(_arm_addsubdf3.o)
 .ARM.attributes
                0x00000921       0x22 /usr/lib/gcc/arm-none-eabi/14.2.1/thumb/v7e-m+fp/hard/libgcc.a(_arm_muldivdf3.o)
 .ARM.attributes
                0x00000943       0x22 /usr/lib/gcc/arm-none-eabi/14.2.1/thumb/v7e-m+fp/hard/libgcc.a(_arm_cmpdf2.o)
 .ARM.attributes
                0x00000965       0x22 /usr/lib/gcc/arm-none-eabi/14.2.1/thumb/v7e-m+fp/hard/libgcc.a(_arm_unorddf2.o)
 .ARM.attributes
                0x00000987       0x22 /usr/lib/gcc/arm-none-eabi/14.2.1/thumb/v7e-m+fp/hard/libgcc.a(_arm_fixdfsi.o)
 .ARM.attributes
                0x000009a9       0x22 /usr/lib/gcc/arm-none-eabi/14.2.1/thumb/v7e-m+fp/hard/libgcc.a(_arm_truncdfsf2.o)
 .ARM.attributes
                0x000009cb       0x20 /usr/lib/gcc/arm-none-eabi/14.2.1/../../../arm-none-eabi/lib/thumb/v7e-m+fp/hard/libg_nano.a(libc_a-memcpy.o)
 .ARM.attributes
                0x000009eb       0x34 /usr/lib/gcc/arm-none-eabi/14.2.1/../../../arm-none-eabi/lib/thumb/v7e-m+fp/hard/libg_nano.a(libc_a-memmove.o)
 .ARM.attributes
                0x00000a1f       0x34 /usr/lib/gcc/arm-none-eabi/14.2.1/../../../arm-none-eabi/lib/thumb/v7e-m+fp/hard/libg_nano.a(libc_a-mallocr.o)
 .ARM.attributes
                0x00000a53       0x34 /usr/lib/gcc/arm-none-eabi/14.2.1/../../../arm-none-eabi/lib/thumb/v7e-m+fp/hard/libg_nano.a(libc_a-malloc.o)
 .ARM.attributes
                0x00000a87       0x34 /usr/lib/gcc/arm-none-eabi/14.2.1/../../../arm-none-eabi/lib/thumb/v7e-m+fp/hard/libg_nano.a(libc_a-memset.o)
 .ARM.attributes
                0x00000abb       0x34 /usr/lib/gcc/arm-none-eabi/14.2.1/../../../arm-none-eabi/lib/thumb/v7e-m+fp/hard/libg_nano.a(libc_a-mlock.o)
 .ARM.attributes
                0x00000aef       0x34 /usr/lib/gcc/arm-none-eabi/14.2.1/../../../arm-none-eabi/lib/thumb/v7e-m+fp/hard/libg_nano.a(libc_a-errno.o)
 .ARM.attributes
                0x00000b23       0x34 /usr/lib/gcc/arm-none-eabi/14.2.1/../../../arm-none-eabi/lib/thumb/v7e-m+fp/hard/libg_nano.a(libc_a-init.o)
 .ARM.attributes
                0x00000b57       0x34 /usr/lib/gcc/arm-none-eabi/14.2.1/../../../arm-none-eabi/lib/thumb/v7e-m+fp/hard/libg_nano.a(libc_a-impure.o)
 .ARM.attributes
                0x00000b8b       0x34 /usr/lib/gcc/arm-none-eabi/14.2.1/../../../arm-none-eabi/lib/thumb/v7e-m+fp/hard/libg_nano.a(libc_a-findfp.o)
 .ARM.attributes
                0x00000bbf       0x34 /usr/lib/gcc/arm-none-eabi/14.2.1/../../../arm-none-eabi/lib/thumb/v7e-m+fp/hard/libg_nano.a(libc_a-sbrkr.o)
 .ARM.attributes
                0x00000bf3       0x34 /usr/lib/gcc/arm-none-eabi/14.2.1/../../../arm-none-eabi/lib/thumb/v7e-m+fp/hard/libg_nano.a(libc_a-freer.o)
 .ARM.attributes
                0x00000c27       0x34 /usr/lib/gcc/arm-none-eabi/14.2.1/../../../arm-none-eabi/lib/thumb/v7e-m+fp/hard/libg_nano.a(libc_a-reent.o)
 .ARM.attributes
                0x00000c5b       0x34 /usr/lib/gcc/arm-none-eabi/14.2.1/thumb/v7e-m+fp/hard/crtend.o
 .ARM.attributes
                0x00000c8f       0x22 /usr/lib/gcc/arm-none-eabi/14.2.1/thumb/v7e-m+fp/hard/crtn.o

.comment        0x00000000       0x26
 .comment       0x00000000       0x26 /usr/lib/gcc/arm-none-eabi/14.2.1/thumb/v7e-m+fp/hard/crtbegin.o
                                 0x27 (size before relaxing)
 .comment       0x00000026        0x0 CMakeFiles/x1.dir/Core/Src/main.c.obj
                                 0x27 (size before relaxing)
 .comment       0x00000026        0x0 CMakeFiles/x1.dir/Core/Src/gpio.c.obj
                                 0x27 (size before relaxing)
 .comment       0x00000026        0x0 CMakeFiles/x1.dir/Core/Src/adc.c.obj
                                 0x27 (size before relaxing)
 .comment       0x00000026        0x0 CMakeFiles/x1.dir/Core/Src/fdcan.c.obj
                                 0x27 (size before relaxing)
 .comment       0x00000026        0x0 CMakeFiles/x1.dir/Core/Src/spi.c.obj
                                 0x27 (size before relaxing)
 .comment       0x00000026        0x0 CMakeFiles/x1.dir/Core/Src/tim.c.obj
                                 0x27 (size before relaxing)
 .comment       0x00000026        0x0 CMakeFiles/x1.dir/Core/Src/stm32g4xx_it.c.obj
                                 0x27 (size before relaxing)
 .comment       0x00000026        0x0 CMakeFiles/x1.dir/Core/Src/stm32g4xx_hal_msp.c.obj
                                 0x27 (size before relaxing)
 .comment       0x00000026        0x0 CMakeFiles/x1.dir/Core/Src/sysmem.c.obj
                                 0x27 (size before relaxing)
 .comment       0x00000026        0x0 CMakeFiles/x1.dir/FOC/foc_alg.c.obj
                                 0x27 (size before relaxing)
 .comment       0x00000026        0x0 CMakeFiles/x1.dir/FOC/foc_drv.c.obj
                                 0x27 (size before relaxing)
 .comment       0x00000026        0x0 CMakeFiles/x1.dir/others/mt6835.c.obj
                                 0x27 (size before relaxing)
 .comment       0x00000026        0x0 CMakeFiles/x1.dir/others/mt6835_stm32_spi_port.c.obj
                                 0x27 (size before relaxing)
 .comment       0x00000026        0x0 CMakeFiles/x1.dir/others/MT6816.c.obj
                                 0x27 (size before relaxing)
 .comment       0x00000026        0x0 CMakeFiles/x1.dir/others/can_handler.c.obj
                                 0x27 (size before relaxing)
 .comment       0x00000026        0x0 CMakeFiles/x1.dir/others/drv_DRV835X.c.obj
                                 0x27 (size before relaxing)
 .comment       0x00000026        0x0 CMakeFiles/x1.dir/others/flash.c.obj
                                 0x27 (size before relaxing)
 .comment       0x00000026        0x0 CMakeFiles/x1.dir/others/fsm.c.obj
                                 0x27 (size before relaxing)
 .comment       0x00000026        0x0 CMakeFiles/x1.dir/others/SEGGER_RTT.c.obj
                                 0x27 (size before relaxing)
 .comment       0x00000026        0x0 CMakeFiles/x1.dir/others/SEGGER_RTT_printf.c.obj
                                 0x27 (size before relaxing)
 .comment       0x00000026        0x0 CMakeFiles/x1.dir/Drivers/CMSIS/DSP/Source/FastMathFunctions/arm_sin_f32.c.obj
                                 0x27 (size before relaxing)
 .comment       0x00000026        0x0 CMakeFiles/x1.dir/Drivers/CMSIS/DSP/Source/FastMathFunctions/arm_cos_f32.c.obj
                                 0x27 (size before relaxing)
 .comment       0x00000026        0x0 CMakeFiles/x1.dir/Drivers/CMSIS/DSP/Source/CommonTables/CommonTables.c.obj
                                 0x27 (size before relaxing)
 .comment       0x00000026        0x0 cmake/stm32cubemx/CMakeFiles/STM32_Drivers.dir/__/__/Core/Src/system_stm32g4xx.c.obj
                                 0x27 (size before relaxing)
 .comment       0x00000026        0x0 cmake/stm32cubemx/CMakeFiles/STM32_Drivers.dir/__/__/Drivers/STM32G4xx_HAL_Driver/Src/stm32g4xx_hal_adc.c.obj
                                 0x27 (size before relaxing)
 .comment       0x00000026        0x0 cmake/stm32cubemx/CMakeFiles/STM32_Drivers.dir/__/__/Drivers/STM32G4xx_HAL_Driver/Src/stm32g4xx_hal_adc_ex.c.obj
                                 0x27 (size before relaxing)
 .comment       0x00000026        0x0 cmake/stm32cubemx/CMakeFiles/STM32_Drivers.dir/__/__/Drivers/STM32G4xx_HAL_Driver/Src/stm32g4xx_hal.c.obj
                                 0x27 (size before relaxing)
 .comment       0x00000026        0x0 cmake/stm32cubemx/CMakeFiles/STM32_Drivers.dir/__/__/Drivers/STM32G4xx_HAL_Driver/Src/stm32g4xx_hal_rcc.c.obj
                                 0x27 (size before relaxing)
 .comment       0x00000026        0x0 cmake/stm32cubemx/CMakeFiles/STM32_Drivers.dir/__/__/Drivers/STM32G4xx_HAL_Driver/Src/stm32g4xx_hal_rcc_ex.c.obj
                                 0x27 (size before relaxing)
 .comment       0x00000026        0x0 cmake/stm32cubemx/CMakeFiles/STM32_Drivers.dir/__/__/Drivers/STM32G4xx_HAL_Driver/Src/stm32g4xx_hal_flash.c.obj
                                 0x27 (size before relaxing)
 .comment       0x00000026        0x0 cmake/stm32cubemx/CMakeFiles/STM32_Drivers.dir/__/__/Drivers/STM32G4xx_HAL_Driver/Src/stm32g4xx_hal_flash_ex.c.obj
                                 0x27 (size before relaxing)
 .comment       0x00000026        0x0 cmake/stm32cubemx/CMakeFiles/STM32_Drivers.dir/__/__/Drivers/STM32G4xx_HAL_Driver/Src/stm32g4xx_hal_gpio.c.obj
                                 0x27 (size before relaxing)
 .comment       0x00000026        0x0 cmake/stm32cubemx/CMakeFiles/STM32_Drivers.dir/__/__/Drivers/STM32G4xx_HAL_Driver/Src/stm32g4xx_hal_pwr_ex.c.obj
                                 0x27 (size before relaxing)
 .comment       0x00000026        0x0 cmake/stm32cubemx/CMakeFiles/STM32_Drivers.dir/__/__/Drivers/STM32G4xx_HAL_Driver/Src/stm32g4xx_hal_cortex.c.obj
                                 0x27 (size before relaxing)