/home/frycat/work/AAA_Projects/projects_me/motorcore/FOC/foc_alg.c:8:7:sgn	0	static
/home/frycat/work/AAA_Projects/projects_me/motorcore/FOC/foc_alg.c:24:7:Sat	0	static
/home/frycat/work/AAA_Projects/projects_me/motorcore/FOC/foc_alg.c:38:7:myabs	0	static
/home/frycat/work/AAA_Projects/projects_me/motorcore/FOC/foc_alg.c:50:7:round_to_decimal	24	static
/home/frycat/work/AAA_Projects/projects_me/motorcore/FOC/foc_alg.c:58:9:fast_round	0	static
/home/frycat/work/AAA_Projects/projects_me/motorcore/FOC/foc_alg.c:69:7:mymap	0	static
/home/frycat/work/AAA_Projects/projects_me/motorcore/FOC/foc_alg.c:74:6:reset_data_angle	0	static
/home/frycat/work/AAA_Projects/projects_me/motorcore/FOC/foc_alg.c:81:7:Limit_angle	32	static
/home/frycat/work/AAA_Projects/projects_me/motorcore/FOC/foc_alg.c:113:7:Limit_angle_el	0	static
/home/frycat/work/AAA_Projects/projects_me/motorcore/FOC/foc_alg.c:128:7:Limit_angle_flange	0	static
/home/frycat/work/AAA_Projects/projects_me/motorcore/FOC/foc_alg.c:137:7:update_angle	8	static
/home/frycat/work/AAA_Projects/projects_me/motorcore/FOC/foc_alg.c:185:7:Get_angle_el	0	static
/home/frycat/work/AAA_Projects/projects_me/motorcore/FOC/foc_alg.c:190:7:Calculate_angle_el	0	static
/home/frycat/work/AAA_Projects/projects_me/motorcore/FOC/foc_alg.c:195:7:Calculate_angle_flange	0	static
/home/frycat/work/AAA_Projects/projects_me/motorcore/FOC/foc_alg.c:200:7:Calculate_angle_NLLUT	8	static
/home/frycat/work/AAA_Projects/projects_me/motorcore/FOC/foc_alg.c:161:7:update_angle_NLLUT	8	static
/home/frycat/work/AAA_Projects/projects_me/motorcore/FOC/foc_alg.c:215:7:update_angle_flange	16	static
/home/frycat/work/AAA_Projects/projects_me/motorcore/FOC/foc_alg.c:222:7:update_angle_el	16	static
/home/frycat/work/AAA_Projects/projects_me/motorcore/FOC/foc_alg.c:229:7:Limit	0	static
/home/frycat/work/AAA_Projects/projects_me/motorcore/FOC/foc_alg.c:245:8:Calculate_Park_N	24	static
/home/frycat/work/AAA_Projects/projects_me/motorcore/FOC/foc_alg.c:259:8:update_Park_N	8	static
/home/frycat/work/AAA_Projects/projects_me/motorcore/FOC/foc_alg.c:268:8:Calculate_Clark_N	0	static
/home/frycat/work/AAA_Projects/projects_me/motorcore/FOC/foc_alg.c:280:8:update_Clark_N	8	static
/home/frycat/work/AAA_Projects/projects_me/motorcore/FOC/foc_alg.c:290:8:Calculate_Clark	0	static
/home/frycat/work/AAA_Projects/projects_me/motorcore/FOC/foc_alg.c:302:8:update_Clark	8	static
/home/frycat/work/AAA_Projects/projects_me/motorcore/FOC/foc_alg.c:311:8:Calculate_Park	24	static
/home/frycat/work/AAA_Projects/projects_me/motorcore/FOC/foc_alg.c:321:8:update_Park	8	static
/home/frycat/work/AAA_Projects/projects_me/motorcore/FOC/foc_alg.c:330:6:update_pwm	24	static
/home/frycat/work/AAA_Projects/projects_me/motorcore/FOC/foc_alg.c:366:6:set_pwm	24	static
/home/frycat/work/AAA_Projects/projects_me/motorcore/FOC/foc_alg.c:402:6:set_pwm_nodir	16	static
/home/frycat/work/AAA_Projects/projects_me/motorcore/FOC/foc_alg.c:420:5:Calculate_Sector	0	static
/home/frycat/work/AAA_Projects/projects_me/motorcore/FOC/foc_alg.c:438:5:update_Sector	8	static
/home/frycat/work/AAA_Projects/projects_me/motorcore/FOC/foc_alg.c:444:5:get_Sector	0	static
/home/frycat/work/AAA_Projects/projects_me/motorcore/FOC/foc_alg.c:449:7:Calculate_LPF	0	static
/home/frycat/work/AAA_Projects/projects_me/motorcore/FOC/foc_alg.c:470:7:Calculate_velocity_raw	0	static
/home/frycat/work/AAA_Projects/projects_me/motorcore/FOC/foc_alg.c:454:7:update_velocity_LPF	8	static
/home/frycat/work/AAA_Projects/projects_me/motorcore/FOC/foc_alg.c:463:7:update_velocity_raw	8	static
/home/frycat/work/AAA_Projects/projects_me/motorcore/FOC/foc_alg.c:492:7:Calculate_velocity_LPF	8	static
/home/frycat/work/AAA_Projects/projects_me/motorcore/FOC/foc_alg.c:498:7:get_velocity	0	static
/home/frycat/work/AAA_Projects/projects_me/motorcore/FOC/foc_alg.c:503:7:get_velocity_raw	0	static
/home/frycat/work/AAA_Projects/projects_me/motorcore/FOC/foc_alg.c:508:7:Calculate_PID	0	static
/home/frycat/work/AAA_Projects/projects_me/motorcore/FOC/foc_alg.c:530:7:Calculate_PID_IS	0	static
/home/frycat/work/AAA_Projects/projects_me/motorcore/FOC/foc_alg.c:552:7:Calculate_PID_IS_AIS	40	static
/home/frycat/work/AAA_Projects/projects_me/motorcore/FOC/foc_alg.c:579:6:update_svpwm	24	static
/home/frycat/work/AAA_Projects/projects_me/motorcore/FOC/foc_alg.c:671:6:set_svpwm	24	static
/home/frycat/work/AAA_Projects/projects_me/motorcore/FOC/foc_alg.c:766:6:set_svpwm_dir	24	static
/home/frycat/work/AAA_Projects/projects_me/motorcore/FOC/foc_alg.c:868:6:update_spwm	8	static
/home/frycat/work/AAA_Projects/projects_me/motorcore/FOC/foc_alg.c:880:6:set_spwm	8	static
/home/frycat/work/AAA_Projects/projects_me/motorcore/FOC/foc_alg.c:901:7:get_dt	8	static
/home/frycat/work/AAA_Projects/projects_me/motorcore/FOC/foc_alg.c:906:7:update_dt	8	static
/home/frycat/work/AAA_Projects/projects_me/motorcore/FOC/foc_alg.c:912:6:Calculate_Order_int	8	static
/home/frycat/work/AAA_Projects/projects_me/motorcore/FOC/foc_alg.c:960:8:Calculate_Order_float	0	static
/home/frycat/work/AAA_Projects/projects_me/motorcore/FOC/foc_alg.c:1008:5:update_IaIbIc	16	static
/home/frycat/work/AAA_Projects/projects_me/motorcore/FOC/foc_alg.c:1121:7:get_Ia	0	static
/home/frycat/work/AAA_Projects/projects_me/motorcore/FOC/foc_alg.c:1126:7:get_Ib	0	static
/home/frycat/work/AAA_Projects/projects_me/motorcore/FOC/foc_alg.c:1131:7:get_Ic	0	static
/home/frycat/work/AAA_Projects/projects_me/motorcore/FOC/foc_alg.c:1136:5:update_Ioffset_nonblock	16	static
/home/frycat/work/AAA_Projects/projects_me/motorcore/FOC/foc_alg.c:1237:6:update_Ioffset_block	16	static
/home/frycat/work/AAA_Projects/projects_me/motorcore/FOC/foc_alg.c:1242:7:get_Ia_offset	0	static
/home/frycat/work/AAA_Projects/projects_me/motorcore/FOC/foc_alg.c:1247:7:get_Ib_offset	0	static
/home/frycat/work/AAA_Projects/projects_me/motorcore/FOC/foc_alg.c:1252:7:get_Ic_offset	0	static
/home/frycat/work/AAA_Projects/projects_me/motorcore/FOC/foc_alg.c:1257:6:update_pole_pairs_sensor_block	40	static
/home/frycat/work/AAA_Projects/projects_me/motorcore/FOC/foc_alg.c:1287:6:update_pole_pairs_sensor_nonblock	32	static
/home/frycat/work/AAA_Projects/projects_me/motorcore/FOC/foc_alg.c:1354:6:update_2DIR_sensor_block	32	static
/home/frycat/work/AAA_Projects/projects_me/motorcore/FOC/foc_alg.c:1401:6:update_2DIR_sensor_nonblock	24	static
/home/frycat/work/AAA_Projects/projects_me/motorcore/FOC/foc_alg.c:1475:6:Calculate_PHASE	40	static
/home/frycat/work/AAA_Projects/projects_me/motorcore/FOC/foc_alg.c:1502:5:update_PHASE_nonblock	56	static
/home/frycat/work/AAA_Projects/projects_me/motorcore/FOC/foc_alg.c:1616:5:update_PHASE_block	24	static
/home/frycat/work/AAA_Projects/projects_me/motorcore/FOC/foc_alg.c:1628:6:update_angle_el_zero_no_sensor_block	16	static
/home/frycat/work/AAA_Projects/projects_me/motorcore/FOC/foc_alg.c:1808:6:map_samples_to_lut	56	static
/home/frycat/work/AAA_Projects/projects_me/motorcore/FOC/foc_alg.c:1846:6:update_NLLUT_encoder_sensor_block	64	static
/home/frycat/work/AAA_Projects/projects_me/motorcore/FOC/foc_alg.c:1893:6:update_NLLUT_encoder_sensor_nonblock	40	static
/home/frycat/work/AAA_Projects/projects_me/motorcore/FOC/foc_alg.c:2062:6:update_loopcount_rotor_block	40	static
/home/frycat/work/AAA_Projects/projects_me/motorcore/FOC/foc_alg.c:2201:6:ctrl_motor_openloop_velocity_el_nonblock	40	static
/home/frycat/work/AAA_Projects/projects_me/motorcore/FOC/foc_alg.c:2208:6:ctrl_motor_openloop_velocity_nonblock	40	static
/home/frycat/work/AAA_Projects/projects_me/motorcore/FOC/foc_alg.c:2216:7:ctrl_motor_openloop_angle_el_nonblock	48	static
/home/frycat/work/AAA_Projects/projects_me/motorcore/FOC/foc_alg.c:2236:6:ctrl_motor_openloop_angle_el_block	32	static
/home/frycat/work/AAA_Projects/projects_me/motorcore/FOC/foc_alg.c:2244:7:ctrl_motor_openloop_angle_nonblock	48	static
/home/frycat/work/AAA_Projects/projects_me/motorcore/FOC/foc_alg.c:1640:6:update_angle_el_zero_sensor_block	88	static
/home/frycat/work/AAA_Projects/projects_me/motorcore/FOC/foc_alg.c:1719:6:update_angle_el_zero_sensor_nonblock	56	static
/home/frycat/work/AAA_Projects/projects_me/motorcore/FOC/foc_alg.c:2083:6:update_NLLUT_and_angle_el_zero_sensor_block	104	static
/home/frycat/work/AAA_Projects/projects_me/motorcore/FOC/foc_alg.c:2265:6:Calculate_IdIq	24	static
/home/frycat/work/AAA_Projects/projects_me/motorcore/FOC/foc_alg.c:2285:6:ctrl_motor_openloop_angle_block	32	static
