/home/frycat/work/AAA_Projects/projects_me/motorcore/Core/Src/stm32g4xx_it.c:80:6:NMI_Handler	8	static
/home/frycat/work/AAA_Projects/projects_me/motorcore/Core/Src/stm32g4xx_it.c:96:6:HardFault_Handler	4	static
/home/frycat/work/AAA_Projects/projects_me/motorcore/Core/Src/stm32g4xx_it.c:111:6:MemManage_Handler	4	static
/home/frycat/work/AAA_Projects/projects_me/motorcore/Core/Src/stm32g4xx_it.c:126:6:BusFault_Handler	4	static
/home/frycat/work/AAA_Projects/projects_me/motorcore/Core/Src/stm32g4xx_it.c:141:6:UsageFault_Handler	4	static
/home/frycat/work/AAA_Projects/projects_me/motorcore/Core/Src/stm32g4xx_it.c:156:6:SVC_Handler	4	static
/home/frycat/work/AAA_Projects/projects_me/motorcore/Core/Src/stm32g4xx_it.c:169:6:DebugMon_Handler	4	static
/home/frycat/work/AAA_Projects/projects_me/motorcore/Core/Src/stm32g4xx_it.c:182:6:PendSV_Handler	4	static
/home/frycat/work/AAA_Projects/projects_me/motorcore/Core/Src/stm32g4xx_it.c:195:6:SysTick_Handler	8	static
/home/frycat/work/AAA_Projects/projects_me/motorcore/Core/Src/stm32g4xx_it.c:216:6:ADC1_2_IRQHandler	8	static
/home/frycat/work/AAA_Projects/projects_me/motorcore/Core/Src/stm32g4xx_it.c:246:6:FDCAN1_IT0_IRQHandler	8	static
/home/frycat/work/AAA_Projects/projects_me/motorcore/Core/Src/stm32g4xx_it.c:260:6:TIM1_UP_TIM16_IRQHandler	8	static
/home/frycat/work/AAA_Projects/projects_me/motorcore/Core/Src/stm32g4xx_it.c:279:6:HAL_FDCAN_RxFifo0Callback	16	static
/home/frycat/work/AAA_Projects/projects_me/motorcore/Core/Src/stm32g4xx_it.c:321:6:HAL_TIM_PeriodElapsedCallback	32	static
