/home/frycat/work/AAA_Projects/projects_me/motorcore/others/mt6835_stm32_spi_port.c:41:13:mt6835_spi_recv	0	static
/home/frycat/work/AAA_Projects/projects_me/motorcore/others/mt6835_stm32_spi_port.c:32:13:mt6835_spi_send	0	static
/home/frycat/work/AAA_Projects/projects_me/motorcore/others/mt6835_stm32_spi_port.c:50:13:mt6835_spi_send_recv	16	static
/home/frycat/work/AAA_Projects/projects_me/motorcore/others/mt6835_stm32_spi_port.c:24:13:mt6835_cs_control	0	static
/home/frycat/work/AAA_Projects/projects_me/motorcore/others/mt6835_stm32_spi_port.c:80:12:mt6835_stm32_spi_port_init	8	static
